Component: ARM Compiler 5.06 update 7 (build 960) Tool: armlink [4d3601]

==============================================================================

Section Cross References

    main.o(i.key_task) refers to event_groups.o(i.xEventGroupWaitBits) for xEventGroupWaitBits
    main.o(i.key_task) refers to __2printf.o(.text) for __2printf
    main.o(i.key_task) refers to queue.o(i.xQueueGenericSend) for xQueueGenericSend
    main.o(i.key_task) refers to beep.o(i.Beep_Voice) for Beep_Voice
    main.o(i.key_task) refers to delay.o(i.delay_ms) for delay_ms
    main.o(i.key_task) refers to main.o(.data) for Key_EventGroupHandle
    main.o(i.key_task) refers to beep.o(.bss) for Beep
    main.o(i.led0_task) refers to usart.o(i.u1_printf) for u1_printf
    main.o(i.main) refers to misc.o(i.NVIC_PriorityGroupConfig) for NVIC_PriorityGroupConfig
    main.o(i.main) refers to delay.o(i.delay_init) for delay_init
    main.o(i.main) refers to usart.o(i.uart_init) for uart_init
    main.o(i.main) refers to usart.o(i.USART1_TX_DMA_Config) for USART1_TX_DMA_Config
    main.o(i.main) refers to usart2.o(i.USART2_Init) for USART2_Init
    main.o(i.main) refers to usart3.o(i.usart3_init) for usart3_init
    main.o(i.main) refers to usart5.o(i.usart5_init) for usart5_init
    main.o(i.main) refers to led.o(i.LED_Init) for LED_Init
    main.o(i.main) refers to oled.o(i.OLED_Init) for OLED_Init
    main.o(i.main) refers to key.o(i.KEY_Init) for KEY_Init
    main.o(i.main) refers to tb6612.o(i.TB6612_Init) for TB6612_Init
    main.o(i.main) refers to pid.o(i.PID_Init) for PID_Init
    main.o(i.main) refers to adc.o(i.ADC4_Init) for ADC4_Init
    main.o(i.main) refers to beep.o(i.Beep_Init) for Beep_Init
    main.o(i.main) refers to timer.o(i.Timer2_PWM_Init) for Timer2_PWM_Init
    main.o(i.main) refers to timer.o(i.Timer3_Encoder_Init) for Timer3_Encoder_Init
    main.o(i.main) refers to timer.o(i.Timer4_Encoder_Init) for Timer4_Encoder_Init
    main.o(i.main) refers to timer.o(i.Timer5_Encoder_Init) for Timer5_Encoder_Init
    main.o(i.main) refers to timer.o(i.Timer8_Encoder_Init) for Timer8_Encoder_Init
    main.o(i.main) refers to stm32f10x_tim.o(i.TIM_SetCompare1) for TIM_SetCompare1
    main.o(i.main) refers to stm32f10x_tim.o(i.TIM_SetCompare2) for TIM_SetCompare2
    main.o(i.main) refers to stm32f10x_tim.o(i.TIM_SetCompare3) for TIM_SetCompare3
    main.o(i.main) refers to stm32f10x_tim.o(i.TIM_SetCompare4) for TIM_SetCompare4
    main.o(i.main) refers to tb6612.o(i.Car_Direction) for Car_Direction
    main.o(i.main) refers to tft.o(i.LCD_ShowChar) for LCD_ShowChar
    main.o(i.main) refers to tft.o(i.LCD_Clear) for LCD_Clear
    main.o(i.main) refers to __2printf.o(.text) for __2printf
    main.o(i.main) refers to tasks.o(i.xTaskCreate) for xTaskCreate
    main.o(i.main) refers to tasks.o(i.vTaskStartScheduler) for vTaskStartScheduler
    main.o(i.main) refers to tft.o(.data) for BACK_COLOR
    main.o(i.main) refers to main.o(.data) for StartTask_Handler
    main.o(i.main) refers to main.o(i.start_task) for start_task
    main.o(i.oled_task) refers to _printf_pad.o(.text) for _printf_pre_padding
    main.o(i.oled_task) refers to _printf_percent.o(.ARM.Collect$$_printf_percent$$00000000) for _printf_percent
    main.o(i.oled_task) refers to _printf_f.o(.ARM.Collect$$_printf_percent$$00000003) for _printf_f
    main.o(i.oled_task) refers to printf1.o(x$fpl$printf1) for _printf_fp_dec
    main.o(i.oled_task) refers to adc.o(i.output_voltage) for output_voltage
    main.o(i.oled_task) refers to f2d.o(x$fpl$f2d) for __aeabi_f2d
    main.o(i.oled_task) refers to __2sprintf.o(.text) for __2sprintf
    main.o(i.oled_task) refers to tft.o(i.LCD_ShowString) for LCD_ShowString
    main.o(i.oled_task) refers to delay.o(i.delay_ms) for delay_ms
    main.o(i.oled_task) refers to tb6612.o(.bss) for Car_1
    main.o(i.pid_task) refers to delay.o(i.delay_ms) for delay_ms
    main.o(i.play_music_task) refers to _printf_percent.o(.ARM.Collect$$_printf_percent$$00000000) for _printf_percent
    main.o(i.play_music_task) refers to _printf_d.o(.ARM.Collect$$_printf_percent$$00000009) for _printf_d
    main.o(i.play_music_task) refers to _printf_dec.o(.text) for _printf_int_dec
    main.o(i.play_music_task) refers to queue.o(i.xQueueSemaphoreTake) for xQueueSemaphoreTake
    main.o(i.play_music_task) refers to fflt_clz.o(x$fpl$ffltu) for __aeabi_ui2f
    main.o(i.play_music_task) refers to beep.o(i.Beep_Voice) for Beep_Voice
    main.o(i.play_music_task) refers to __2printf.o(.text) for __2printf
    main.o(i.play_music_task) refers to strlen.o(.text) for strlen
    main.o(i.play_music_task) refers to delay.o(i.delay_ms) for delay_ms
    main.o(i.play_music_task) refers to main.o(.data) for BEEP_Bin_SemaphoreHandle
    main.o(i.play_music_task) refers to main.o(.constdata) for f
    main.o(i.play_music_task) refers to beep.o(.bss) for Beep
    main.o(i.start_task) refers to port.o(i.vPortEnterCritical) for vPortEnterCritical
[...]
    _printf_int_common                       0x080007ff   Thumb Code   178  _printf_intcommon.o(.text)
    _printf_charcount                        0x080008b1   Thumb Code    40  _printf_charcount.o(.text)
    __lib_sel_fp_printf                      0x080008d9   Thumb Code     2  _printf_fp_dec.o(.text)
    _printf_fp_dec_real                      0x08000a8b   Thumb Code   620  _printf_fp_dec.o(.text)
    _printf_char_common                      0x08000d03   Thumb Code    32  _printf_char_common.o(.text)
    _sputc                                   0x08000d29   Thumb Code    10  _sputc.o(.text)
    _snputc                                  0x08000d33   Thumb Code    16  _snputc.o(.text)
    _printf_cs_common                        0x08000d43   Thumb Code    20  _printf_char.o(.text)
    _printf_char                             0x08000d57   Thumb Code    16  _printf_char.o(.text)
    _printf_string                           0x08000d67   Thumb Code     8  _printf_char.o(.text)
    _printf_char_file                        0x08000d71   Thumb Code    32  _printf_char_file.o(.text)
    _printf_wctomb                           0x08000d95   Thumb Code   182  _printf_wctomb.o(.text)
    _printf_longlong_dec                     0x08000e51   Thumb Code   108  _printf_longlong_dec.o(.text)
    _printf_longlong_oct                     0x08000ecd   Thumb Code    66  _printf_oct_int_ll.o(.text)
    _printf_int_oct                          0x08000f0f   Thumb Code    24  _printf_oct_int_ll.o(.text)
    _printf_ll_oct                           0x08000f27   Thumb Code    12  _printf_oct_int_ll.o(.text)
    _printf_longlong_hex                     0x08000f3d   Thumb Code    86  _printf_hex_int_ll_ptr.o(.text)
    _printf_int_hex                          0x08000f93   Thumb Code    28  _printf_hex_int_ll_ptr.o(.text)
    _printf_ll_hex                           0x08000faf   Thumb Code    12  _printf_hex_int_ll_ptr.o(.text)
    _printf_hex_ptr                          0x08000fbb   Thumb Code    18  _printf_hex_int_ll_ptr.o(.text)
    __aeabi_memcpy4                          0x08000fd1   Thumb Code     0  rt_memcpy_w.o(.text)
    __aeabi_memcpy8                          0x08000fd1   Thumb Code     0  rt_memcpy_w.o(.text)
    __rt_memcpy_w                            0x08000fd1   Thumb Code   100  rt_memcpy_w.o(.text)
    _memcpy_lastbytes_aligned                0x08001019   Thumb Code     0  rt_memcpy_w.o(.text)
    __aeabi_memclr                           0x08001035   Thumb Code     0  rt_memclr.o(.text)
    __rt_memclr                              0x08001035   Thumb Code    68  rt_memclr.o(.text)
    _memset                                  0x08001039   Thumb Code     0  rt_memclr.o(.text)
    __rt_locale                              0x08001079   Thumb Code     8  rt_locale_intlibspace.o(.text)
    _ll_udiv10                               0x08001081   Thumb Code   138  lludiv10.o(.text)
    _printf_fp_infnan                        0x0800110d   Thumb Code   112  _printf_fp_infnan.o(.text)
    _printf_lcs_common                       0x0800118d   Thumb Code    20  _printf_wchar.o(.text)
    _printf_wchar                            0x080011a1   Thumb Code    16  _printf_wchar.o(.text)
    _printf_wstring                          0x080011b1   Thumb Code     8  _printf_wchar.o(.text)
    _btod_etento                             0x080011b9   Thumb Code   224  bigflt0.o(.text)
    ferror                                   0x0800129d   Thumb Code     8  ferror.o(.text)
    _wcrtomb                                 0x080012a5   Thumb Code    64  _wcrtomb.o(.text)
    __user_libspace                          0x080012e5   Thumb Code     8  libspace.o(.text)
    __user_perproc_libspace                  0x080012e5   Thumb Code     0  libspace.o(.text)
    __user_perthread_libspace                0x080012e5   Thumb Code     0  libspace.o(.text)
    __user_setup_stackheap                   0x080012ed   Thumb Code    74  sys_stackheap_outer.o(.text)
    __rt_ctype_table                         0x08001339   Thumb Code    16  rt_ctype_table.o(.text)
    exit                                     0x08001349   Thumb Code    18  exit.o(.text)
    strcmp                                   0x0800135d   Thumb Code   128  strcmpv7m.o(.text)
    _btod_d2e                                0x080013dd   Thumb Code    62  btod.o(CL$$btod_d2e)
    _d2e_denorm_low                          0x0800141b   Thumb Code    70  btod.o(CL$$btod_d2e_denorm_low)
    _d2e_norm_op1                            0x08001461   Thumb Code    96  btod.o(CL$$btod_d2e_norm_op1)
    __btod_div_common                        0x080014c1   Thumb Code   696  btod.o(CL$$btod_div_common)
    _e2e                                     0x080017f9   Thumb Code   220  btod.o(CL$$btod_e2e)
    _btod_ediv                               0x080018d5   Thumb Code    42  btod.o(CL$$btod_ediv)
    _btod_emul                               0x080018ff   Thumb Code    42  btod.o(CL$$btod_emul)
    __btod_mult_common                       0x08001929   Thumb Code   580  btod.o(CL$$btod_mult_common)
    ADC4_Init                                0x08001b6d   Thumb Code   176  adc.o(i.ADC4_Init)
    ADC_Cmd                                  0x08001c2d   Thumb Code    22  stm32f10x_adc.o(i.ADC_Cmd)
    ADC_DMACmd                               0x08001c43   Thumb Code    22  stm32f10x_adc.o(i.ADC_DMACmd)
    ADC_DeInit                               0x08001c59   Thumb Code    78  stm32f10x_adc.o(i.ADC_DeInit)
    ADC_GetCalibrationStatus                 0x08001cb5   Thumb Code    20  stm32f10x_adc.o(i.ADC_GetCalibrationStatus)
    ADC_GetResetCalibrationStatus            0x08001cc9   Thumb Code    20  stm32f10x_adc.o(i.ADC_GetResetCalibrationStatus)
    ADC_Init                                 0x08001cdd   Thumb Code    70  stm32f10x_adc.o(i.ADC_Init)
    ADC_RegularChannelConfig                 0x08001d2d   Thumb Code   184  stm32f10x_adc.o(i.ADC_RegularChannelConfig)
    ADC_ResetCalibration                     0x08001de5   Thumb Code    10  stm32f10x_adc.o(i.ADC_ResetCalibration)
    ADC_SoftwareStartConvCmd                 0x08001def   Thumb Code    22  stm32f10x_adc.o(i.ADC_SoftwareStartConvCmd)
    ADC_StartCalibration                     0x08001e05   Thumb Code    10  stm32f10x_adc.o(i.ADC_StartCalibration)
    Address_set                              0x08001e0f   Thumb Code    90  tft.o(i.Address_set)
    Beep_Init                                0x08001e69   Thumb Code    58  beep.o(i.Beep_Init)
    Beep_Voice                               0x08001ea9   Thumb Code   226  beep.o(i.Beep_Voice)
    Boot_prompt_tone                         0x08001fad   Thumb Code    18  beep.o(i.Boot_prompt_tone)
    BusFault_Handler                         0x08001fc9   Thumb Code     4  stm32f10x_it.o(i.BusFault_Handler)
    Car_Direction                            0x08001fcd   Thumb Code   278  tb6612.o(i.Car_Direction)
    DMA1_Channel2_IRQHandler                 0x08002109   Thumb Code    42  usart3.o(i.DMA1_Channel2_IRQHandler)
    DMA1_Channel4_IRQHandler                 0x08002141   Thumb Code    44  usart.o(i.DMA1_Channel4_IRQHandler)
    DMA1_Channel7_IRQHandler                 0x08002179   Thumb Code    58  usart2.o(i.DMA1_Channel7_IRQHandler)
    DMA_ClearITPendingBit                    0x080021d1   Thumb Code    18  stm32f10x_dma.o(i.DMA_ClearITPendingBit)
    DMA_Cmd                                  0x080021ed   Thumb Code    24  stm32f10x_dma.o(i.DMA_Cmd)
    DMA_DeInit                               0x08002205   Thumb Code   324  stm32f10x_dma.o(i.DMA_DeInit)
    DMA_GetITStatus                          0x08002351   Thumb Code    36  stm32f10x_dma.o(i.DMA_GetITStatus)
    DMA_ITConfig                             0x0800237d   Thumb Code    18  stm32f10x_dma.o(i.DMA_ITConfig)
    DMA_Init                                 0x0800238f   Thumb Code    60  stm32f10x_dma.o(i.DMA_Init)
    DMA_USART1_Tx_Data                       0x080023cd   Thumb Code    40  usart.o(i.DMA_USART1_Tx_Data)
    DMA_USART2_Tx_Data                       0x080023fd   Thumb Code    56  usart2.o(i.DMA_USART2_Tx_Data)
    DMA_USART3_Tx_Data                       0x08002445   Thumb Code    50  usart3.o(i.DMA_USART3_Tx_Data)
    DebugMon_Handler                         0x08002489   Thumb Code     2  stm32f10x_it.o(i.DebugMon_Handler)
    EXTI9_5_IRQHandler                       0x0800248d   Thumb Code    66  key.o(i.EXTI9_5_IRQHandler)
    EXTI_ClearITPendingBit                   0x080024d9   Thumb Code     6  stm32f10x_exti.o(i.EXTI_ClearITPendingBit)
    EXTI_Init                                0x080024e5   Thumb Code   142  stm32f10x_exti.o(i.EXTI_Init)
    GPIO_EXTILineConfig                      0x08002579   Thumb Code    60  stm32f10x_gpio.o(i.GPIO_EXTILineConfig)
    GPIO_Init                                0x080025b9   Thumb Code   278  stm32f10x_gpio.o(i.GPIO_Init)
    GPIO_PinRemapConfig                      0x080026d1   Thumb Code   138  stm32f10x_gpio.o(i.GPIO_PinRemapConfig)
    GPIO_ReadInputDataBit                    0x08002761   Thumb Code    18  stm32f10x_gpio.o(i.GPIO_ReadInputDataBit)
    GPIO_ResetBits                           0x08002773   Thumb Code     4  stm32f10x_gpio.o(i.GPIO_ResetBits)
    GPIO_SetBits                             0x08002777   Thumb Code     4  stm32f10x_gpio.o(i.GPIO_SetBits)
    HardFault_Handler                        0x0800277b   Thumb Code     4  stm32f10x_it.o(i.HardFault_Handler)
    IIC_Start                                0x08002781   Thumb Code    36  oled.o(i.IIC_Start)
    IIC_Stop                                 0x080027a9   Thumb Code    28  oled.o(i.IIC_Stop)
    IIC_Wait_Ack                             0x080027c9   Thumb Code    20  oled.o(i.IIC_Wait_Ack)
    KEY_Init                                 0x080027e1   Thumb Code   178  key.o(i.KEY_Init)
    LCD_Clear                                0x0800289d   Thumb Code    44  tft.o(i.LCD_Clear)
    LCD_DrawPoint                            0x080028c9   Thumb Code    28  tft.o(i.LCD_DrawPoint)
    LCD_ShowChar                             0x080028e9   Thumb Code   214  tft.o(i.LCD_ShowChar)
    LCD_ShowString                           0x080029cd   Thumb Code    60  tft.o(i.LCD_ShowString)
    LCD_WR_DATA                              0x08002a09   Thumb Code    30  tft.o(i.LCD_WR_DATA)
    LCD_WR_DATA8                             0x08002a2d   Thumb Code    22  tft.o(i.LCD_WR_DATA8)
    LCD_WR_REG                               0x08002a49   Thumb Code    22  tft.o(i.LCD_WR_REG)
    LCD_Writ_Bus                             0x08002a65   Thumb Code    70  tft.o(i.LCD_Writ_Bus)
    LED_Init                                 0x08002ab1   Thumb Code    50  led.o(i.LED_Init)
    MYDMA_Init                               0x08002ae9   Thumb Code    82  adc.o(i.MYDMA_Init)
    MemManage_Handler                        0x08002b3b   Thumb Code     4  stm32f10x_it.o(i.MemManage_Handler)
    NMI_Handler                              0x08002b3f   Thumb Code     2  stm32f10x_it.o(i.NMI_Handler)
    NVIC_Init                                0x08002b41   Thumb Code   100  misc.o(i.NVIC_Init)
    NVIC_PriorityGroupConfig                 0x08002bb1   Thumb Code    10  misc.o(i.NVIC_PriorityGroupConfig)
    OLED_Clear                               0x08002bc5   Thumb Code    62  oled.o(i.OLED_Clear)
    OLED_Init                                0x08002c05   Thumb Code   296  oled.o(i.OLED_Init)
    OLED_WR_Byte                             0x08002d49   Thumb Code    24  oled.o(i.OLED_WR_Byte)
    PID_Init                                 0x08002d61   Thumb Code   282  pid.o(i.PID_Init)
    RCC_ADCCLKConfig                         0x08002e89   Thumb Code    18  stm32f10x_rcc.o(i.RCC_ADCCLKConfig)
    RCC_AHBPeriphClockCmd                    0x08002ea1   Thumb Code    26  stm32f10x_rcc.o(i.RCC_AHBPeriphClockCmd)
    RCC_APB1PeriphClockCmd                   0x08002ec1   Thumb Code    26  stm32f10x_rcc.o(i.RCC_APB1PeriphClockCmd)
    RCC_APB1PeriphResetCmd                   0x08002ee1   Thumb Code    26  stm32f10x_rcc.o(i.RCC_APB1PeriphResetCmd)
    RCC_APB2PeriphClockCmd                   0x08002f01   Thumb Code    26  stm32f10x_rcc.o(i.RCC_APB2PeriphClockCmd)
    RCC_APB2PeriphResetCmd                   0x08002f21   Thumb Code    26  stm32f10x_rcc.o(i.RCC_APB2PeriphResetCmd)
    RCC_GetClocksFreq                        0x08002f41   Thumb Code   192  stm32f10x_rcc.o(i.RCC_GetClocksFreq)
    SysTick_CLKSourceConfig                  0x080030fd   Thumb Code    40  misc.o(i.SysTick_CLKSourceConfig)
    SysTick_Handler                          0x08003125   Thumb Code    16  delay.o(i.SysTick_Handler)
    SystemInit                               0x08003135   Thumb Code    78  system_stm32f10x.o(i.SystemInit)
    TB6612_Init                              0x08003195   Thumb Code    76  tb6612.o(i.TB6612_Init)
    TIM1_UP_IRQHandler                       0x08003429   Thumb Code   230  timer.o(i.TIM1_UP_IRQHandler)
    TIM_ARRPreloadConfig                     0x0800352d   Thumb Code    24  stm32f10x_tim.o(i.TIM_ARRPreloadConfig)
    TIM_ClearFlag                            0x08003545   Thumb Code     6  stm32f10x_tim.o(i.TIM_ClearFlag)
    TIM_ClearITPendingBit                    0x0800354b   Thumb Code     6  stm32f10x_tim.o(i.TIM_ClearITPendingBit)
    TIM_Cmd                                  0x08003551   Thumb Code    24  stm32f10x_tim.o(i.TIM_Cmd)
    TIM_CtrlPWMOutputs                       0x08003569   Thumb Code    30  stm32f10x_tim.o(i.TIM_CtrlPWMOutputs)
    TIM_DeInit                               0x08003589   Thumb Code   424  stm32f10x_tim.o(i.TIM_DeInit)
    TIM_EncoderInterfaceConfig               0x08003771   Thumb Code    66  stm32f10x_tim.o(i.TIM_EncoderInterfaceConfig)
    TIM_GetITStatus                          0x080037b3   Thumb Code    34  stm32f10x_tim.o(i.TIM_GetITStatus)
    TIM_ICInit                               0x080037d5   Thumb Code   150  stm32f10x_tim.o(i.TIM_ICInit)
    TIM_ICStructInit                         0x08003881   Thumb Code    18  stm32f10x_tim.o(i.TIM_ICStructInit)
    TIM_ITConfig                             0x08003893   Thumb Code    18  stm32f10x_tim.o(i.TIM_ITConfig)
    TIM_OC1Init                              0x080038a5   Thumb Code   132  stm32f10x_tim.o(i.TIM_OC1Init)
    TIM_OC1PreloadConfig                     0x0800393d   Thumb Code    18  stm32f10x_tim.o(i.TIM_OC1PreloadConfig)
    TIM_OC2Init                              0x08003951   Thumb Code   154  stm32f10x_tim.o(i.TIM_OC2Init)
    TIM_OC2PreloadConfig                     0x080039f5   Thumb Code    26  stm32f10x_tim.o(i.TIM_OC2PreloadConfig)
    TIM_OC3Init                              0x08003a11   Thumb Code   150  stm32f10x_tim.o(i.TIM_OC3Init)
    TIM_OC3PreloadConfig                     0x08003ab1   Thumb Code    18  stm32f10x_tim.o(i.TIM_OC3PreloadConfig)
    TIM_OC4Init                              0x08003ac5   Thumb Code   114  stm32f10x_tim.o(i.TIM_OC4Init)
    TIM_OC4PreloadConfig                     0x08003b41   Thumb Code    26  stm32f10x_tim.o(i.TIM_OC4PreloadConfig)
    TIM_SetCompare1                          0x08003b5b   Thumb Code     4  stm32f10x_tim.o(i.TIM_SetCompare1)
    TIM_SetCompare2                          0x08003b5f   Thumb Code     4  stm32f10x_tim.o(i.TIM_SetCompare2)
    TIM_SetCompare3                          0x08003b63   Thumb Code     4  stm32f10x_tim.o(i.TIM_SetCompare3)
    TIM_SetCompare4                          0x08003b67   Thumb Code     6  stm32f10x_tim.o(i.TIM_SetCompare4)
    TIM_SetCounter                           0x08003b6d   Thumb Code     4  stm32f10x_tim.o(i.TIM_SetCounter)
    TIM_SetIC1Prescaler                      0x08003b71   Thumb Code    18  stm32f10x_tim.o(i.TIM_SetIC1Prescaler)
    TIM_SetIC2Prescaler                      0x08003b83   Thumb Code    26  stm32f10x_tim.o(i.TIM_SetIC2Prescaler)
    TIM_SetIC3Prescaler                      0x08003b9d   Thumb Code    18  stm32f10x_tim.o(i.TIM_SetIC3Prescaler)
    TIM_SetIC4Prescaler                      0x08003baf   Thumb Code    26  stm32f10x_tim.o(i.TIM_SetIC4Prescaler)
    TIM_TimeBaseInit                         0x08003bc9   Thumb Code   122  stm32f10x_tim.o(i.TIM_TimeBaseInit)
    TIM_TimeBaseStructInit                   0x08003c6d   Thumb Code    18  stm32f10x_tim.o(i.TIM_TimeBaseStructInit)
    Timer1_Init                              0x08003c81   Thumb Code    94  timer.o(i.Timer1_Init)
    Timer2_PWM_Init                          0x08003ce5   Thumb Code   242  timer.o(i.Timer2_PWM_Init)
    Timer3_Encoder_Init                      0x08003de9   Thumb Code   146  timer.o(i.Timer3_Encoder_Init)
    Timer4_Encoder_Init                      0x08003e85   Thumb Code   146  timer.o(i.Timer4_Encoder_Init)
    Timer5_Encoder_Init                      0x08003f21   Thumb Code   146  timer.o(i.Timer5_Encoder_Init)
    Timer8_Encoder_Init                      0x08003fbd   Thumb Code   146  timer.o(i.Timer8_Encoder_Init)
    UART5_IRQHandler                         0x08004059   Thumb Code    40  usart5.o(i.UART5_IRQHandler)
    USART1_IRQHandler                        0x08004089   Thumb Code   122  usart.o(i.USART1_IRQHandler)
    USART1_TX_DMA_Config                     0x08004111   Thumb Code   154  usart.o(i.USART1_TX_DMA_Config)
    USART2_IRQHandler                        0x080041b5   Thumb Code   126  usart2.o(i.USART2_IRQHandler)
    USART2_Init                              0x08004241   Thumb Code   186  usart2.o(i.USART2_Init)
    USART3_IRQHandler                        0x08004305   Thumb Code   134  usart3.o(i.USART3_IRQHandler)
    USART_ClearFlag                          0x0800439d   Thumb Code    18  stm32f10x_usart.o(i.USART_ClearFlag)
    USART_ClearITPendingBit                  0x080043af   Thumb Code    30  stm32f10x_usart.o(i.USART_ClearITPendingBit)
    USART_Cmd                                0x080043cd   Thumb Code    24  stm32f10x_usart.o(i.USART_Cmd)
    USART_DMACmd                             0x080043e5   Thumb Code    18  stm32f10x_usart.o(i.USART_DMACmd)
    USART_DeInit                             0x080043f9   Thumb Code   134  stm32f10x_usart.o(i.USART_DeInit)
    USART_GetITStatus                        0x08004495   Thumb Code    84  stm32f10x_usart.o(i.USART_GetITStatus)
    USART_ITConfig                           0x080044e9   Thumb Code    74  stm32f10x_usart.o(i.USART_ITConfig)
    USART_Init                               0x08004535   Thumb Code   210  stm32f10x_usart.o(i.USART_Init)
    USART_ReceiveData                        0x0800460d   Thumb Code    10  stm32f10x_usart.o(i.USART_ReceiveData)
    USART_SendData                           0x08004617   Thumb Code     8  stm32f10x_usart.o(i.USART_SendData)
    UsageFault_Handler                       0x0800461f   Thumb Code     4  stm32f10x_it.o(i.UsageFault_Handler)
    Usart2_DMA_Init                          0x08004625   Thumb Code   258  usart2.o(i.Usart2_DMA_Init)
    Usart3_DMA_Init                          0x08004739   Thumb Code   260  usart3.o(i.Usart3_DMA_Init)
    Write_IIC_Byte                           0x0800484d   Thumb Code    80  oled.o(i.Write_IIC_Byte)
    Write_IIC_Command                        0x080048a1   Thumb Code    44  oled.o(i.Write_IIC_Command)
    Write_IIC_Data                           0x080048cd   Thumb Code    44  oled.o(i.Write_IIC_Data)
    __ARM_fpclassify                         0x080048f9   Thumb Code    40  fpclassify.o(i.__ARM_fpclassify)
    _is_digit                                0x08004921   Thumb Code    14  __printf_wp.o(i._is_digit)
    _sys_exit                                0x0800492f   Thumb Code     4  usart.o(i._sys_exit)
    delay_init                               0x08004935   Thumb Code    74  delay.o(i.delay_init)
    delay_ms                                 0x08004991   Thumb Code    60  delay.o(i.delay_ms)
    delay_us                                 0x080049d1   Thumb Code    68  delay.o(i.delay_us)
    delay_xms                                0x08004a19   Thumb Code    24  delay.o(i.delay_xms)
    fputc                                    0x08004a31   Thumb Code    24  usart.o(i.fputc)
    key_task                                 0x08004a4d   Thumb Code   108  main.o(i.key_task)
    led0_task                                0x08004ae1   Thumb Code    24  main.o(i.led0_task)
    main                                     0x08004b0d   Thumb Code   270  main.o(i.main)
    oled_task                                0x08004c4d   Thumb Code    52  main.o(i.oled_task)
    output_voltage                           0x08004c8d   Thumb Code    64  adc.o(i.output_voltage)
    pid_task                                 0x08004cdd   Thumb Code    10  main.o(i.pid_task)
    play_music_task                          0x08004ce9   Thumb Code    92  main.o(i.play_music_task)
    pvPortMalloc                             0x080058a5   Thumb Code   302  heap_4.o(i.pvPortMalloc)
    pvTaskIncrementMutexHeldCount            0x08005a25   Thumb Code    26  tasks.o(i.pvTaskIncrementMutexHeldCount)
    pxPortInitialiseStack                    0x08005a45   Thumb Code    30  port.o(i.pxPortInitialiseStack)
    start_task                               0x08005a69   Thumb Code   202  main.o(i.start_task)
    u1_printf                                0x08005c29   Thumb Code    56  usart.o(i.u1_printf)
    uart_init                                0x08005c69   Thumb Code   152  usart.o(i.uart_init)
    usart3_init                              0x08005d09   Thumb Code   198  usart3.o(i.usart3_init)
    usart5_init                              0x08005ddd   Thumb Code   172  usart5.o(i.usart5_init)
    uxListRemove                             0x08005e99   Thumb Code    40  list.o(i.uxListRemove)
    uxTaskResetEventItemValue                0x08005ec1   Thumb Code    24  tasks.o(i.uxTaskResetEventItemValue)
    vEventGroupSetBitsCallback               0x08005edd   Thumb Code    16  event_groups.o(i.vEventGroupSetBitsCallback)
    vListInitialise                          0x08005eed   Thumb Code    26  list.o(i.vListInitialise)
    vListInitialiseItem                      0x08005f07   Thumb Code     6  list.o(i.vListInitialiseItem)
    vListInsert                              0x08005f0d   Thumb Code    52  list.o(i.vListInsert)
    vListInsertEnd                           0x08005f41   Thumb Code    24  list.o(i.vListInsertEnd)
    vPortEnterCritical                       0x08005f59   Thumb Code    68  port.o(i.vPortEnterCritical)
    vPortExitCritical                        0x08005fe1   Thumb Code    48  port.o(i.vPortExitCritical)
    vPortFree                                0x08006051   Thumb Code   130  heap_4.o(i.vPortFree)
    vPortSetupTimerInterrupt                 0x08006119   Thumb Code    36  port.o(i.vPortSetupTimerInterrupt)
    vPortValidateInterruptPriority           0x08006141   Thumb Code    86  port.o(i.vPortValidateInterruptPriority)
    vQueueAddToRegistry                      0x080061e1   Thumb Code    84  queue.o(i.vQueueAddToRegistry)
    vQueueWaitForMessageRestricted           0x0800625d   Thumb Code    74  queue.o(i.vQueueWaitForMessageRestricted)
    vTaskDelay                               0x080062a9   Thumb Code    72  tasks.o(i.vTaskDelay)
    vTaskDelete                              0x0800631d   Thumb Code   200  tasks.o(i.vTaskDelete)
    vTaskInternalSetTimeOutState             0x08006431   Thumb Code    14  tasks.o(i.vTaskInternalSetTimeOutState)
    vTaskMissedYield                         0x08006449   Thumb Code     8  tasks.o(i.vTaskMissedYield)
    vTaskPlaceOnEventList                    0x08006455   Thumb Code    42  tasks.o(i.vTaskPlaceOnEventList)
    vTaskPlaceOnEventListRestricted          0x080064a9   Thumb Code    84  tasks.o(i.vTaskPlaceOnEventListRestricted)
    vTaskPlaceOnUnorderedEventList           0x08006525   Thumb Code   114  tasks.o(i.vTaskPlaceOnUnorderedEventList)
    vTaskPriorityDisinheritAfterTimeout      0x080065c5   Thumb Code   248  tasks.o(i.vTaskPriorityDisinheritAfterTimeout)
    vTaskRemoveFromUnorderedEventList        0x080066ed   Thumb Code   230  tasks.o(i.vTaskRemoveFromUnorderedEventList)
    vTaskStartScheduler                      0x0800680d   Thumb Code   112  tasks.o(i.vTaskStartScheduler)
    vTaskSuspendAll                          0x080068c1   Thumb Code    12  tasks.o(i.vTaskSuspendAll)
    vTaskSwitchContext                       0x080068d1   Thumb Code   110  tasks.o(i.vTaskSwitchContext)
    xEventGroupCreate                        0x08006979   Thumb Code    26  event_groups.o(i.xEventGroupCreate)
    xEventGroupSetBits                       0x08006995   Thumb Code   186  event_groups.o(i.xEventGroupSetBits)
    xEventGroupSetBitsFromISR                0x08006a7d   Thumb Code    30  event_groups.o(i.xEventGroupSetBitsFromISR)
    xEventGroupWaitBits                      0x08006aa1   Thumb Code   298  event_groups.o(i.xEventGroupWaitBits)
    xPortStartScheduler                      0x08006bfd   Thumb Code   240  port.o(i.xPortStartScheduler)
    xPortSysTickHandler                      0x08006d3d   Thumb Code    46  port.o(i.xPortSysTickHandler)
    xQueueGenericCreate                      0x08006d71   Thumb Code    92  queue.o(i.xQueueGenericCreate)
    xQueueGenericReset                       0x08006df1   Thumb Code   194  queue.o(i.xQueueGenericReset)
    xQueueGenericSend                        0x08006edd   Thumb Code   426  queue.o(i.xQueueGenericSend)
    xQueueGenericSendFromISR                 0x080070b1   Thumb Code   270  queue.o(i.xQueueGenericSendFromISR)
    xQueueGiveFromISR                        0x080071e5   Thumb Code   240  queue.o(i.xQueueGiveFromISR)
    xQueueReceive                            0x080072f9   Thumb Code   326  queue.o(i.xQueueReceive)
    xQueueSemaphoreTake                      0x08007469   Thumb Code   394  queue.o(i.xQueueSemaphoreTake)
    xTaskCheckForTimeOut                     0x0800761d   Thumb Code   116  tasks.o(i.xTaskCheckForTimeOut)
    xTaskCreate                              0x080076bd   Thumb Code    96  tasks.o(i.xTaskCreate)
    xTaskGetSchedulerState                   0x0800771d   Thumb Code    24  tasks.o(i.xTaskGetSchedulerState)
    xTaskGetTickCount                        0x0800773d   Thumb Code     6  tasks.o(i.xTaskGetTickCount)
    xTaskIncrementTick                       0x08007749   Thumb Code   388  tasks.o(i.xTaskIncrementTick)
    xTaskPriorityDisinherit                  0x0800791d   Thumb Code   206  tasks.o(i.xTaskPriorityDisinherit)
    xTaskPriorityInherit                     0x08007a1d   Thumb Code   224  tasks.o(i.xTaskPriorityInherit)
    xTaskRemoveFromEventList                 0x08007b09   Thumb Code   254  tasks.o(i.xTaskRemoveFromEventList)
    xTaskResumeAll                           0x08007c45   Thumb Code   328  tasks.o(i.xTaskResumeAll)
    xTimerCreateTimerTask                    0x08007dd5   Thumb Code    56  timers.o(i.xTimerCreateTimerTask)
    xTimerPendFunctionCallFromISR            0x08007e49   Thumb Code    48  timers.o(i.xTimerPendFunctionCallFromISR)
    _get_lc_numeric                          0x08007e7d   Thumb Code    44  lc_numeric_c.o(locale$$code)
    _get_lc_ctype                            0x08007ea9   Thumb Code    44  lc_ctype_c.o(locale$$code)
    __aeabi_d2f                              0x08007ed5   Thumb Code     0  d2f.o(x$fpl$d2f)
    _d2f                                     0x08007ed5   Thumb Code    98  d2f.o(x$fpl$d2f)
    __aeabi_dadd                             0x08007f39   Thumb Code     0  daddsub_clz.o(x$fpl$dadd)
    _dadd                                    0x08007f39   Thumb Code   332  daddsub_clz.o(x$fpl$dadd)
    __aeabi_ddiv                             0x08008089   Thumb Code     0  ddiv.o(x$fpl$ddiv)
    _ddiv                                    0x08008089   Thumb Code   552  ddiv.o(x$fpl$ddiv)
    __aeabi_d2iz                             0x08008339   Thumb Code     0  dfix.o(x$fpl$dfix)
    _dfix                                    0x08008339   Thumb Code    94  dfix.o(x$fpl$dfix)
    __aeabi_d2uiz                            0x08008399   Thumb Code     0  dfixu.o(x$fpl$dfixu)
    _dfixu                                   0x08008399   Thumb Code    90  dfixu.o(x$fpl$dfixu)
    __aeabi_i2d                              0x080083f3   Thumb Code     0  dflt_clz.o(x$fpl$dflt)
    _dflt                                    0x080083f3   Thumb Code    46  dflt_clz.o(x$fpl$dflt)
    __aeabi_dmul                             0x08008421   Thumb Code     0  dmul.o(x$fpl$dmul)
    _dmul                                    0x08008421   Thumb Code   332  dmul.o(x$fpl$dmul)
    __fpl_dnaninf                            0x08008575   Thumb Code   156  dnaninf.o(x$fpl$dnaninf)
    __fpl_dretinf                            0x08008611   Thumb Code    12  dretinf.o(x$fpl$dretinf)
    __aeabi_dsub                             0x0800861d   Thumb Code     0  daddsub_clz.o(x$fpl$dsub)
    _dsub                                    0x0800861d   Thumb Code   464  daddsub_clz.o(x$fpl$dsub)
    __aeabi_f2d                              0x080087f1   Thumb Code     0  f2d.o(x$fpl$f2d)
    _f2d                                     0x080087f1   Thumb Code    86  f2d.o(x$fpl$f2d)
    __aeabi_fdiv                             0x08008849   Thumb Code     0  fdiv.o(x$fpl$fdiv)
    _fdiv                                    0x08008849   Thumb Code   384  fdiv.o(x$fpl$fdiv)
    __aeabi_f2iz                             0x080089cd   Thumb Code     0  ffix.o(x$fpl$ffix)
    _ffix                                    0x080089cd   Thumb Code    54  ffix.o(x$fpl$ffix)
    __aeabi_i2f                              0x08008a05   Thumb Code     0  fflt_clz.o(x$fpl$fflt)
    _fflt                                    0x08008a05   Thumb Code    48  fflt_clz.o(x$fpl$fflt)
    __aeabi_ui2f                             0x08008a35   Thumb Code     0  fflt_clz.o(x$fpl$ffltu)
    _ffltu                                   0x08008a35   Thumb Code    38  fflt_clz.o(x$fpl$ffltu)
    __aeabi_fmul                             0x08008a5d   Thumb Code     0  fmul.o(x$fpl$fmul)
    _fmul                                    0x08008a5d   Thumb Code   258  fmul.o(x$fpl$fmul)
    __fpl_fnaninf                            0x08008b5f   Thumb Code   140  fnaninf.o(x$fpl$fnaninf)
    __fpl_fretinf                            0x08008beb   Thumb Code    10  fretinf.o(x$fpl$fretinf)
    _printf_fp_dec                           0x08008bf5   Thumb Code     4  printf1.o(x$fpl$printf1)
    __I$use$fp                               0x08008bf8   Number         0  usenofp.o(x$fpl$usenofp)
    f                                        0x08008bf8   Data         324  main.o(.constdata)
    asc2_1608                                0x08008d3c   Data        1520  tft.o(.constdata)
    Region$$Table$$Base                      0x08009404   Number         0  anon$$obj.o(Region$$Table)
    Region$$Table$$Limit                     0x08009424   Number         0  anon$$obj.o(Region$$Table)
    __ctype                                  0x0800944d   Data           0  lc_ctype_c.o(locale$$data)
    JP                                       0x20000000   Data          80  main.o(.data)
    StartTask_Handler                        0x20000050   Data           4  main.o(.data)
    LED0Task_Handler                         0x20000054   Data           4  main.o(.data)
    OLEDTask_Handler                         0x20000058   Data           4  main.o(.data)
    PIDTask_Handler                          0x2000005c   Data           4  main.o(.data)
    KEYTask_Handler                          0x20000060   Data           4  main.o(.data)
    Play_MusicTask_Handler                   0x20000064   Data           4  main.o(.data)
    OLED_Bin_SemaphoreHandle                 0x20000068   Data           4  main.o(.data)
    BEEP_Bin_SemaphoreHandle                 0x2000006c   Data           4  main.o(.data)
    Key_EventGroupHandle                     0x20000070   Data           4  main.o(.data)
    SystemCoreClock                          0x20000074   Data           4  system_stm32f10x.o(.data)
    AHBPrescTable                            0x20000078   Data          16  system_stm32f10x.o(.data)
    hanzi                                    0x2000008c   Data         640  tft.o(.data)
    Hzk                                      0x2000030c   Data         448  tft.o(.data)
    BACK_COLOR                               0x200004cc   Data           4  tft.o(.data)
    POINT_COLOR                              0x200004d0   Data           4  tft.o(.data)
    witchbuf                                 0x200004d8   Data           1  usart.o(.data)
    USART1_TX_FLAG                           0x200004d9   Data           1  usart.o(.data)
    USART1_RX_FLAG                           0x200004da   Data           1  usart.o(.data)
    __stdout                                 0x200004dc   Data           4  usart.o(.data)
    USART_RX_STA                             0x200004e0   Data           2  usart.o(.data)
    pxCurrentTCB                             0x200004f8   Data           4  tasks.o(.data)
    uxTopUsedPriority                        0x20000530   Data           4  tasks.o(.data)
    Usart2_Handle                            0x20000578   Data         806  usart2.o(.bss)
    Usart3_Handle                            0x2000089e   Data        1406  usart3.o(.bss)
    Car_1                                    0x20000e1c   Data         344  tb6612.o(.bss)
    Beep                                     0x20000f78   Data          32  beep.o(.bss)
    USART1_TX_BUF                            0x20000f98   Data         100  usart.o(.bss)
    u1rxbuf                                  0x20000ffc   Data         100  usart.o(.bss)
    u2rxbuf                                  0x20001060   Data         100  usart.o(.bss)
    USART_RX_BUF                             0x200010c4   Data         200  usart.o(.bss)
    xQueueRegistry                           0x2000118c   Data          64  queue.o(.bss)
    __libspace_start                         0x200064d8   Data          96  libspace.o(.bss)
    __temporary_stack_top$libspace           0x20006538   Data           0  libspace.o(.bss)



==============================================================================

Memory Map of the image

  Image Entry point : 0x08000131

  Load Region LR_IROM1 (Base: 0x08000000, Size: 0x00009ac8, Max: 0x00040000, ABSOLUTE, COMPRESSED[0x00009770])

    Execution Region ER_IROM1 (Exec base: 0x08000000, Load base: 0x08000000, Size: 0x00009550, Max: 0x00040000, ABSOLUTE)

    Exec Addr    Load Addr    Size         Type   Attr      Idx    E Section Name        Object

    0x08000000   0x08000000   0x00000130   Data   RO         1277    RESET               startup_stm32f10x_hd.o
    0x08000130   0x08000130   0x00000008   Code   RO         4010  * !!!main             c_w.l(__main.o)
    0x08000138   0x08000138   0x00000034   Code   RO         4378    !!!scatter          c_w.l(__scatter.o)
    0x0800016c   0x0800016c   0x0000005a   Code   RO         4376    !!dczerorl2         c_w.l(__dczerorl2.o)
    0x080001c6   0x080001c6   0x00000002   PAD
    0x080001c8   0x080001c8   0x0000001c   Code   RO         4380    !!handler_zi        c_w.l(__scatter_zi.o)
    0x080001e4   0x080001e4   0x00000000   Code   RO         3995    .ARM.Collect$$_printf_percent$$00000000  c_w.l(_printf_percent.o)
    0x080001e4   0x080001e4   0x00000006   Code   RO         4129    .ARM.Collect$$_printf_percent$$00000001  c_w.l(_printf_n.o)
    0x080001ea   0x080001ea   0x00000006   Code   RO         4131    .ARM.Collect$$_printf_percent$$00000002  c_w.l(_printf_p.o)
    0x080001f0   0x080001f0   0x00000006   Code   RO         3994    .ARM.Collect$$_printf_percent$$00000003  c_w.l(_printf_f.o)
    0x080001f6   0x080001f6   0x00000006   Code   RO         4134    .ARM.Collect$$_printf_percent$$00000004  c_w.l(_printf_e.o)
    0x080001fc   0x080001fc   0x00000006   Code   RO         4135    .ARM.Collect$$_printf_percent$$00000005  c_w.l(_printf_g.o)
    0x08000202   0x08000202   0x00000006   Code   RO         4136    .ARM.Collect$$_printf_percent$$00000006  c_w.l(_printf_a.o)
    0x08000208   0x08000208   0x0000000a   Code   RO         4141    .ARM.Collect$$_printf_percent$$00000007  c_w.l(_printf_ll.o)
    0x08000212   0x08000212   0x00000006   Code   RO         4133    .ARM.Collect$$_printf_percent$$00000008  c_w.l(_printf_i.o)
    0x08000218   0x08000218   0x00000006   Code   RO         3992    .ARM.Collect$$_printf_percent$$00000009  c_w.l(_printf_d.o)
    0x0800021e   0x0800021e   0x00000006   Code   RO         3993    .ARM.Collect$$_printf_percent$$0000000A  c_w.l(_printf_u.o)
    0x08000224   0x08000224   0x00000006   Code   RO         4132    .ARM.Collect$$_printf_percent$$0000000B  c_w.l(_printf_o.o)
    0x0800022a   0x0800022a   0x00000006   Code   RO         4130    .ARM.Collect$$_printf_percent$$0000000C  c_w.l(_printf_x.o)
    0x08000230   0x08000230   0x00000006   Code   RO         4138    .ARM.Collect$$_printf_percent$$0000000D  c_w.l(_printf_lli.o)
    0x08000236   0x08000236   0x00000006   Code   RO         4139    .ARM.Collect$$_printf_percent$$0000000E  c_w.l(_printf_lld.o)
    0x0800023c   0x0800023c   0x00000006   Code   RO         4140    .ARM.Collect$$_printf_percent$$0000000F  c_w.l(_printf_llu.o)
    0x08000242   0x08000242   0x00000006   Code   RO         4145    .ARM.Collect$$_printf_percent$$00000010  c_w.l(_printf_llo.o)
    0x08000248   0x08000248   0x00000006   Code   RO         4146    .ARM.Collect$$_printf_percent$$00000011  c_w.l(_printf_llx.o)
    0x0800024e   0x0800024e   0x0000000a   Code   RO         4142    .ARM.Collect$$_printf_percent$$00000012  c_w.l(_printf_l.o)
    0x08000258   0x08000258   0x00000006   Code   RO         3990    .ARM.Collect$$_printf_percent$$00000013  c_w.l(_printf_c.o)
    0x0800025e   0x0800025e   0x00000006   Code   RO         3991    .ARM.Collect$$_printf_percent$$00000014  c_w.l(_printf_s.o)
    0x08000264   0x08000264   0x00000006   Code   RO         4143    .ARM.Collect$$_printf_percent$$00000015  c_w.l(_printf_lc.o)
    0x0800026a   0x0800026a   0x00000006   Code   RO         4144    .ARM.Collect$$_printf_percent$$00000016  c_w.l(_printf_ls.o)
    0x08000270   0x08000270   0x00000004   Code   RO         4137    .ARM.Collect$$_printf_percent$$00000017  c_w.l(_printf_percent_end.o)
    0x08000274   0x08000274   0x00000002   Code   RO         4248    .ARM.Collect$$libinit$$00000000  c_w.l(libinit.o)
    0x08000276   0x08000276   0x00000000   Code   RO         4250    .ARM.Collect$$libinit$$00000002  c_w.l(libinit2.o)
    0x08000276   0x08000276   0x00000000   Code   RO         4252    .ARM.Collect$$libinit$$00000004  c_w.l(libinit2.o)
    0x08000276   0x08000276   0x00000000   Code   RO         4255    .ARM.Collect$$libinit$$0000000A  c_w.l(libinit2.o)
    0x08000276   0x08000276   0x00000000   Code   RO         4257    .ARM.Collect$$libinit$$0000000C  c_w.l(libinit2.o)
    0x08000276   0x08000276   0x00000000   Code   RO         4259    .ARM.Collect$$libinit$$0000000E  c_w.l(libinit2.o)
    0x08000276   0x08000276   0x00000006   Code   RO         4260    .ARM.Collect$$libinit$$0000000F  c_w.l(libinit2.o)
    0x0800027c   0x0800027c   0x00000000   Code   RO         4262    .ARM.Collect$$libinit$$00000011  c_w.l(libinit2.o)
    0x0800027c   0x0800027c   0x0000000c   Code   RO         4263    .ARM.Collect$$libinit$$00000012  c_w.l(libinit2.o)
    0x08000288   0x08000288   0x00000000   Code   RO         4264    .ARM.Collect$$libinit$$00000013  c_w.l(libinit2.o)
    0x08000288   0x08000288   0x00000000   Code   RO         4266    .ARM.Collect$$libinit$$00000015  c_w.l(libinit2.o)
    0x08000288   0x08000288   0x0000000a   Code   RO         4267    .ARM.Collect$$libinit$$00000016  c_w.l(libinit2.o)
    0x08000292   0x08000292   0x00000000   Code   RO         4268    .ARM.Collect$$libinit$$00000017  c_w.l(libinit2.o)
    0x08000292   0x08000292   0x00000000   Code   RO         4270    .ARM.Collect$$libinit$$00000019  c_w.l(libinit2.o)
    0x08000292   0x08000292   0x00000000   Code   RO         4272    .ARM.Collect$$libinit$$0000001B  c_w.l(libinit2.o)
    0x08000292   0x08000292   0x00000000   Code   RO         4274    .ARM.Collect$$libinit$$0000001D  c_w.l(libinit2.o)
    0x08000292   0x08000292   0x00000000   Code   RO         4276    .ARM.Collect$$libinit$$0000001F  c_w.l(libinit2.o)
    0x08000292   0x08000292   0x00000000   Code   RO         4278    .ARM.Collect$$libinit$$00000021  c_w.l(libinit2.o)
    0x08000292   0x08000292   0x00000000   Code   RO         4280    .ARM.Collect$$libinit$$00000023  c_w.l(libinit2.o)
    0x08000292   0x08000292   0x00000000   Code   RO         4282    .ARM.Collect$$libinit$$00000025  c_w.l(libinit2.o)
    0x08000292   0x08000292   0x00000000   Code   RO         4286    .ARM.Collect$$libinit$$0000002C  c_w.l(libinit2.o)
    0x08000292   0x08000292   0x00000000   Code   RO         4288    .ARM.Collect$$libinit$$0000002E  c_w.l(libinit2.o)
    0x08000292   0x08000292   0x00000000   Code   RO         4290    .ARM.Collect$$libinit$$00000030  c_w.l(libinit2.o)
    0x08000292   0x08000292   0x00000000   Code   RO         4292    .ARM.Collect$$libinit$$00000032  c_w.l(libinit2.o)
    0x08000292   0x08000292   0x00000002   Code   RO         4293    .ARM.Collect$$libinit$$00000033  c_w.l(libinit2.o)
    0x08000294   0x08000294   0x00000002   Code   RO         4324    .ARM.Collect$$libshutdown$$00000000  c_w.l(libshutdown.o)
    0x08000296   0x08000296   0x00000000   Code   RO         4333    .ARM.Collect$$libshutdown$$00000002  c_w.l(libshutdown2.o)
    0x08000296   0x08000296   0x00000000   Code   RO         4335    .ARM.Collect$$libshutdown$$00000004  c_w.l(libshutdown2.o)
    0x08000296   0x08000296   0x00000000   Code   RO         4337    .ARM.Collect$$libshutdown$$00000006  c_w.l(libshutdown2.o)
    0x08000296   0x08000296   0x00000000   Code   RO         4340    .ARM.Collect$$libshutdown$$00000009  c_w.l(libshutdown2.o)
    0x08000296   0x08000296   0x00000000   Code   RO         4343    .ARM.Collect$$libshutdown$$0000000C  c_w.l(libshutdown2.o)
    0x08000296   0x08000296   0x00000000   Code   RO         4345    .ARM.Collect$$libshutdown$$0000000E  c_w.l(libshutdown2.o)
    0x08000296   0x08000296   0x00000000   Code   RO         4348    .ARM.Collect$$libshutdown$$00000011  c_w.l(libshutdown2.o)
    0x08000296   0x08000296   0x00000002   Code   RO         4349    .ARM.Collect$$libshutdown$$00000012  c_w.l(libshutdown2.o)
    0x08000298   0x08000298   0x00000000   Code   RO         4078    .ARM.Collect$$rtentry$$00000000  c_w.l(__rtentry.o)
    0x08000298   0x08000298   0x00000000   Code   RO         4165    .ARM.Collect$$rtentry$$00000002  c_w.l(__rtentry2.o)
    0x08000298   0x08000298   0x00000006   Code   RO         4177    .ARM.Collect$$rtentry$$00000004  c_w.l(__rtentry4.o)
    0x0800029e   0x0800029e   0x00000000   Code   RO         4167    .ARM.Collect$$rtentry$$00000009  c_w.l(__rtentry2.o)
    0x0800029e   0x0800029e   0x00000004   Code   RO         4168    .ARM.Collect$$rtentry$$0000000A  c_w.l(__rtentry2.o)
    0x080002a2   0x080002a2   0x00000000   Code   RO         4170    .ARM.Collect$$rtentry$$0000000C  c_w.l(__rtentry2.o)
    0x080002a2   0x080002a2   0x00000008   Code   RO         4171    .ARM.Collect$$rtentry$$0000000D  c_w.l(__rtentry2.o)
    0x080002aa   0x080002aa   0x00000002   Code   RO         4294    .ARM.Collect$$rtexit$$00000000  c_w.l(rtexit.o)
    0x080002ac   0x080002ac   0x00000000   Code   RO         4304    .ARM.Collect$$rtexit$$00000002  c_w.l(rtexit2.o)
    0x080002ac   0x080002ac   0x00000004   Code   RO         4305    .ARM.Collect$$rtexit$$00000003  c_w.l(rtexit2.o)
    0x080002b0   0x080002b0   0x00000006   Code   RO         4306    .ARM.Collect$$rtexit$$00000004  c_w.l(rtexit2.o)
    0x080002b6   0x080002b6   0x00000002   PAD
    0x080002b8   0x080002b8   0x00000096   Code   RO         3871    .emb_text           port.o
    0x0800034e   0x0800034e   0x00000002   PAD
    0x08000350   0x08000350   0x00000040   Code   RO         1278    .text               startup_stm32f10x_hd.o
    0x08000390   0x08000390   0x00000002   Code   RO         3950    .text               c_w.l(use_no_semi_2.o)
    0x08000392   0x08000392   0x00000002   PAD
    0x08000394   0x08000394   0x00000034   Code   RO         3952    .text               c_w.l(c89vsnprintf.o)
    0x080003c8   0x080003c8   0x00000018   Code   RO         3954    .text               c_w.l(__2printf.o)
    0x080003e0   0x080003e0   0x0000002c   Code   RO         3956    .text               c_w.l(__2sprintf.o)
    0x0800040c   0x0800040c   0x0000004e   Code   RO         3964    .text               c_w.l(_printf_pad.o)
    0x0800045a   0x0800045a   0x00000052   Code   RO         3966    .text               c_w.l(_printf_str.o)
    0x080004ac   0x080004ac   0x00000078   Code   RO         3968    .text               c_w.l(_printf_dec.o)
    0x08000524   0x08000524   0x00000188   Code   RO         3987    .text               c_w.l(__printf_flags_ss_wp.o)
    0x080006ac   0x080006ac   0x0000003e   Code   RO         3998    .text               c_w.l(strlen.o)
    0x080006ea   0x080006ea   0x0000008a   Code   RO         4000    .text               c_w.l(rt_memcpy_v6.o)
    0x08000774   0x08000774   0x00000010   Code   RO         4004    .text               c_w.l(aeabi_memset.o)
    0x08000784   0x08000784   0x0000004e   Code   RO         4006    .text               c_w.l(rt_memclr_w.o)
    0x080007d2   0x080007d2   0x00000006   Code   RO         4008    .text               c_w.l(heapauxi.o)
    0x080007d8   0x080007d8   0x00000002   Code   RO         4076    .text               c_w.l(use_no_semi.o)
    0x080007da   0x080007da   0x00000024   Code   RO         4079    .text               c_w.l(_printf_truncate.o)
    0x080007fe   0x080007fe   0x000000b2   Code   RO         4081    .text               c_w.l(_printf_intcommon.o)
    0x080008b0   0x080008b0   0x00000028   Code   RO         4083    .text               c_w.l(_printf_charcount.o)
    0x080008d8   0x080008d8   0x0000041e   Code   RO         4085    .text               c_w.l(_printf_fp_dec.o)
    0x08000cf6   0x08000cf6   0x00000002   PAD
    0x08000cf8   0x08000cf8   0x00000030   Code   RO         4087    .text               c_w.l(_printf_char_common.o)
    0x08000d28   0x08000d28   0x0000000a   Code   RO         4089    .text               c_w.l(_sputc.o)
    0x08000d32   0x08000d32   0x00000010   Code   RO         4091    .text               c_w.l(_snputc.o)
    0x08000d42   0x08000d42   0x0000002c   Code   RO         4093    .text               c_w.l(_printf_char.o)
    0x08000d6e   0x08000d6e   0x00000002   PAD
    0x08000d70   0x08000d70   0x00000024   Code   RO         4095    .text               c_w.l(_printf_char_file.o)
    0x08000d94   0x08000d94   0x000000bc   Code   RO         4097    .text               c_w.l(_printf_wctomb.o)
    0x08000e50   0x08000e50   0x0000007c   Code   RO         4100    .text               c_w.l(_printf_longlong_dec.o)
    0x08000ecc   0x08000ecc   0x00000070   Code   RO         4106    .text               c_w.l(_printf_oct_int_ll.o)
    0x08000f3c   0x08000f3c   0x00000094   Code   RO         4126    .text               c_w.l(_printf_hex_int_ll_ptr.o)
    0x08000fd0   0x08000fd0   0x00000064   Code   RO         4147    .text               c_w.l(rt_memcpy_w.o)
    0x08001034   0x08001034   0x00000044   Code   RO         4149    .text               c_w.l(rt_memclr.o)
    0x08001078   0x08001078   0x00000008   Code   RO         4182    .text               c_w.l(rt_locale_intlibspace.o)
    0x08001080   0x08001080   0x0000008a   Code   RO         4184    .text               c_w.l(lludiv10.o)
    0x0800110a   0x0800110a   0x00000002   PAD
    0x0800110c   0x0800110c   0x00000080   Code   RO         4186    .text               c_w.l(_printf_fp_infnan.o)
    0x0800118c   0x0800118c   0x0000002c   Code   RO         4190    .text               c_w.l(_printf_wchar.o)
    0x080011b8   0x080011b8   0x000000e4   Code   RO         4192    .text               c_w.l(bigflt0.o)
    0x0800129c   0x0800129c   0x00000008   Code   RO         4217    .text               c_w.l(ferror.o)
    0x080012a4   0x080012a4   0x00000040   Code   RO         4221    .text               c_w.l(_wcrtomb.o)
    0x080012e4   0x080012e4   0x00000008   Code   RO         4232    .text               c_w.l(libspace.o)
    0x080012ec   0x080012ec   0x0000004a   Code   RO         4235    .text               c_w.l(sys_stackheap_outer.o)
    0x08001336   0x08001336   0x00000002   PAD
    0x08001338   0x08001338   0x00000010   Code   RO         4237    .text               c_w.l(rt_ctype_table.o)
    0x08001348   0x08001348   0x00000012   Code   RO         4239    .text               c_w.l(exit.o)
    0x0800135a   0x0800135a   0x00000002   PAD
    0x0800135c   0x0800135c   0x00000080   Code   RO         4241    .text               c_w.l(strcmpv7m.o)
    0x080013dc   0x080013dc   0x0000003e   Code   RO         4195    CL$$btod_d2e        c_w.l(btod.o)
    0x0800141a   0x0800141a   0x00000046   Code   RO         4197    CL$$btod_d2e_denorm_low  c_w.l(btod.o)
    0x08001460   0x08001460   0x00000060   Code   RO         4196    CL$$btod_d2e_norm_op1  c_w.l(btod.o)
    0x080014c0   0x080014c0   0x00000338   Code   RO         4205    CL$$btod_div_common  c_w.l(btod.o)
    0x080017f8   0x080017f8   0x000000dc   Code   RO         4202    CL$$btod_e2e        c_w.l(btod.o)
    0x080018d4   0x080018d4   0x0000002a   Code   RO         4199    CL$$btod_ediv       c_w.l(btod.o)
    0x080018fe   0x080018fe   0x0000002a   Code   RO         4198    CL$$btod_emul       c_w.l(btod.o)
    0x08001928   0x08001928   0x00000244   Code   RO         4204    CL$$btod_mult_common  c_w.l(btod.o)
    0x08001b6c   0x08001b6c   0x000000c0   Code   RO          864    i.ADC4_Init         adc.o
    0x08001c2c   0x08001c2c   0x00000016   Code   RO         2420    i.ADC_Cmd           stm32f10x_adc.o
    0x08001c42   0x08001c42   0x00000016   Code   RO         2421    i.ADC_DMACmd        stm32f10x_adc.o
    0x08001c58   0x08001c58   0x0000005c   Code   RO         2422    i.ADC_DeInit        stm32f10x_adc.o
    0x08001cb4   0x08001cb4   0x00000014   Code   RO         2428    i.ADC_GetCalibrationStatus  stm32f10x_adc.o
    0x08001cc8   0x08001cc8   0x00000014   Code   RO         2434    i.ADC_GetResetCalibrationStatus  stm32f10x_adc.o
    0x08001cdc   0x08001cdc   0x00000050   Code   RO         2438    i.ADC_Init          stm32f10x_adc.o
    0x08001d2c   0x08001d2c   0x000000b8   Code   RO         2442    i.ADC_RegularChannelConfig  stm32f10x_adc.o
    0x08001de4   0x08001de4   0x0000000a   Code   RO         2443    i.ADC_ResetCalibration  stm32f10x_adc.o
    0x08001dee   0x08001dee   0x00000016   Code   RO         2445    i.ADC_SoftwareStartConvCmd  stm32f10x_adc.o
    0x08001e04   0x08001e04   0x0000000a   Code   RO         2447    i.ADC_StartCalibration  stm32f10x_adc.o
    0x08001e0e   0x08001e0e   0x0000005a   Code   RO          973    i.Address_set       tft.o
    0x08001e68   0x08001e68   0x00000040   Code   RO          896    i.Beep_Init         beep.o
    0x08001ea8   0x08001ea8   0x00000104   Code   RO          902    i.Beep_Voice        beep.o
    0x08001fac   0x08001fac   0x0000001c   Code   RO          903    i.Boot_prompt_tone  beep.o
    0x08001fc8   0x08001fc8   0x00000004   Code   RO          256    i.BusFault_Handler  stm32f10x_it.o
    0x08001fcc   0x08001fcc   0x0000013c   Code   RO          756    i.Car_Direction     tb6612.o
    0x08002108   0x08002108   0x00000038   Code   RO          666    i.DMA1_Channel2_IRQHandler  usart3.o
    0x08002140   0x08002140   0x00000038   Code   RO         1176    i.DMA1_Channel4_IRQHandler  usart.o
    0x08002178   0x08002178   0x00000058   Code   RO          598    i.DMA1_Channel7_IRQHandler  usart2.o
    0x080021d0   0x080021d0   0x0000001c   Code   RO         2637    i.DMA_ClearITPendingBit  stm32f10x_dma.o
    0x080021ec   0x080021ec   0x00000018   Code   RO         2638    i.DMA_Cmd           stm32f10x_dma.o
    0x08002204   0x08002204   0x0000014c   Code   RO         2639    i.DMA_DeInit        stm32f10x_dma.o
    0x08002350   0x08002350   0x0000002c   Code   RO         2642    i.DMA_GetITStatus   stm32f10x_dma.o
    0x0800237c   0x0800237c   0x00000012   Code   RO         2643    i.DMA_ITConfig      stm32f10x_dma.o
    0x0800238e   0x0800238e   0x0000003c   Code   RO         2644    i.DMA_Init          stm32f10x_dma.o
    0x080023ca   0x080023ca   0x00000002   PAD
    0x080023cc   0x080023cc   0x00000030   Code   RO         1177    i.DMA_USART1_Tx_Data  usart.o
    0x080023fc   0x080023fc   0x00000048   Code   RO          599    i.DMA_USART2_Tx_Data  usart2.o
    0x08002444   0x08002444   0x00000044   Code   RO          667    i.DMA_USART3_Tx_Data  usart3.o
    0x08002488   0x08002488   0x00000002   Code   RO          257    i.DebugMon_Handler  stm32f10x_it.o
    0x0800248a   0x0800248a   0x00000002   PAD
    0x0800248c   0x0800248c   0x0000004c   Code   RO          730    i.EXTI9_5_IRQHandler  key.o
    0x080024d8   0x080024d8   0x0000000c   Code   RO         2361    i.EXTI_ClearITPendingBit  stm32f10x_exti.o
    0x080024e4   0x080024e4   0x00000094   Code   RO         2366    i.EXTI_Init         stm32f10x_exti.o
    0x08002578   0x08002578   0x00000040   Code   RO         1285    i.GPIO_EXTILineConfig  stm32f10x_gpio.o
    0x080025b8   0x080025b8   0x00000116   Code   RO         1288    i.GPIO_Init         stm32f10x_gpio.o
    0x080026ce   0x080026ce   0x00000002   PAD
    0x080026d0   0x080026d0   0x00000090   Code   RO         1290    i.GPIO_PinRemapConfig  stm32f10x_gpio.o
    0x08002760   0x08002760   0x00000012   Code   RO         1292    i.GPIO_ReadInputDataBit  stm32f10x_gpio.o
    0x08002772   0x08002772   0x00000004   Code   RO         1295    i.GPIO_ResetBits    stm32f10x_gpio.o
    0x08002776   0x08002776   0x00000004   Code   RO         1296    i.GPIO_SetBits      stm32f10x_gpio.o
    0x0800277a   0x0800277a   0x00000004   Code   RO          258    i.HardFault_Handler  stm32f10x_it.o
    0x0800277e   0x0800277e   0x00000002   PAD
    0x08002780   0x08002780   0x00000028   Code   RO          446    i.IIC_Start         oled.o
    0x080027a8   0x080027a8   0x00000020   Code   RO          447    i.IIC_Stop          oled.o
    0x080027c8   0x080027c8   0x00000018   Code   RO          448    i.IIC_Wait_Ack      oled.o
    0x080027e0   0x080027e0   0x000000bc   Code   RO          731    i.KEY_Init          key.o
    0x0800289c   0x0800289c   0x0000002c   Code   RO          975    i.LCD_Clear         tft.o
    0x080028c8   0x080028c8   0x00000020   Code   RO          977    i.LCD_DrawPoint     tft.o
    0x080028e8   0x080028e8   0x000000e4   Code   RO          982    i.LCD_ShowChar      tft.o
    0x080029cc   0x080029cc   0x0000003c   Code   RO          984    i.LCD_ShowString    tft.o
    0x08002a08   0x08002a08   0x00000024   Code   RO          985    i.LCD_WR_DATA       tft.o
    0x08002a2c   0x08002a2c   0x0000001c   Code   RO          986    i.LCD_WR_DATA8      tft.o
    0x08002a48   0x08002a48   0x0000001c   Code   RO          987    i.LCD_WR_REG        tft.o
    0x08002a64   0x08002a64   0x0000004c   Code   RO          989    i.LCD_Writ_Bus      tft.o
    0x08002ab0   0x08002ab0   0x00000038   Code   RO          361    i.LED_Init          led.o
    0x08002ae8   0x08002ae8   0x00000052   Code   RO          865    i.MYDMA_Init        adc.o
    0x08002b3a   0x08002b3a   0x00000004   Code   RO          259    i.MemManage_Handler  stm32f10x_it.o
    0x08002b3e   0x08002b3e   0x00000002   Code   RO          260    i.NMI_Handler       stm32f10x_it.o
    0x08002b40   0x08002b40   0x00000070   Code   RO         1776    i.NVIC_Init         misc.o
    0x08002bb0   0x08002bb0   0x00000014   Code   RO         1777    i.NVIC_PriorityGroupConfig  misc.o
    0x08002bc4   0x08002bc4   0x0000003e   Code   RO          449    i.OLED_Clear        oled.o
    0x08002c02   0x08002c02   0x00000002   PAD
    0x08002c04   0x08002c04   0x00000144   Code   RO          453    i.OLED_Init         oled.o
    0x08002d48   0x08002d48   0x00000018   Code   RO          460    i.OLED_WR_Byte      oled.o
    0x08002d60   0x08002d60   0x00000128   Code   RO          809    i.PID_Init          pid.o
    0x08002e88   0x08002e88   0x00000018   Code   RO         1396    i.RCC_ADCCLKConfig  stm32f10x_rcc.o
    0x08002ea0   0x08002ea0   0x00000020   Code   RO         1397    i.RCC_AHBPeriphClockCmd  stm32f10x_rcc.o
    0x08002ec0   0x08002ec0   0x00000020   Code   RO         1398    i.RCC_APB1PeriphClockCmd  stm32f10x_rcc.o
    0x08002ee0   0x08002ee0   0x00000020   Code   RO         1399    i.RCC_APB1PeriphResetCmd  stm32f10x_rcc.o
    0x08002f00   0x08002f00   0x00000020   Code   RO         1400    i.RCC_APB2PeriphClockCmd  stm32f10x_rcc.o
    0x08002f20   0x08002f20   0x00000020   Code   RO         1401    i.RCC_APB2PeriphResetCmd  stm32f10x_rcc.o
    0x08002f40   0x08002f40   0x000000d4   Code   RO         1408    i.RCC_GetClocksFreq  stm32f10x_rcc.o
    0x08003014   0x08003014   0x00000008   Code   RO          327    i.SetSysClock       system_stm32f10x.o
    0x0800301c   0x0800301c   0x000000e0   Code   RO          328    i.SetSysClockTo72   system_stm32f10x.o
    0x080030fc   0x080030fc   0x00000028   Code   RO         1780    i.SysTick_CLKSourceConfig  misc.o
    0x08003124   0x08003124   0x00000010   Code   RO         1109    i.SysTick_Handler   delay.o
    0x08003134   0x08003134   0x00000060   Code   RO          330    i.SystemInit        system_stm32f10x.o
    0x08003194   0x08003194   0x00000054   Code   RO          761    i.TB6612_Init       tb6612.o
    0x080031e8   0x080031e8   0x00000080   Code   RO         1812    i.TI1_Config        stm32f10x_tim.o
    0x08003268   0x08003268   0x00000098   Code   RO         1813    i.TI2_Config        stm32f10x_tim.o
    0x08003300   0x08003300   0x00000090   Code   RO         1814    i.TI3_Config        stm32f10x_tim.o
    0x08003390   0x08003390   0x00000098   Code   RO         1815    i.TI4_Config        stm32f10x_tim.o
    0x08003428   0x08003428   0x00000104   Code   RO          374    i.TIM1_UP_IRQHandler  timer.o
    0x0800352c   0x0800352c   0x00000018   Code   RO         1816    i.TIM_ARRPreloadConfig  stm32f10x_tim.o
    0x08003544   0x08003544   0x00000006   Code   RO         1822    i.TIM_ClearFlag     stm32f10x_tim.o
    0x0800354a   0x0800354a   0x00000006   Code   RO         1823    i.TIM_ClearITPendingBit  stm32f10x_tim.o
    0x08003550   0x08003550   0x00000018   Code   RO         1828    i.TIM_Cmd           stm32f10x_tim.o
    0x08003568   0x08003568   0x0000001e   Code   RO         1830    i.TIM_CtrlPWMOutputs  stm32f10x_tim.o
    0x08003586   0x08003586   0x00000002   PAD
    0x08003588   0x08003588   0x000001e8   Code   RO         1833    i.TIM_DeInit        stm32f10x_tim.o
    0x08003770   0x08003770   0x00000042   Code   RO         1837    i.TIM_EncoderInterfaceConfig  stm32f10x_tim.o
    0x080037b2   0x080037b2   0x00000022   Code   RO         1849    i.TIM_GetITStatus   stm32f10x_tim.o
    0x080037d4   0x080037d4   0x000000ac   Code   RO         1851    i.TIM_ICInit        stm32f10x_tim.o
    0x08003880   0x08003880   0x00000012   Code   RO         1852    i.TIM_ICStructInit  stm32f10x_tim.o
    0x08003892   0x08003892   0x00000012   Code   RO         1853    i.TIM_ITConfig      stm32f10x_tim.o
    0x080038a4   0x080038a4   0x00000098   Code   RO         1857    i.TIM_OC1Init       stm32f10x_tim.o
    0x0800393c   0x0800393c   0x00000012   Code   RO         1860    i.TIM_OC1PreloadConfig  stm32f10x_tim.o
    0x0800394e   0x0800394e   0x00000002   PAD
    0x08003950   0x08003950   0x000000a4   Code   RO         1862    i.TIM_OC2Init       stm32f10x_tim.o
    0x080039f4   0x080039f4   0x0000001a   Code   RO         1865    i.TIM_OC2PreloadConfig  stm32f10x_tim.o
    0x08003a0e   0x08003a0e   0x00000002   PAD
    0x08003a10   0x08003a10   0x000000a0   Code   RO         1867    i.TIM_OC3Init       stm32f10x_tim.o
    0x08003ab0   0x08003ab0   0x00000012   Code   RO         1870    i.TIM_OC3PreloadConfig  stm32f10x_tim.o
    0x08003ac2   0x08003ac2   0x00000002   PAD
    0x08003ac4   0x08003ac4   0x0000007c   Code   RO         1872    i.TIM_OC4Init       stm32f10x_tim.o
    0x08003b40   0x08003b40   0x0000001a   Code   RO         1874    i.TIM_OC4PreloadConfig  stm32f10x_tim.o
    0x08003b5a   0x08003b5a   0x00000004   Code   RO         1889    i.TIM_SetCompare1   stm32f10x_tim.o
    0x08003b5e   0x08003b5e   0x00000004   Code   RO         1890    i.TIM_SetCompare2   stm32f10x_tim.o
    0x08003b62   0x08003b62   0x00000004   Code   RO         1891    i.TIM_SetCompare3   stm32f10x_tim.o
    0x08003b66   0x08003b66   0x00000006   Code   RO         1892    i.TIM_SetCompare4   stm32f10x_tim.o
    0x08003b6c   0x08003b6c   0x00000004   Code   RO         1893    i.TIM_SetCounter    stm32f10x_tim.o
    0x08003b70   0x08003b70   0x00000012   Code   RO         1894    i.TIM_SetIC1Prescaler  stm32f10x_tim.o
    0x08003b82   0x08003b82   0x0000001a   Code   RO         1895    i.TIM_SetIC2Prescaler  stm32f10x_tim.o
    0x08003b9c   0x08003b9c   0x00000012   Code   RO         1896    i.TIM_SetIC3Prescaler  stm32f10x_tim.o
    0x08003bae   0x08003bae   0x0000001a   Code   RO         1897    i.TIM_SetIC4Prescaler  stm32f10x_tim.o
    0x08003bc8   0x08003bc8   0x000000a4   Code   RO         1899    i.TIM_TimeBaseInit  stm32f10x_tim.o
    0x08003c6c   0x08003c6c   0x00000012   Code   RO         1900    i.TIM_TimeBaseStructInit  stm32f10x_tim.o
    0x08003c7e   0x08003c7e   0x00000002   PAD
    0x08003c80   0x08003c80   0x00000064   Code   RO          375    i.Timer1_Init       timer.o
    0x08003ce4   0x08003ce4   0x00000104   Code   RO          376    i.Timer2_PWM_Init   timer.o
    0x08003de8   0x08003de8   0x0000009c   Code   RO          377    i.Timer3_Encoder_Init  timer.o
    0x08003e84   0x08003e84   0x0000009c   Code   RO          378    i.Timer4_Encoder_Init  timer.o
    0x08003f20   0x08003f20   0x0000009c   Code   RO          379    i.Timer5_Encoder_Init  timer.o
    0x08003fbc   0x08003fbc   0x0000009c   Code   RO          380    i.Timer8_Encoder_Init  timer.o
    0x08004058   0x08004058   0x00000030   Code   RO          839    i.UART5_IRQHandler  usart5.o
    0x08004088   0x08004088   0x00000088   Code   RO         1178    i.USART1_IRQHandler  usart.o
    0x08004110   0x08004110   0x000000a4   Code   RO         1179    i.USART1_TX_DMA_Config  usart.o
    0x080041b4   0x080041b4   0x0000008c   Code   RO          600    i.USART2_IRQHandler  usart2.o
    0x08004240   0x08004240   0x000000c4   Code   RO          601    i.USART2_Init       usart2.o
    0x08004304   0x08004304   0x00000098   Code   RO          668    i.USART3_IRQHandler  usart3.o
    0x0800439c   0x0800439c   0x00000012   Code   RO         1596    i.USART_ClearFlag   stm32f10x_usart.o
    0x080043ae   0x080043ae   0x0000001e   Code   RO         1597    i.USART_ClearITPendingBit  stm32f10x_usart.o
    0x080043cc   0x080043cc   0x00000018   Code   RO         1600    i.USART_Cmd         stm32f10x_usart.o
    0x080043e4   0x080043e4   0x00000012   Code   RO         1601    i.USART_DMACmd      stm32f10x_usart.o
    0x080043f6   0x080043f6   0x00000002   PAD
    0x080043f8   0x080043f8   0x0000009c   Code   RO         1602    i.USART_DeInit      stm32f10x_usart.o
    0x08004494   0x08004494   0x00000054   Code   RO         1604    i.USART_GetITStatus  stm32f10x_usart.o
    0x080044e8   0x080044e8   0x0000004a   Code   RO         1606    i.USART_ITConfig    stm32f10x_usart.o
    0x08004532   0x08004532   0x00000002   PAD
    0x08004534   0x08004534   0x000000d8   Code   RO         1607    i.USART_Init        stm32f10x_usart.o
    0x0800460c   0x0800460c   0x0000000a   Code   RO         1614    i.USART_ReceiveData  stm32f10x_usart.o
    0x08004616   0x08004616   0x00000008   Code   RO         1617    i.USART_SendData    stm32f10x_usart.o
    0x0800461e   0x0800461e   0x00000004   Code   RO          261    i.UsageFault_Handler  stm32f10x_it.o
    0x08004622   0x08004622   0x00000002   PAD
    0x08004624   0x08004624   0x00000114   Code   RO          602    i.Usart2_DMA_Init   usart2.o
    0x08004738   0x08004738   0x00000114   Code   RO          669    i.Usart3_DMA_Init   usart3.o
    0x0800484c   0x0800484c   0x00000054   Code   RO          461    i.Write_IIC_Byte    oled.o
    0x080048a0   0x080048a0   0x0000002c   Code   RO          462    i.Write_IIC_Command  oled.o
    0x080048cc   0x080048cc   0x0000002c   Code   RO          463    i.Write_IIC_Data    oled.o
    0x080048f8   0x080048f8   0x00000028   Code   RO         4230    i.__ARM_fpclassify  m_ws.l(fpclassify.o)
    0x08004920   0x08004920   0x0000000e   Code   RO         3980    i._is_digit         c_w.l(__printf_wp.o)
    0x0800492e   0x0800492e   0x00000004   Code   RO         1180    i._sys_exit         usart.o
    0x08004932   0x08004932   0x00000002   PAD
    0x08004934   0x08004934   0x0000005c   Code   RO         1110    i.delay_init        delay.o
    0x08004990   0x08004990   0x00000040   Code   RO         1111    i.delay_ms          delay.o
    0x080049d0   0x080049d0   0x00000048   Code   RO         1112    i.delay_us          delay.o
    0x08004a18   0x08004a18   0x00000018   Code   RO         1113    i.delay_xms         delay.o
    0x08004a30   0x08004a30   0x0000001c   Code   RO         1181    i.fputc             usart.o
    0x08004a4c   0x08004a4c   0x00000094   Code   RO            1    i.key_task          main.o
    0x08004ae0   0x08004ae0   0x0000002c   Code   RO            2    i.led0_task         main.o
    0x08004b0c   0x08004b0c   0x00000140   Code   RO            3    i.main              main.o
    0x08004c4c   0x08004c4c   0x00000040   Code   RO            4    i.oled_task         main.o
    0x08004c8c   0x08004c8c   0x00000050   Code   RO          866    i.output_voltage    adc.o
    0x08004cdc   0x08004cdc   0x0000000a   Code   RO            5    i.pid_task          main.o
    0x08004ce6   0x08004ce6   0x00000002   PAD
    0x08004ce8   0x08004ce8   0x0000007c   Code   RO            6    i.play_music_task   main.o
    0x08004d64   0x08004d64   0x000000c0   Code   RO         3270    i.prvAddCurrentTaskToDelayedList  tasks.o
    0x08004e24   0x08004e24   0x000000ec   Code   RO         3271    i.prvAddNewTaskToReadyList  tasks.o
    0x08004f10   0x08004f10   0x00000064   Code   RO         3654    i.prvCheckForValidListAndQueue  timers.o
    0x08004f74   0x08004f74   0x00000048   Code   RO         3272    i.prvCheckTasksWaitingTermination  tasks.o
    0x08004fbc   0x08004fbc   0x0000002a   Code   RO         2867    i.prvCopyDataFromQueue  queue.o
    0x08004fe6   0x08004fe6   0x0000007e   Code   RO         2868    i.prvCopyDataToQueue  queue.o
    0x08005064   0x08005064   0x00000012   Code   RO         3273    i.prvDeleteTCB      tasks.o
    0x08005076   0x08005076   0x00000014   Code   RO         2869    i.prvGetDisinheritPriorityAfterTimeout  queue.o
    0x0800508a   0x0800508a   0x00000002   PAD
    0x0800508c   0x0800508c   0x00000028   Code   RO         3655    i.prvGetNextExpireTime  timers.o
    0x080050b4   0x080050b4   0x0000007c   Code   RO         3816    i.prvHeapInit       heap_4.o
    0x08005130   0x08005130   0x00000028   Code   RO         3274    i.prvIdleTask       tasks.o
    0x08005158   0x08005158   0x0000002e   Code   RO         2871    i.prvInitialiseNewQueue  queue.o
    0x08005186   0x08005186   0x00000002   PAD
    0x08005188   0x08005188   0x000000f0   Code   RO         3275    i.prvInitialiseNewTask  tasks.o
    0x08005278   0x08005278   0x00000068   Code   RO         3276    i.prvInitialiseTaskLists  tasks.o
    0x080052e0   0x080052e0   0x00000068   Code   RO         3817    i.prvInsertBlockIntoFreeList  heap_4.o
    0x08005348   0x08005348   0x00000058   Code   RO         3657    i.prvInsertTimerInActiveList  timers.o
    0x080053a0   0x080053a0   0x0000001a   Code   RO         2872    i.prvIsQueueEmpty   queue.o
    0x080053ba   0x080053ba   0x0000001e   Code   RO         2873    i.prvIsQueueFull    queue.o
    0x080053d8   0x080053d8   0x000000b4   Code   RO         2874    i.prvNotifyQueueSetContainer  queue.o
    0x0800548c   0x0800548c   0x00000044   Code   RO         3658    i.prvProcessExpiredTimer  timers.o
    0x080054d0   0x080054d0   0x00000160   Code   RO         3659    i.prvProcessReceivedCommands  timers.o
    0x08005630   0x08005630   0x00000074   Code   RO         3660    i.prvProcessTimerOrBlockTask  timers.o
    0x080056a4   0x080056a4   0x00000028   Code   RO         3661    i.prvReloadTimer    timers.o
    0x080056cc   0x080056cc   0x00000030   Code   RO         3278    i.prvResetNextTaskUnblockTime  tasks.o
    0x080056fc   0x080056fc   0x0000002c   Code   RO         3662    i.prvSampleTimeNow  timers.o
    0x08005728   0x08005728   0x00000044   Code   RO         3663    i.prvSwitchTimerLists  timers.o
    0x0800576c   0x0800576c   0x00000070   Code   RO         3872    i.prvTaskExitError  port.o
    0x080057dc   0x080057dc   0x0000001e   Code   RO         2717    i.prvTestWaitCondition  event_groups.o
    0x080057fa   0x080057fa   0x0000001a   Code   RO         3664    i.prvTimerTask      timers.o
    0x08005814   0x08005814   0x00000090   Code   RO         2875    i.prvUnlockQueue    queue.o
    0x080058a4   0x080058a4   0x00000180   Code   RO         3818    i.pvPortMalloc      heap_4.o
    0x08005a24   0x08005a24   0x00000020   Code   RO         3282    i.pvTaskIncrementMutexHeldCount  tasks.o
    0x08005a44   0x08005a44   0x00000024   Code   RO         3873    i.pxPortInitialiseStack  port.o
    0x08005a68   0x08005a68   0x000001c0   Code   RO            7    i.start_task        main.o
    0x08005c28   0x08005c28   0x00000040   Code   RO         1182    i.u1_printf         usart.o
    0x08005c68   0x08005c68   0x000000a0   Code   RO         1183    i.uart_init         usart.o
    0x08005d08   0x08005d08   0x000000d4   Code   RO          673    i.usart3_init       usart3.o
    0x08005ddc   0x08005ddc   0x000000bc   Code   RO          840    i.usart5_init       usart5.o
    0x08005e98   0x08005e98   0x00000028   Code   RO         2827    i.uxListRemove      list.o
    0x08005ec0   0x08005ec0   0x0000001c   Code   RO         3290    i.uxTaskResetEventItemValue  tasks.o
    0x08005edc   0x08005edc   0x00000010   Code   RO         2721    i.vEventGroupSetBitsCallback  event_groups.o
    0x08005eec   0x08005eec   0x0000001a   Code   RO         2828    i.vListInitialise   list.o
    0x08005f06   0x08005f06   0x00000006   Code   RO         2829    i.vListInitialiseItem  list.o
    0x08005f0c   0x08005f0c   0x00000034   Code   RO         2830    i.vListInsert       list.o
    0x08005f40   0x08005f40   0x00000018   Code   RO         2831    i.vListInsertEnd    list.o
    0x08005f58   0x08005f58   0x00000088   Code   RO         3875    i.vPortEnterCritical  port.o
    0x08005fe0   0x08005fe0   0x00000070   Code   RO         3876    i.vPortExitCritical  port.o
    0x08006050   0x08006050   0x000000c8   Code   RO         3819    i.vPortFree         heap_4.o
    0x08006118   0x08006118   0x00000028   Code   RO         3877    i.vPortSetupTimerInterrupt  port.o
    0x08006140   0x08006140   0x000000a0   Code   RO         3878    i.vPortValidateInterruptPriority  port.o
    0x080061e0   0x080061e0   0x0000007c   Code   RO         2881    i.vQueueAddToRegistry  queue.o
    0x0800625c   0x0800625c   0x0000004a   Code   RO         2885    i.vQueueWaitForMessageRestricted  queue.o
    0x080062a6   0x080062a6   0x00000002   PAD
    0x080062a8   0x080062a8   0x00000074   Code   RO         3291    i.vTaskDelay        tasks.o
    0x0800631c   0x0800631c   0x00000114   Code   RO         3292    i.vTaskDelete       tasks.o
    0x08006430   0x08006430   0x00000018   Code   RO         3296    i.vTaskInternalSetTimeOutState  tasks.o
    0x08006448   0x08006448   0x0000000c   Code   RO         3298    i.vTaskMissedYield  tasks.o
    0x08006454   0x08006454   0x00000054   Code   RO         3299    i.vTaskPlaceOnEventList  tasks.o
    0x080064a8   0x080064a8   0x0000007c   Code   RO         3300    i.vTaskPlaceOnEventListRestricted  tasks.o
    0x08006524   0x08006524   0x000000a0   Code   RO         3301    i.vTaskPlaceOnUnorderedEventList  tasks.o
    0x080065c4   0x080065c4   0x00000128   Code   RO         3302    i.vTaskPriorityDisinheritAfterTimeout  tasks.o
    0x080066ec   0x080066ec   0x00000120   Code   RO         3304    i.vTaskRemoveFromUnorderedEventList  tasks.o
    0x0800680c   0x0800680c   0x000000b4   Code   RO         3308    i.vTaskStartScheduler  tasks.o
    0x080068c0   0x080068c0   0x00000010   Code   RO         3310    i.vTaskSuspendAll   tasks.o
    0x080068d0   0x080068d0   0x000000a8   Code   RO         3311    i.vTaskSwitchContext  tasks.o
    0x08006978   0x08006978   0x0000001a   Code   RO         2725    i.xEventGroupCreate  event_groups.o
    0x08006992   0x08006992   0x00000002   PAD
    0x08006994   0x08006994   0x000000e8   Code   RO         2727    i.xEventGroupSetBits  event_groups.o
    0x08006a7c   0x08006a7c   0x00000024   Code   RO         2728    i.xEventGroupSetBitsFromISR  event_groups.o
    0x08006aa0   0x08006aa0   0x0000015c   Code   RO         2730    i.xEventGroupWaitBits  event_groups.o
    0x08006bfc   0x08006bfc   0x00000140   Code   RO         3879    i.xPortStartScheduler  port.o
    0x08006d3c   0x08006d3c   0x00000034   Code   RO         3880    i.xPortSysTickHandler  port.o
    0x08006d70   0x08006d70   0x00000080   Code   RO         2890    i.xQueueGenericCreate  queue.o
    0x08006df0   0x08006df0   0x000000ec   Code   RO         2891    i.xQueueGenericReset  queue.o
    0x08006edc   0x08006edc   0x000001d4   Code   RO         2892    i.xQueueGenericSend  queue.o
    0x080070b0   0x080070b0   0x00000134   Code   RO         2893    i.xQueueGenericSendFromISR  queue.o
    0x080071e4   0x080071e4   0x00000114   Code   RO         2894    i.xQueueGiveFromISR  queue.o
    0x080072f8   0x080072f8   0x00000170   Code   RO         2900    i.xQueueReceive     queue.o
    0x08007468   0x08007468   0x000001b4   Code   RO         2905    i.xQueueSemaphoreTake  queue.o
    0x0800761c   0x0800761c   0x000000a0   Code   RO         3313    i.xTaskCheckForTimeOut  tasks.o
    0x080076bc   0x080076bc   0x00000060   Code   RO         3314    i.xTaskCreate       tasks.o
    0x0800771c   0x0800771c   0x00000020   Code   RO         3321    i.xTaskGetSchedulerState  tasks.o
    0x0800773c   0x0800773c   0x0000000c   Code   RO         3322    i.xTaskGetTickCount  tasks.o
    0x08007748   0x08007748   0x000001d4   Code   RO         3324    i.xTaskIncrementTick  tasks.o
    0x0800791c   0x0800791c   0x00000100   Code   RO         3325    i.xTaskPriorityDisinherit  tasks.o
    0x08007a1c   0x08007a1c   0x000000ec   Code   RO         3326    i.xTaskPriorityInherit  tasks.o
    0x08007b08   0x08007b08   0x0000013c   Code   RO         3327    i.xTaskRemoveFromEventList  tasks.o
    0x08007c44   0x08007c44   0x00000190   Code   RO         3328    i.xTaskResumeAll    tasks.o
    0x08007dd4   0x08007dd4   0x00000074   Code   RO         3672    i.xTimerCreateTimerTask  timers.o
    0x08007e48   0x08007e48   0x00000034   Code   RO         3679    i.xTimerPendFunctionCallFromISR  timers.o
    0x08007e7c   0x08007e7c   0x0000002c   Code   RO         4224    locale$$code        c_w.l(lc_numeric_c.o)
    0x08007ea8   0x08007ea8   0x0000002c   Code   RO         4297    locale$$code        c_w.l(lc_ctype_c.o)
    0x08007ed4   0x08007ed4   0x00000062   Code   RO         4012    x$fpl$d2f           fz_ws.l(d2f.o)
    0x08007f36   0x08007f36   0x00000002   PAD
    0x08007f38   0x08007f38   0x00000150   Code   RO         4014    x$fpl$dadd          fz_ws.l(daddsub_clz.o)
    0x08008088   0x08008088   0x000002b0   Code   RO         4021    x$fpl$ddiv          fz_ws.l(ddiv.o)
    0x08008338   0x08008338   0x0000005e   Code   RO         4024    x$fpl$dfix          fz_ws.l(dfix.o)
    0x08008396   0x08008396   0x00000002   PAD
    0x08008398   0x08008398   0x0000005a   Code   RO         4028    x$fpl$dfixu         fz_ws.l(dfixu.o)
    0x080083f2   0x080083f2   0x0000002e   Code   RO         4033    x$fpl$dflt          fz_ws.l(dflt_clz.o)
    0x08008420   0x08008420   0x00000154   Code   RO         4038    x$fpl$dmul          fz_ws.l(dmul.o)
    0x08008574   0x08008574   0x0000009c   Code   RO         4153    x$fpl$dnaninf       fz_ws.l(dnaninf.o)
    0x08008610   0x08008610   0x0000000c   Code   RO         4155    x$fpl$dretinf       fz_ws.l(dretinf.o)
    0x0800861c   0x0800861c   0x000001d4   Code   RO         4016    x$fpl$dsub          fz_ws.l(daddsub_clz.o)
    0x080087f0   0x080087f0   0x00000056   Code   RO         4042    x$fpl$f2d           fz_ws.l(f2d.o)
    0x08008846   0x08008846   0x00000002   PAD
    0x08008848   0x08008848   0x00000184   Code   RO         4051    x$fpl$fdiv          fz_ws.l(fdiv.o)
    0x080089cc   0x080089cc   0x00000036   Code   RO         4054    x$fpl$ffix          fz_ws.l(ffix.o)
    0x08008a02   0x08008a02   0x00000002   PAD
    0x08008a04   0x08008a04   0x00000030   Code   RO         4063    x$fpl$fflt          fz_ws.l(fflt_clz.o)
    0x08008a34   0x08008a34   0x00000026   Code   RO         4062    x$fpl$ffltu         fz_ws.l(fflt_clz.o)
    0x08008a5a   0x08008a5a   0x00000002   PAD
    0x08008a5c   0x08008a5c   0x00000102   Code   RO         4070    x$fpl$fmul          fz_ws.l(fmul.o)
    0x08008b5e   0x08008b5e   0x0000008c   Code   RO         4159    x$fpl$fnaninf       fz_ws.l(fnaninf.o)
    0x08008bea   0x08008bea   0x0000000a   Code   RO         4161    x$fpl$fretinf       fz_ws.l(fretinf.o)
    0x08008bf4   0x08008bf4   0x00000004   Code   RO         4074    x$fpl$printf1       fz_ws.l(printf1.o)
    0x08008bf8   0x08008bf8   0x00000000   Code   RO         4163    x$fpl$usenofp       fz_ws.l(usenofp.o)
    0x08008bf8   0x08008bf8   0x00000144   Data   RO            8    .constdata          main.o
    0x08008d3c   0x08008d3c   0x000005f0   Data   RO          993    .constdata          tft.o
    0x0800932c   0x0800932c   0x00000011   Data   RO         3988    .constdata          c_w.l(__printf_flags_ss_wp.o)
    0x0800933d   0x0800933d   0x00000003   PAD
    0x08009340   0x08009340   0x00000008   Data   RO         4098    .constdata          c_w.l(_printf_wctomb.o)
    0x08009348   0x08009348   0x00000028   Data   RO         4127    .constdata          c_w.l(_printf_hex_int_ll_ptr.o)
    0x08009370   0x08009370   0x00000094   Data   RO         4193    .constdata          c_w.l(bigflt0.o)
    0x08009404   0x08009404   0x00000020   Data   RO         4374    Region$$Table       anon$$obj.o
    0x08009424   0x08009424   0x0000001c   Data   RO         4223    locale$$data        c_w.l(lc_numeric_c.o)
    0x08009440   0x08009440   0x00000110   Data   RO         4296    locale$$data        c_w.l(lc_ctype_c.o)


    Execution Region RW_IRAM1 (Exec base: 0x20000000, Load base: 0x08009550, Size: 0x00006b38, Max: 0x0000c000, ABSOLUTE, COMPRESSED[0x00000220])

    Exec Addr    Load Addr    Size         Type   Attr      Idx    E Section Name        Object

    0x20000000   COMPRESSED   0x00000074   Data   RW            9    .data               main.o
    0x20000074   COMPRESSED   0x00000014   Data   RW          331    .data               system_stm32f10x.o
    0x20000088   COMPRESSED   0x00000002   Data   RW          381    .data               timer.o
    0x2000008a   COMPRESSED   0x00000002   PAD
    0x2000008c   COMPRESSED   0x00000448   Data   RW          994    .data               tft.o
    0x200004d4   COMPRESSED   0x00000004   Data   RW         1114    .data               delay.o
    0x200004d8   COMPRESSED   0x0000000a   Data   RW         1185    .data               usart.o
    0x200004e2   COMPRESSED   0x00000014   Data   RW         1428    .data               stm32f10x_rcc.o
    0x200004f6   COMPRESSED   0x00000002   PAD
    0x200004f8   COMPRESSED   0x00000040   Data   RW         3331    .data               tasks.o
    0x20000538   COMPRESSED   0x00000014   Data   RW         3681    .data               timers.o
    0x2000054c   COMPRESSED   0x00000020   Data   RW         3825    .data               heap_4.o
    0x2000056c   COMPRESSED   0x0000000c   Data   RW         3881    .data               port.o
    0x20000578        -       0x00000326   Zero   RW          604    .bss                usart2.o
    0x2000089e        -       0x0000057e   Zero   RW          674    .bss                usart3.o
    0x20000e1c        -       0x00000158   Zero   RW          762    .bss                tb6612.o
    0x20000f74   COMPRESSED   0x00000004   PAD
    0x20000f78        -       0x00000020   Zero   RW          905    .bss                beep.o
    0x20000f98        -       0x000001f4   Zero   RW         1184    .bss                usart.o
    0x2000118c        -       0x00000040   Zero   RW         2907    .bss                queue.o
    0x200011cc        -       0x000002e4   Zero   RW         3330    .bss                tasks.o
    0x200014b0        -       0x00000028   Zero   RW         3680    .bss                timers.o
    0x200014d8        -       0x00005000   Zero   RW         3824    .bss                heap_4.o
    0x200064d8        -       0x00000060   Zero   RW         4233    .bss                c_w.l(libspace.o)
    0x20006538        -       0x00000200   Zero   RW         1276    HEAP                startup_stm32f10x_hd.o
    0x20006738        -       0x00000400   Zero   RW         1275    STACK               startup_stm32f10x_hd.o


==============================================================================

Image component sizes


      Code (inc. data)   RO Data    RW Data    ZI Data      Debug   Object Name

       354         32          0          0          0       2154   adc.o
       352         50          0          0         32       2872   beep.o
       268         26          0          4          0       2693   delay.o
       688        102          0          0          0      18840   event_groups.o
       812        186          0         32      20480       3791   heap_4.o
       264         20          0          0          0       1100   key.o
        56          6          0          0          0        463   led.o
       148          0          0          0          0       2954   list.o
      1158        400        324        116          0     297849   main.o
       172         22          0          0          0       1949   misc.o
       678         44          0          0          0       6032   oled.o
       296         14          0          0          0        603   pid.o
      1118        378          0         12          0       9845   port.o
      3032        356          0          0         64      17824   queue.o
        64         26        304          0       1536        776   startup_stm32f10x_hd.o
       482         24          0          0          0       7674   stm32f10x_adc.o
       506         26          0          0          0       4951   stm32f10x_dma.o
       160         12          0          0          0       1417   stm32f10x_exti.o
       512         10          0          0          0       4924   stm32f10x_gpio.o
        20          0          0          0          0       2317   stm32f10x_it.o
       396         56          0         20          0       6455   stm32f10x_rcc.o
      2442        264          0          0          0      20790   stm32f10x_tim.o
       638         28          0          0          0       7637   stm32f10x_usart.o
         0          0          0          0          0         32   sys.o
       328         28          0         20          0       1957   system_stm32f10x.o
      4730        998          0         64        740      35860   tasks.o
       400         46          0          0        344       2694   tb6612.o
       622         42       1520       1096          0       6012   tft.o
      1244         94          0          2          0       4949   timer.o
      1110        194          0         20         40      11148   timers.o
       660         64          0         10        500       6552   usart.o
       772         88          0          0        806       5108   usart2.o
       764         80          0          0       1406       4569   usart3.o
       236         24          0          0          0       1157   usart5.o

    ----------------------------------------------------------------------
     25522       3740       2180       1400      25952     505948   Object Totals
         0          0         32          0          0          0   (incl. Generated)
        40          0          0          4          4          0   (incl. Padding)

    ----------------------------------------------------------------------

      Code (inc. data)   RO Data    RW Data    ZI Data      Debug   Library Member Name

        24          4          0          0          0         84   __2printf.o
        44          6          0          0          0         84   __2sprintf.o
        90          0          0          0          0          0   __dczerorl2.o
         8          0          0          0          0         68   __main.o
       392          4         17          0          0         92   __printf_flags_ss_wp.o
        14          0          0          0          0         68   __printf_wp.o
         0          0          0          0          0          0   __rtentry.o
        12          0          0          0          0          0   __rtentry2.o
         6          0          0          0          0          0   __rtentry4.o
        52          8          0          0          0          0   __scatter.o
        28          0          0          0          0          0   __scatter_zi.o
         6          0          0          0          0          0   _printf_a.o
         6          0          0          0          0          0   _printf_c.o
        44          0          0          0          0        108   _printf_char.o
        48          6          0          0          0         96   _printf_char_common.o
        36          4          0          0          0         80   _printf_char_file.o
        40          0          0          0          0         68   _printf_charcount.o
         6          0          0          0          0          0   _printf_d.o
       120         16          0          0          0         92   _printf_dec.o
         6          0          0          0          0          0   _printf_e.o
         6          0          0          0          0          0   _printf_f.o
      1054          0          0          0          0        216   _printf_fp_dec.o
       128         16          0          0          0         84   _printf_fp_infnan.o
         6          0          0          0          0          0   _printf_g.o
       148          4         40          0          0        160   _printf_hex_int_ll_ptr.o
         6          0          0          0          0          0   _printf_i.o
       178          0          0          0          0         88   _printf_intcommon.o
        10          0          0          0          0          0   _printf_l.o
         6          0          0          0          0          0   _printf_lc.o
        10          0          0          0          0          0   _printf_ll.o
         6          0          0          0          0          0   _printf_lld.o
         6          0          0          0          0          0   _printf_lli.o
         6          0          0          0          0          0   _printf_llo.o
         6          0          0          0          0          0   _printf_llu.o
         6          0          0          0          0          0   _printf_llx.o
       124         16          0          0          0         92   _printf_longlong_dec.o
         6          0          0          0          0          0   _printf_ls.o
         6          0          0          0          0          0   _printf_n.o
         6          0          0          0          0          0   _printf_o.o
       112         10          0          0          0        124   _printf_oct_int_ll.o
         6          0          0          0          0          0   _printf_p.o
        78          0          0          0          0        108   _printf_pad.o
         0          0          0          0          0          0   _printf_percent.o
         4          0          0          0          0          0   _printf_percent_end.o
         6          0          0          0          0          0   _printf_s.o
        82          0          0          0          0         80   _printf_str.o
        36          0          0          0          0         84   _printf_truncate.o
         6          0          0          0          0          0   _printf_u.o
        44          0          0          0          0        108   _printf_wchar.o
       188          6          8          0          0         92   _printf_wctomb.o
         6          0          0          0          0          0   _printf_x.o
        16          0          0          0          0         68   _snputc.o
        10          0          0          0          0         68   _sputc.o
        64          0          0          0          0         92   _wcrtomb.o
        16          0          0          0          0         68   aeabi_memset.o
       228          4        148          0          0         96   bigflt0.o
      1936        128          0          0          0        672   btod.o
        52          4          0          0          0         80   c89vsnprintf.o
        18          0          0          0          0         80   exit.o
         8          0          0          0          0         68   ferror.o
         6          0          0          0          0        152   heapauxi.o
        44         10        272          0          0         76   lc_ctype_c.o
        44         10         28          0          0         76   lc_numeric_c.o
         2          0          0          0          0          0   libinit.o
        30          0          0          0          0          0   libinit2.o
         2          0          0          0          0          0   libshutdown.o
         2          0          0          0          0          0   libshutdown2.o
         8          4          0          0         96         68   libspace.o
       138          0          0          0          0         80   lludiv10.o
        16          4          0          0          0         76   rt_ctype_table.o
         8          4          0          0          0         68   rt_locale_intlibspace.o
        68          0          0          0          0         68   rt_memclr.o
        78          0          0          0          0         80   rt_memclr_w.o
       138          0          0          0          0         68   rt_memcpy_v6.o
       100          0          0          0          0         80   rt_memcpy_w.o
         2          0          0          0          0          0   rtexit.o
        10          0          0          0          0          0   rtexit2.o
       128          0          0          0          0         68   strcmpv7m.o
        62          0          0          0          0         76   strlen.o
        74          0          0          0          0         80   sys_stackheap_outer.o
         2          0          0          0          0         68   use_no_semi.o
         2          0          0          0          0         68   use_no_semi_2.o
        98          4          0          0          0         92   d2f.o
       804         16          0          0          0        272   daddsub_clz.o
       688        140          0          0          0        208   ddiv.o
        94          4          0          0          0         92   dfix.o
        90          4          0          0          0         92   dfixu.o
        46          0          0          0          0         68   dflt_clz.o
       340         12          0          0          0        104   dmul.o
       156          4          0          0          0         92   dnaninf.o
        12          0          0          0          0         68   dretinf.o
        86          4          0          0          0         84   f2d.o
       388         76          0          0          0         96   fdiv.o
        54          4          0          0          0         84   ffix.o
        86          0          0          0          0        136   fflt_clz.o
       258          4          0          0          0         84   fmul.o
       140          4          0          0          0         84   fnaninf.o
        10          0          0          0          0         68   fretinf.o
         4          0          0          0          0         68   printf1.o
         0          0          0          0          0          0   usenofp.o
        40          0          0          0          0         68   fpclassify.o

    ----------------------------------------------------------------------
     10006        544        516          0         96       6480   Library Totals
        26          0          3          0          0          0   (incl. Padding)

    ----------------------------------------------------------------------

      Code (inc. data)   RO Data    RW Data    ZI Data      Debug   Library Name

      6586        268        513          0         96       4620   c_w.l
      3354        276          0          0          0       1792   fz_ws.l
        40          0          0          0          0         68   m_ws.l

    ----------------------------------------------------------------------
     10006        544        516          0         96       6480   Library Totals

    ----------------------------------------------------------------------

==============================================================================


      Code (inc. data)   RO Data    RW Data    ZI Data      Debug   

     35528       4284       2696       1400      26048     496564   Grand Totals
     35528       4284       2696        544      26048     496564   ELF Image Totals (compressed)
     35528       4284       2696        544          0          0   ROM Totals

==============================================================================

    Total RO  Size (Code + RO Data)                38224 (  37.33kB)
    Total RW  Size (RW Data + ZI Data)             27448 (  26.80kB)
    Total ROM Size (Code + RO Data + RW Data)      38768 (  37.86kB)

==============================================================================

