Component: ARM Compiler 5.06 update 6 (build 750) Tool: armlink [4d35ed]

==============================================================================

Section Cross References

    main.o(i.MPU6050_task) refers to queue.o(i.xQueueSemaphoreTake) for xQueueSemaphoreTake
    main.o(i.MPU6050_task) refers to mpu6050.o(i.MPU_Get_Temperature) for MPU_Get_Temperature
    main.o(i.MPU6050_task) refers to inv_mpu.o(i.mpu_dmp_get_data) for mpu_dmp_get_data
    main.o(i.MPU6050_task) refers to mpu6050.o(i.MPU_Get_Accelerometer) for MPU_Get_Accelerometer
    main.o(i.MPU6050_task) refers to mpu6050.o(i.MPU_Get_Gyroscope) for MPU_Get_Gyroscope
    main.o(i.MPU6050_task) refers to delay.o(i.delay_ms) for delay_ms
    main.o(i.MPU6050_task) refers to main.o(.data) for MPU6050_Bin_SemaphoreHandle
    main.o(i.key_task) refers to event_groups.o(i.xEventGroupWaitBits) for xEventGroupWaitBits
    main.o(i.key_task) refers to __2printf.o(.text) for __2printf
    main.o(i.key_task) refers to queue.o(i.xQueueGenericSend) for xQueueGenericSend
    main.o(i.key_task) refers to beep.o(i.Beep_Voice) for Beep_Voice
    main.o(i.key_task) refers to delay.o(i.delay_ms) for delay_ms
    main.o(i.key_task) refers to main.o(.data) for Key_EventGroupHandle
    main.o(i.key_task) refers to beep.o(.bss) for Beep
    main.o(i.led0_task) refers to delay.o(i.delay_ms) for delay_ms
    main.o(i.main) refers to misc.o(i.NVIC_PriorityGroupConfig) for NVIC_PriorityGroupConfig
    main.o(i.main) refers to delay.o(i.delay_init) for delay_init
    main.o(i.main) refers to usart.o(i.uart_init) for uart_init
    main.o(i.main) refers to usart.o(i.USART1_TX_DMA_Config) for USART1_TX_DMA_Config
    main.o(i.main) refers to usart2.o(i.USART2_Init) for USART2_Init
    main.o(i.main) refers to usart3.o(i.usart3_init) for usart3_init
    main.o(i.main) refers to usart5.o(i.usart5_init) for usart5_init
    main.o(i.main) refers to led.o(i.LED_Init) for LED_Init
    main.o(i.main) refers to oled.o(i.OLED_Init) for OLED_Init
    main.o(i.main) refers to key.o(i.KEY_Init) for KEY_Init
    main.o(i.main) refers to tb6612.o(i.TB6612_Init) for TB6612_Init
    main.o(i.main) refers to pid.o(i.PID_Init) for PID_Init
    main.o(i.main) refers to adc.o(i.ADC4_Init) for ADC4_Init
    main.o(i.main) refers to beep.o(i.Beep_Init) for Beep_Init
    main.o(i.main) refers to mpu6050.o(i.MPU_Init) for MPU_Init
    main.o(i.main) refers to timer.o(i.Timer2_PWM_Init) for Timer2_PWM_Init
    main.o(i.main) refers to timer.o(i.Timer3_Encoder_Init) for Timer3_Encoder_Init
    main.o(i.main) refers to timer.o(i.Timer4_Encoder_Init) for Timer4_Encoder_Init
    main.o(i.main) refers to timer.o(i.Timer5_Encoder_Init) for Timer5_Encoder_Init
    main.o(i.main) refers to timer.o(i.Timer8_Encoder_Init) for Timer8_Encoder_Init
    main.o(i.main) refers to tft.o(i.LCD_Clear) for LCD_Clear
    main.o(i.main) refers to __2printf.o(.text) for __2printf
    main.o(i.main) refers to tasks.o(i.xTaskCreate) for xTaskCreate
    main.o(i.main) refers to tasks.o(i.vTaskStartScheduler) for vTaskStartScheduler
    main.o(i.main) refers to tft.o(.data) for BACK_COLOR
    main.o(i.main) refers to main.o(.data) for StartTask_Handler
    main.o(i.main) refers to main.o(i.start_task) for start_task
    main.o(i.oled_task) refers to _printf_pad.o(.text) for _printf_pre_padding
    main.o(i.oled_task) refers to _printf_percent.o(.ARM.Collect$$_printf_percent$$00000000) for _printf_percent
    main.o(i.oled_task) refers to _printf_f.o(.ARM.Collect$$_printf_percent$$00000003) for _printf_f
    main.o(i.oled_task) refers to printf1.o(x$fpl$printf1) for _printf_fp_dec
    main.o(i.oled_task) refers to adc.o(i.output_voltage) for output_voltage
    main.o(i.oled_task) refers to f2d.o(x$fpl$f2d) for __aeabi_f2d
    main.o(i.oled_task) refers to __2sprintf.o(.text) for __2sprintf
    main.o(i.oled_task) refers to tft.o(i.LCD_ShowString) for LCD_ShowString
    main.o(i.oled_task) refers to delay.o(i.delay_ms) for delay_ms
    main.o(i.oled_task) refers to tb6612.o(.bss) for Car_1
    main.o(i.pid_task) refers to _printf_percent.o(.ARM.Collect$$_printf_percent$$00000000) for _printf_percent
    main.o(i.pid_task) refers to _printf_f.o(.ARM.Collect$$_printf_percent$$00000003) for _printf_f
    main.o(i.pid_task) refers to printf1.o(x$fpl$printf1) for _printf_fp_dec
    main.o(i.pid_task) refers to usart.o(i.u1_printf) for u1_printf
    main.o(i.pid_task) refers to timer.o(i.Read_Encode_Num) for Read_Encode_Num
    main.o(i.pid_task) refers to dflt_clz.o(x$fpl$dflt) for __aeabi_i2d
    main.o(i.pid_task) refers to ddiv.o(x$fpl$ddiv) for __aeabi_ddiv
    main.o(i.pid_task) refers to dmul.o(x$fpl$dmul) for __aeabi_dmul
    main.o(i.pid_task) refers to d2f.o(x$fpl$d2f) for __aeabi_d2f
    main.o(i.pid_task) refers to fflt_clz.o(x$fpl$fflt) for __aeabi_i2f
    main.o(i.pid_task) refers to f2d.o(x$fpl$f2d) for __aeabi_f2d
    main.o(i.pid_task) refers to __2printf.o(.text) for __2printf
[...]
    pid_task                                 0x08008865   Thumb Code   812  main.o(i.pid_task)
    play_music_task                          0x08008c25   Thumb Code    92  main.o(i.play_music_task)
    pvPortMalloc                             0x080097e1   Thumb Code   302  heap_4.o(i.pvPortMalloc)
    pvTaskIncrementMutexHeldCount            0x08009961   Thumb Code    26  tasks.o(i.pvTaskIncrementMutexHeldCount)
    pxPortInitialiseStack                    0x08009981   Thumb Code    30  port.o(i.pxPortInitialiseStack)
    run_self_test                            0x080099a5   Thumb Code   148  inv_mpu.o(i.run_self_test)
    set_pid_target                           0x08009ac9   Thumb Code     4  pid.o(i.set_pid_target)
    speed_pid_realize                        0x08009acd   Thumb Code   150  pid.o(i.speed_pid_realize)
    sqrt                                     0x08009b6d   Thumb Code    76  sqrt.o(i.sqrt)
    start_task                               0x08009bb9   Thumb Code   278  main.o(i.start_task)
    u1_printf                                0x08009e19   Thumb Code    56  usart.o(i.u1_printf)
    uart_init                                0x08009e59   Thumb Code   152  usart.o(i.uart_init)
    usart3_init                              0x08009ef9   Thumb Code   198  usart3.o(i.usart3_init)
    usart5_init                              0x08009fcd   Thumb Code   172  usart5.o(i.usart5_init)
    uxListRemove                             0x0800a089   Thumb Code    40  list.o(i.uxListRemove)
    uxTaskResetEventItemValue                0x0800a0b1   Thumb Code    24  tasks.o(i.uxTaskResetEventItemValue)
    vEventGroupSetBitsCallback               0x0800a0cd   Thumb Code    16  event_groups.o(i.vEventGroupSetBitsCallback)
    vListInitialise                          0x0800a0dd   Thumb Code    26  list.o(i.vListInitialise)
    vListInitialiseItem                      0x0800a0f7   Thumb Code     6  list.o(i.vListInitialiseItem)
    vListInsert                              0x0800a0fd   Thumb Code    52  list.o(i.vListInsert)
    vListInsertEnd                           0x0800a131   Thumb Code    24  list.o(i.vListInsertEnd)
    vPortEnterCritical                       0x0800a149   Thumb Code    68  port.o(i.vPortEnterCritical)
    vPortExitCritical                        0x0800a1d1   Thumb Code    48  port.o(i.vPortExitCritical)
    vPortFree                                0x0800a241   Thumb Code   130  heap_4.o(i.vPortFree)
    vPortSetupTimerInterrupt                 0x0800a309   Thumb Code    36  port.o(i.vPortSetupTimerInterrupt)
    vPortValidateInterruptPriority           0x0800a331   Thumb Code    86  port.o(i.vPortValidateInterruptPriority)
    vQueueAddToRegistry                      0x0800a3d1   Thumb Code    84  queue.o(i.vQueueAddToRegistry)
    vQueueWaitForMessageRestricted           0x0800a44d   Thumb Code    74  queue.o(i.vQueueWaitForMessageRestricted)
    vTaskDelay                               0x0800a499   Thumb Code    72  tasks.o(i.vTaskDelay)
    vTaskDelete                              0x0800a50d   Thumb Code   200  tasks.o(i.vTaskDelete)
    vTaskInternalSetTimeOutState             0x0800a621   Thumb Code    14  tasks.o(i.vTaskInternalSetTimeOutState)
    vTaskMissedYield                         0x0800a639   Thumb Code     8  tasks.o(i.vTaskMissedYield)
    vTaskPlaceOnEventList                    0x0800a645   Thumb Code    42  tasks.o(i.vTaskPlaceOnEventList)
    vTaskPlaceOnEventListRestricted          0x0800a699   Thumb Code    84  tasks.o(i.vTaskPlaceOnEventListRestricted)
    vTaskPlaceOnUnorderedEventList           0x0800a715   Thumb Code   114  tasks.o(i.vTaskPlaceOnUnorderedEventList)
    vTaskPriorityDisinheritAfterTimeout      0x0800a7b5   Thumb Code   248  tasks.o(i.vTaskPriorityDisinheritAfterTimeout)
    vTaskRemoveFromUnorderedEventList        0x0800a8dd   Thumb Code   230  tasks.o(i.vTaskRemoveFromUnorderedEventList)
    vTaskStartScheduler                      0x0800a9fd   Thumb Code   112  tasks.o(i.vTaskStartScheduler)
    vTaskSuspendAll                          0x0800aab1   Thumb Code    12  tasks.o(i.vTaskSuspendAll)
    vTaskSwitchContext                       0x0800aac1   Thumb Code   110  tasks.o(i.vTaskSwitchContext)
    xEventGroupCreate                        0x0800ab69   Thumb Code    26  event_groups.o(i.xEventGroupCreate)
    xEventGroupSetBits                       0x0800ab85   Thumb Code   186  event_groups.o(i.xEventGroupSetBits)
    xEventGroupSetBitsFromISR                0x0800ac6d   Thumb Code    30  event_groups.o(i.xEventGroupSetBitsFromISR)
    xEventGroupWaitBits                      0x0800ac91   Thumb Code   298  event_groups.o(i.xEventGroupWaitBits)
    xPortStartScheduler                      0x0800aded   Thumb Code   240  port.o(i.xPortStartScheduler)
    xPortSysTickHandler                      0x0800af2d   Thumb Code    46  port.o(i.xPortSysTickHandler)
    xQueueGenericCreate                      0x0800af61   Thumb Code    92  queue.o(i.xQueueGenericCreate)
    xQueueGenericReset                       0x0800afe1   Thumb Code   194  queue.o(i.xQueueGenericReset)
    xQueueGenericSend                        0x0800b0cd   Thumb Code   426  queue.o(i.xQueueGenericSend)
    xQueueGenericSendFromISR                 0x0800b2a1   Thumb Code   270  queue.o(i.xQueueGenericSendFromISR)
    xQueueGiveFromISR                        0x0800b3d5   Thumb Code   240  queue.o(i.xQueueGiveFromISR)
    xQueueReceive                            0x0800b4e9   Thumb Code   326  queue.o(i.xQueueReceive)
    xQueueSemaphoreTake                      0x0800b659   Thumb Code   394  queue.o(i.xQueueSemaphoreTake)
    xTaskCheckForTimeOut                     0x0800b80d   Thumb Code   116  tasks.o(i.xTaskCheckForTimeOut)
    xTaskCreate                              0x0800b8ad   Thumb Code    96  tasks.o(i.xTaskCreate)
    xTaskGetSchedulerState                   0x0800b90d   Thumb Code    24  tasks.o(i.xTaskGetSchedulerState)
    xTaskGetTickCount                        0x0800b92d   Thumb Code     6  tasks.o(i.xTaskGetTickCount)
    xTaskIncrementTick                       0x0800b939   Thumb Code   388  tasks.o(i.xTaskIncrementTick)
    xTaskPriorityDisinherit                  0x0800bb0d   Thumb Code   206  tasks.o(i.xTaskPriorityDisinherit)
    xTaskPriorityInherit                     0x0800bc0d   Thumb Code   224  tasks.o(i.xTaskPriorityInherit)
    xTaskRemoveFromEventList                 0x0800bcf9   Thumb Code   254  tasks.o(i.xTaskRemoveFromEventList)
    xTaskResumeAll                           0x0800be35   Thumb Code   328  tasks.o(i.xTaskResumeAll)
    xTimerCreateTimerTask                    0x0800bfc5   Thumb Code    56  timers.o(i.xTimerCreateTimerTask)
    xTimerPendFunctionCallFromISR            0x0800c039   Thumb Code    48  timers.o(i.xTimerPendFunctionCallFromISR)
    _get_lc_numeric                          0x0800c06d   Thumb Code    44  lc_numeric_c.o(locale$$code)
    _get_lc_ctype                            0x0800c099   Thumb Code    44  lc_ctype_c.o(locale$$code)
    __aeabi_d2f                              0x0800c0c5   Thumb Code     0  d2f.o(x$fpl$d2f)
    _d2f                                     0x0800c0c5   Thumb Code    98  d2f.o(x$fpl$d2f)
    __aeabi_dadd                             0x0800c129   Thumb Code     0  daddsub_clz.o(x$fpl$dadd)
    _dadd                                    0x0800c129   Thumb Code   332  daddsub_clz.o(x$fpl$dadd)
    __fpl_dcheck_NaN1                        0x0800c279   Thumb Code    10  dcheck1.o(x$fpl$dcheck1)
    __fpl_dcmp_Inf                           0x0800c289   Thumb Code    24  dcmpi.o(x$fpl$dcmpinf)
    __aeabi_ddiv                             0x0800c2a1   Thumb Code     0  ddiv.o(x$fpl$ddiv)
    _ddiv                                    0x0800c2a1   Thumb Code   552  ddiv.o(x$fpl$ddiv)
    __aeabi_d2iz                             0x0800c551   Thumb Code     0  dfix.o(x$fpl$dfix)
    _dfix                                    0x0800c551   Thumb Code    94  dfix.o(x$fpl$dfix)
    __aeabi_d2uiz                            0x0800c5b1   Thumb Code     0  dfixu.o(x$fpl$dfixu)
    _dfixu                                   0x0800c5b1   Thumb Code    90  dfixu.o(x$fpl$dfixu)
    __aeabi_i2d                              0x0800c60b   Thumb Code     0  dflt_clz.o(x$fpl$dflt)
    _dflt                                    0x0800c60b   Thumb Code    46  dflt_clz.o(x$fpl$dflt)
    __aeabi_ui2d                             0x0800c639   Thumb Code     0  dflt_clz.o(x$fpl$dfltu)
    _dfltu                                   0x0800c639   Thumb Code    38  dflt_clz.o(x$fpl$dfltu)
    __aeabi_cdcmple                          0x0800c661   Thumb Code     0  dleqf.o(x$fpl$dleqf)
    _dcmple                                  0x0800c661   Thumb Code   120  dleqf.o(x$fpl$dleqf)
    __fpl_dcmple_InfNaN                      0x0800c6c3   Thumb Code     0  dleqf.o(x$fpl$dleqf)
    __aeabi_dmul                             0x0800c6d9   Thumb Code     0  dmul.o(x$fpl$dmul)
    _dmul                                    0x0800c6d9   Thumb Code   332  dmul.o(x$fpl$dmul)
    __fpl_dnaninf                            0x0800c82d   Thumb Code   156  dnaninf.o(x$fpl$dnaninf)
    __fpl_dretinf                            0x0800c8c9   Thumb Code    12  dretinf.o(x$fpl$dretinf)
    __aeabi_cdrcmple                         0x0800c8d5   Thumb Code     0  drleqf.o(x$fpl$drleqf)
    _drcmple                                 0x0800c8d5   Thumb Code   108  drleqf.o(x$fpl$drleqf)
    __aeabi_drsub                            0x0800c941   Thumb Code     0  daddsub_clz.o(x$fpl$drsb)
    _drsb                                    0x0800c941   Thumb Code    22  daddsub_clz.o(x$fpl$drsb)
    _dsqrt                                   0x0800c959   Thumb Code   456  dsqrt_noumaal.o(x$fpl$dsqrt)
    __aeabi_dsub                             0x0800cb25   Thumb Code     0  daddsub_clz.o(x$fpl$dsub)
    _dsub                                    0x0800cb25   Thumb Code   464  daddsub_clz.o(x$fpl$dsub)
    __aeabi_f2d                              0x0800ccf9   Thumb Code     0  f2d.o(x$fpl$f2d)
    _f2d                                     0x0800ccf9   Thumb Code    86  f2d.o(x$fpl$f2d)
    __aeabi_fadd                             0x0800cd51   Thumb Code     0  faddsub_clz.o(x$fpl$fadd)
    _fadd                                    0x0800cd51   Thumb Code   196  faddsub_clz.o(x$fpl$fadd)
    __fpl_fcmp_Inf                           0x0800ce15   Thumb Code    24  fcmpi.o(x$fpl$fcmpinf)
    __aeabi_fdiv                             0x0800ce2d   Thumb Code     0  fdiv.o(x$fpl$fdiv)
    _fdiv                                    0x0800ce2d   Thumb Code   384  fdiv.o(x$fpl$fdiv)
    __aeabi_cfcmpeq                          0x0800cfb1   Thumb Code     0  feqf.o(x$fpl$feqf)
    _fcmpeq                                  0x0800cfb1   Thumb Code   104  feqf.o(x$fpl$feqf)
    __aeabi_f2iz                             0x0800d019   Thumb Code     0  ffix.o(x$fpl$ffix)
    _ffix                                    0x0800d019   Thumb Code    54  ffix.o(x$fpl$ffix)
    __aeabi_f2uiz                            0x0800d051   Thumb Code     0  ffixu.o(x$fpl$ffixu)
    _ffixu                                   0x0800d051   Thumb Code    62  ffixu.o(x$fpl$ffixu)
    __aeabi_i2f                              0x0800d091   Thumb Code     0  fflt_clz.o(x$fpl$fflt)
    _fflt                                    0x0800d091   Thumb Code    48  fflt_clz.o(x$fpl$fflt)
    __aeabi_ui2f                             0x0800d0c1   Thumb Code     0  fflt_clz.o(x$fpl$ffltu)
    _ffltu                                   0x0800d0c1   Thumb Code    38  fflt_clz.o(x$fpl$ffltu)
    __aeabi_cfcmple                          0x0800d0e9   Thumb Code     0  fleqf.o(x$fpl$fleqf)
    _fcmple                                  0x0800d0e9   Thumb Code   104  fleqf.o(x$fpl$fleqf)
    __fpl_fcmple_InfNaN                      0x0800d13b   Thumb Code     0  fleqf.o(x$fpl$fleqf)
    __aeabi_fmul                             0x0800d151   Thumb Code     0  fmul.o(x$fpl$fmul)
    _fmul                                    0x0800d151   Thumb Code   258  fmul.o(x$fpl$fmul)
    __fpl_fnaninf                            0x0800d253   Thumb Code   140  fnaninf.o(x$fpl$fnaninf)
    __fpl_fretinf                            0x0800d2df   Thumb Code    10  fretinf.o(x$fpl$fretinf)
    __aeabi_cfrcmple                         0x0800d2e9   Thumb Code     0  frleqf.o(x$fpl$frleqf)
    _frcmple                                 0x0800d2e9   Thumb Code    98  frleqf.o(x$fpl$frleqf)
    __aeabi_frsub                            0x0800d34b   Thumb Code     0  faddsub_clz.o(x$fpl$frsb)
    _frsb                                    0x0800d34b   Thumb Code    20  faddsub_clz.o(x$fpl$frsb)
    __aeabi_fsub                             0x0800d361   Thumb Code     0  faddsub_clz.o(x$fpl$fsub)
    _fsub                                    0x0800d361   Thumb Code   234  faddsub_clz.o(x$fpl$fsub)
    _printf_fp_dec                           0x0800d44b   Thumb Code     4  printf1.o(x$fpl$printf1)
    __fpl_return_NaN                         0x0800d44f   Thumb Code   100  retnan.o(x$fpl$retnan)
    __ARM_scalbn                             0x0800d4b3   Thumb Code    92  scalbn.o(x$fpl$scalbn)
    __fpl_cmpreturn                          0x0800d50f   Thumb Code    48  trapv.o(x$fpl$trapveneer)
    __I$use$fp                               0x0800d53e   Number         0  usenofp.o(x$fpl$usenofp)
    f                                        0x0800d540   Data         324  main.o(.constdata)
    asc2_1608                                0x0800d684   Data        1520  tft.o(.constdata)
    reg                                      0x0800dc74   Data          27  inv_mpu.o(.constdata)
    hw                                       0x0800dc90   Data          12  inv_mpu.o(.constdata)
    test                                     0x0800dc9c   Data          40  inv_mpu.o(.constdata)
    __mathlib_zero                           0x0800e9e8   Data           8  qnan.o(.constdata)
    Region$$Table$$Base                      0x0800ead4   Number         0  anon$$obj.o(Region$$Table)
    Region$$Table$$Limit                     0x0800eaf4   Number         0  anon$$obj.o(Region$$Table)
    __ctype                                  0x0800eb1d   Data           0  lc_ctype_c.o(locale$$data)
    JP                                       0x20000000   Data          80  main.o(.data)
    StartTask_Handler                        0x20000050   Data           4  main.o(.data)
    LED0Task_Handler                         0x20000054   Data           4  main.o(.data)
    OLEDTask_Handler                         0x20000058   Data           4  main.o(.data)
    PIDTask_Handler                          0x2000005c   Data           4  main.o(.data)
    KEYTask_Handler                          0x20000060   Data           4  main.o(.data)
    Play_MusicTask_Handler                   0x20000064   Data           4  main.o(.data)
    MPU6050Task_Handler                      0x20000068   Data           4  main.o(.data)
    OLED_Bin_SemaphoreHandle                 0x2000006c   Data           4  main.o(.data)
    BEEP_Bin_SemaphoreHandle                 0x20000070   Data           4  main.o(.data)
    MPU6050_Bin_SemaphoreHandle              0x20000074   Data           4  main.o(.data)
    Key_EventGroupHandle                     0x20000078   Data           4  main.o(.data)
    SystemCoreClock                          0x2000007c   Data           4  system_stm32f10x.o(.data)
    AHBPrescTable                            0x20000080   Data          16  system_stm32f10x.o(.data)
    hanzi                                    0x20000094   Data         640  tft.o(.data)
    Hzk                                      0x20000314   Data         448  tft.o(.data)
    BACK_COLOR                               0x200004d4   Data           4  tft.o(.data)
    POINT_COLOR                              0x200004d8   Data           4  tft.o(.data)
    witchbuf                                 0x20000518   Data           1  usart.o(.data)
    USART1_TX_FLAG                           0x20000519   Data           1  usart.o(.data)
    USART1_RX_FLAG                           0x2000051a   Data           1  usart.o(.data)
    __stdout                                 0x2000051c   Data           4  usart.o(.data)
    USART_RX_STA                             0x20000520   Data           2  usart.o(.data)
    pxCurrentTCB                             0x20000538   Data           4  tasks.o(.data)
    uxTopUsedPriority                        0x20000570   Data           4  tasks.o(.data)
    Usart2_Handle                            0x200005b8   Data         806  usart2.o(.bss)
    Usart3_Handle                            0x200008de   Data        1406  usart3.o(.bss)
    Car_1                                    0x20000e5c   Data         376  tb6612.o(.bss)
    Beep                                     0x20000fd8   Data          32  beep.o(.bss)
    USART1_TX_BUF                            0x20001008   Data         100  usart.o(.bss)
    u1rxbuf                                  0x2000106c   Data         100  usart.o(.bss)
    u2rxbuf                                  0x200010d0   Data         100  usart.o(.bss)
    USART_RX_BUF                             0x20001134   Data         200  usart.o(.bss)
    xQueueRegistry                           0x200011fc   Data          64  queue.o(.bss)
    __libspace_start                         0x20007948   Data          96  libspace.o(.bss)
    __temporary_stack_top$libspace           0x200079a8   Data           0  libspace.o(.bss)



==============================================================================

Memory Map of the image

  Image Entry point : 0x08000131

  Load Region LR_IROM1 (Base: 0x08000000, Size: 0x0000f1d8, Max: 0x00040000, ABSOLUTE, COMPRESSED[0x0000ee50])

    Execution Region ER_IROM1 (Exec base: 0x08000000, Load base: 0x08000000, Size: 0x0000ec20, Max: 0x00040000, ABSOLUTE)

    Exec Addr    Load Addr    Size         Type   Attr      Idx    E Section Name        Object

    0x08000000   0x08000000   0x00000130   Data   RO         1981    RESET               startup_stm32f10x_hd.o
    0x08000130   0x08000130   0x00000008   Code   RO         4744  * !!!main             c_w.l(__main.o)
    0x08000138   0x08000138   0x00000034   Code   RO         5170    !!!scatter          c_w.l(__scatter.o)
    0x0800016c   0x0800016c   0x0000005a   Code   RO         5168    !!dczerorl2         c_w.l(__dczerorl2.o)
    0x080001c6   0x080001c6   0x00000002   PAD
    0x080001c8   0x080001c8   0x0000001c   Code   RO         5172    !!handler_zi        c_w.l(__scatter_zi.o)
    0x080001e4   0x080001e4   0x00000000   Code   RO         4723    .ARM.Collect$$_printf_percent$$00000000  c_w.l(_printf_percent.o)
    0x080001e4   0x080001e4   0x00000006   Code   RO         4866    .ARM.Collect$$_printf_percent$$00000001  c_w.l(_printf_n.o)
    0x080001ea   0x080001ea   0x00000006   Code   RO         4867    .ARM.Collect$$_printf_percent$$00000002  c_w.l(_printf_p.o)
    0x080001f0   0x080001f0   0x00000006   Code   RO         4722    .ARM.Collect$$_printf_percent$$00000003  c_w.l(_printf_f.o)
    0x080001f6   0x080001f6   0x00000006   Code   RO         4870    .ARM.Collect$$_printf_percent$$00000004  c_w.l(_printf_e.o)
    0x080001fc   0x080001fc   0x00000006   Code   RO         4871    .ARM.Collect$$_printf_percent$$00000005  c_w.l(_printf_g.o)
    0x08000202   0x08000202   0x00000006   Code   RO         4872    .ARM.Collect$$_printf_percent$$00000006  c_w.l(_printf_a.o)
    0x08000208   0x08000208   0x0000000a   Code   RO         4877    .ARM.Collect$$_printf_percent$$00000007  c_w.l(_printf_ll.o)
    0x08000212   0x08000212   0x00000006   Code   RO         4869    .ARM.Collect$$_printf_percent$$00000008  c_w.l(_printf_i.o)
    0x08000218   0x08000218   0x00000006   Code   RO         4720    .ARM.Collect$$_printf_percent$$00000009  c_w.l(_printf_d.o)
    0x0800021e   0x0800021e   0x00000006   Code   RO         4721    .ARM.Collect$$_printf_percent$$0000000A  c_w.l(_printf_u.o)
    0x08000224   0x08000224   0x00000006   Code   RO         4868    .ARM.Collect$$_printf_percent$$0000000B  c_w.l(_printf_o.o)
    0x0800022a   0x0800022a   0x00000006   Code   RO         4719    .ARM.Collect$$_printf_percent$$0000000C  c_w.l(_printf_x.o)
    0x08000230   0x08000230   0x00000006   Code   RO         4874    .ARM.Collect$$_printf_percent$$0000000D  c_w.l(_printf_lli.o)
    0x08000236   0x08000236   0x00000006   Code   RO         4875    .ARM.Collect$$_printf_percent$$0000000E  c_w.l(_printf_lld.o)
    0x0800023c   0x0800023c   0x00000006   Code   RO         4876    .ARM.Collect$$_printf_percent$$0000000F  c_w.l(_printf_llu.o)
    0x08000242   0x08000242   0x00000006   Code   RO         4881    .ARM.Collect$$_printf_percent$$00000010  c_w.l(_printf_llo.o)
    0x08000248   0x08000248   0x00000006   Code   RO         4882    .ARM.Collect$$_printf_percent$$00000011  c_w.l(_printf_llx.o)
    0x0800024e   0x0800024e   0x0000000a   Code   RO         4878    .ARM.Collect$$_printf_percent$$00000012  c_w.l(_printf_l.o)
    0x08000258   0x08000258   0x00000006   Code   RO         4717    .ARM.Collect$$_printf_percent$$00000013  c_w.l(_printf_c.o)
    0x0800025e   0x0800025e   0x00000006   Code   RO         4718    .ARM.Collect$$_printf_percent$$00000014  c_w.l(_printf_s.o)
    0x08000264   0x08000264   0x00000006   Code   RO         4879    .ARM.Collect$$_printf_percent$$00000015  c_w.l(_printf_lc.o)
    0x0800026a   0x0800026a   0x00000006   Code   RO         4880    .ARM.Collect$$_printf_percent$$00000016  c_w.l(_printf_ls.o)
    0x08000270   0x08000270   0x00000004   Code   RO         4873    .ARM.Collect$$_printf_percent$$00000017  c_w.l(_printf_percent_end.o)
    0x08000274   0x08000274   0x00000002   Code   RO         5034    .ARM.Collect$$libinit$$00000000  c_w.l(libinit.o)
    0x08000276   0x08000276   0x00000000   Code   RO         5036    .ARM.Collect$$libinit$$00000002  c_w.l(libinit2.o)
    0x08000276   0x08000276   0x00000000   Code   RO         5038    .ARM.Collect$$libinit$$00000004  c_w.l(libinit2.o)
    0x08000276   0x08000276   0x00000000   Code   RO         5041    .ARM.Collect$$libinit$$0000000A  c_w.l(libinit2.o)
    0x08000276   0x08000276   0x00000000   Code   RO         5043    .ARM.Collect$$libinit$$0000000C  c_w.l(libinit2.o)
    0x08000276   0x08000276   0x00000000   Code   RO         5045    .ARM.Collect$$libinit$$0000000E  c_w.l(libinit2.o)
    0x08000276   0x08000276   0x00000006   Code   RO         5046    .ARM.Collect$$libinit$$0000000F  c_w.l(libinit2.o)
    0x0800027c   0x0800027c   0x00000000   Code   RO         5048    .ARM.Collect$$libinit$$00000011  c_w.l(libinit2.o)
    0x0800027c   0x0800027c   0x0000000c   Code   RO         5049    .ARM.Collect$$libinit$$00000012  c_w.l(libinit2.o)
    0x08000288   0x08000288   0x00000000   Code   RO         5050    .ARM.Collect$$libinit$$00000013  c_w.l(libinit2.o)
    0x08000288   0x08000288   0x00000000   Code   RO         5052    .ARM.Collect$$libinit$$00000015  c_w.l(libinit2.o)
    0x08000288   0x08000288   0x0000000a   Code   RO         5053    .ARM.Collect$$libinit$$00000016  c_w.l(libinit2.o)
    0x08000292   0x08000292   0x00000000   Code   RO         5054    .ARM.Collect$$libinit$$00000017  c_w.l(libinit2.o)
    0x08000292   0x08000292   0x00000000   Code   RO         5056    .ARM.Collect$$libinit$$00000019  c_w.l(libinit2.o)
    0x08000292   0x08000292   0x00000000   Code   RO         5058    .ARM.Collect$$libinit$$0000001B  c_w.l(libinit2.o)
    0x08000292   0x08000292   0x00000000   Code   RO         5060    .ARM.Collect$$libinit$$0000001D  c_w.l(libinit2.o)
    0x08000292   0x08000292   0x00000000   Code   RO         5062    .ARM.Collect$$libinit$$0000001F  c_w.l(libinit2.o)
    0x08000292   0x08000292   0x00000000   Code   RO         5064    .ARM.Collect$$libinit$$00000021  c_w.l(libinit2.o)
    0x08000292   0x08000292   0x00000000   Code   RO         5066    .ARM.Collect$$libinit$$00000023  c_w.l(libinit2.o)
    0x08000292   0x08000292   0x00000000   Code   RO         5068    .ARM.Collect$$libinit$$00000025  c_w.l(libinit2.o)
    0x08000292   0x08000292   0x00000000   Code   RO         5072    .ARM.Collect$$libinit$$0000002C  c_w.l(libinit2.o)
    0x08000292   0x08000292   0x00000000   Code   RO         5074    .ARM.Collect$$libinit$$0000002E  c_w.l(libinit2.o)
    0x08000292   0x08000292   0x00000000   Code   RO         5076    .ARM.Collect$$libinit$$00000030  c_w.l(libinit2.o)
    0x08000292   0x08000292   0x00000000   Code   RO         5078    .ARM.Collect$$libinit$$00000032  c_w.l(libinit2.o)
    0x08000292   0x08000292   0x00000002   Code   RO         5079    .ARM.Collect$$libinit$$00000033  c_w.l(libinit2.o)
    0x08000294   0x08000294   0x00000002   Code   RO         5128    .ARM.Collect$$libshutdown$$00000000  c_w.l(libshutdown.o)
    0x08000296   0x08000296   0x00000000   Code   RO         5137    .ARM.Collect$$libshutdown$$00000002  c_w.l(libshutdown2.o)
    0x08000296   0x08000296   0x00000000   Code   RO         5139    .ARM.Collect$$libshutdown$$00000004  c_w.l(libshutdown2.o)
    0x08000296   0x08000296   0x00000000   Code   RO         5142    .ARM.Collect$$libshutdown$$00000007  c_w.l(libshutdown2.o)
    0x08000296   0x08000296   0x00000000   Code   RO         5145    .ARM.Collect$$libshutdown$$0000000A  c_w.l(libshutdown2.o)
    0x08000296   0x08000296   0x00000000   Code   RO         5147    .ARM.Collect$$libshutdown$$0000000C  c_w.l(libshutdown2.o)
    0x08000296   0x08000296   0x00000000   Code   RO         5150    .ARM.Collect$$libshutdown$$0000000F  c_w.l(libshutdown2.o)
    0x08000296   0x08000296   0x00000002   Code   RO         5151    .ARM.Collect$$libshutdown$$00000010  c_w.l(libshutdown2.o)
    0x08000298   0x08000298   0x00000000   Code   RO         4832    .ARM.Collect$$rtentry$$00000000  c_w.l(__rtentry.o)
    0x08000298   0x08000298   0x00000000   Code   RO         4938    .ARM.Collect$$rtentry$$00000002  c_w.l(__rtentry2.o)
    0x08000298   0x08000298   0x00000006   Code   RO         4950    .ARM.Collect$$rtentry$$00000004  c_w.l(__rtentry4.o)
    0x0800029e   0x0800029e   0x00000000   Code   RO         4940    .ARM.Collect$$rtentry$$00000009  c_w.l(__rtentry2.o)
    0x0800029e   0x0800029e   0x00000004   Code   RO         4941    .ARM.Collect$$rtentry$$0000000A  c_w.l(__rtentry2.o)
    0x080002a2   0x080002a2   0x00000000   Code   RO         4943    .ARM.Collect$$rtentry$$0000000C  c_w.l(__rtentry2.o)
    0x080002a2   0x080002a2   0x00000008   Code   RO         4944    .ARM.Collect$$rtentry$$0000000D  c_w.l(__rtentry2.o)
    0x080002aa   0x080002aa   0x00000002   Code   RO         5082    .ARM.Collect$$rtexit$$00000000  c_w.l(rtexit.o)
    0x080002ac   0x080002ac   0x00000000   Code   RO         5098    .ARM.Collect$$rtexit$$00000002  c_w.l(rtexit2.o)
    0x080002ac   0x080002ac   0x00000004   Code   RO         5099    .ARM.Collect$$rtexit$$00000003  c_w.l(rtexit2.o)
    0x080002b0   0x080002b0   0x00000006   Code   RO         5100    .ARM.Collect$$rtexit$$00000004  c_w.l(rtexit2.o)
    0x080002b6   0x080002b6   0x00000002   PAD
    0x080002b8   0x080002b8   0x00000096   Code   RO         4575    .emb_text           port.o
    0x0800034e   0x0800034e   0x00000002   PAD
    0x08000350   0x08000350   0x00000040   Code   RO         1982    .text               startup_stm32f10x_hd.o
    0x08000390   0x08000390   0x00000002   Code   RO         4654    .text               c_w.l(use_no_semi_2.o)
    0x08000392   0x08000392   0x00000048   Code   RO         4656    .text               c_w.l(llsdiv.o)
    0x080003da   0x080003da   0x00000002   PAD
    0x080003dc   0x080003dc   0x00000034   Code   RO         4658    .text               c_w.l(c89vsnprintf.o)
    0x08000410   0x08000410   0x00000018   Code   RO         4660    .text               c_w.l(__2printf.o)
    0x08000428   0x08000428   0x0000002c   Code   RO         4662    .text               c_w.l(__2sprintf.o)
    0x08000454   0x08000454   0x0000004e   Code   RO         4670    .text               c_w.l(_printf_pad.o)
    0x080004a2   0x080004a2   0x00000052   Code   RO         4672    .text               c_w.l(_printf_str.o)
    0x080004f4   0x080004f4   0x00000078   Code   RO         4674    .text               c_w.l(_printf_dec.o)
    0x0800056c   0x0800056c   0x00000094   Code   RO         4694    .text               c_w.l(_printf_hex_int_ll_ptr.o)
    0x08000600   0x08000600   0x00000188   Code   RO         4714    .text               c_w.l(__printf_flags_ss_wp.o)
    0x08000788   0x08000788   0x00000024   Code   RO         4724    .text               c_w.l(strstr.o)
    0x080007ac   0x080007ac   0x00000058   Code   RO         4726    .text               c_w.l(memcmp.o)
    0x08000804   0x08000804   0x0000003e   Code   RO         4730    .text               c_w.l(strlen.o)
    0x08000842   0x08000842   0x0000008a   Code   RO         4732    .text               c_w.l(rt_memcpy_v6.o)
    0x080008cc   0x080008cc   0x00000064   Code   RO         4734    .text               c_w.l(rt_memcpy_w.o)
    0x08000930   0x08000930   0x00000010   Code   RO         4738    .text               c_w.l(aeabi_memset.o)
    0x08000940   0x08000940   0x0000004e   Code   RO         4740    .text               c_w.l(rt_memclr_w.o)
    0x0800098e   0x0800098e   0x00000006   Code   RO         4742    .text               c_w.l(heapauxi.o)
    0x08000994   0x08000994   0x00000002   Code   RO         4830    .text               c_w.l(use_no_semi.o)
    0x08000996   0x08000996   0x000000ee   Code   RO         4833    .text               c_w.l(lludivv7m.o)
    0x08000a84   0x08000a84   0x00000016   Code   RO         4835    .text               c_w.l(_rserrno.o)
    0x08000a9a   0x08000a9a   0x00000024   Code   RO         4837    .text               c_w.l(_printf_truncate.o)
    0x08000abe   0x08000abe   0x000000b2   Code   RO         4839    .text               c_w.l(_printf_intcommon.o)
    0x08000b70   0x08000b70   0x00000028   Code   RO         4841    .text               c_w.l(_printf_charcount.o)
    0x08000b98   0x08000b98   0x0000041e   Code   RO         4843    .text               c_w.l(_printf_fp_dec.o)
    0x08000fb6   0x08000fb6   0x00000002   PAD
    0x08000fb8   0x08000fb8   0x00000030   Code   RO         4845    .text               c_w.l(_printf_char_common.o)
    0x08000fe8   0x08000fe8   0x0000000a   Code   RO         4847    .text               c_w.l(_sputc.o)
    0x08000ff2   0x08000ff2   0x00000010   Code   RO         4849    .text               c_w.l(_snputc.o)
    0x08001002   0x08001002   0x0000002c   Code   RO         4851    .text               c_w.l(_printf_char.o)
    0x0800102e   0x0800102e   0x00000002   PAD
    0x08001030   0x08001030   0x00000024   Code   RO         4853    .text               c_w.l(_printf_char_file.o)
    0x08001054   0x08001054   0x000000bc   Code   RO         4855    .text               c_w.l(_printf_wctomb.o)
    0x08001110   0x08001110   0x0000007c   Code   RO         4858    .text               c_w.l(_printf_longlong_dec.o)
    0x0800118c   0x0800118c   0x00000070   Code   RO         4864    .text               c_w.l(_printf_oct_int_ll.o)
    0x080011fc   0x080011fc   0x00000044   Code   RO         4883    .text               c_w.l(rt_memclr.o)
    0x08001240   0x08001240   0x00000008   Code   RO         4959    .text               c_w.l(rt_locale_intlibspace.o)
    0x08001248   0x08001248   0x00000008   Code   RO         4964    .text               c_w.l(rt_errno_addr_intlibspace.o)
    0x08001250   0x08001250   0x0000008a   Code   RO         4966    .text               c_w.l(lludiv10.o)
    0x080012da   0x080012da   0x00000002   PAD
    0x080012dc   0x080012dc   0x00000080   Code   RO         4968    .text               c_w.l(_printf_fp_infnan.o)
    0x0800135c   0x0800135c   0x0000002c   Code   RO         4972    .text               c_w.l(_printf_wchar.o)
    0x08001388   0x08001388   0x000000e4   Code   RO         4974    .text               c_w.l(bigflt0.o)
    0x0800146c   0x0800146c   0x00000008   Code   RO         4999    .text               c_w.l(ferror.o)
    0x08001474   0x08001474   0x00000040   Code   RO         5003    .text               c_w.l(_wcrtomb.o)
    0x080014b4   0x080014b4   0x00000008   Code   RO         5016    .text               c_w.l(libspace.o)
    0x080014bc   0x080014bc   0x0000004a   Code   RO         5019    .text               c_w.l(sys_stackheap_outer.o)
    0x08001506   0x08001506   0x00000002   PAD
    0x08001508   0x08001508   0x00000010   Code   RO         5021    .text               c_w.l(rt_ctype_table.o)
    0x08001518   0x08001518   0x00000012   Code   RO         5025    .text               c_w.l(exit.o)
    0x0800152a   0x0800152a   0x00000002   PAD
    0x0800152c   0x0800152c   0x00000080   Code   RO         5027    .text               c_w.l(strcmpv7m.o)
    0x080015ac   0x080015ac   0x0000003e   Code   RO         4977    CL$$btod_d2e        c_w.l(btod.o)
    0x080015ea   0x080015ea   0x00000046   Code   RO         4979    CL$$btod_d2e_denorm_low  c_w.l(btod.o)
    0x08001630   0x08001630   0x00000060   Code   RO         4978    CL$$btod_d2e_norm_op1  c_w.l(btod.o)
    0x08001690   0x08001690   0x00000338   Code   RO         4987    CL$$btod_div_common  c_w.l(btod.o)
    0x080019c8   0x080019c8   0x000000dc   Code   RO         4984    CL$$btod_e2e        c_w.l(btod.o)
    0x08001aa4   0x08001aa4   0x0000002a   Code   RO         4981    CL$$btod_ediv       c_w.l(btod.o)
    0x08001ace   0x08001ace   0x0000002a   Code   RO         4980    CL$$btod_emul       c_w.l(btod.o)
    0x08001af8   0x08001af8   0x00000244   Code   RO         4986    CL$$btod_mult_common  c_w.l(btod.o)
    0x08001d3c   0x08001d3c   0x000000c0   Code   RO          900    i.ADC4_Init         adc.o
    0x08001dfc   0x08001dfc   0x00000016   Code   RO         3124    i.ADC_Cmd           stm32f10x_adc.o
    0x08001e12   0x08001e12   0x00000016   Code   RO         3125    i.ADC_DMACmd        stm32f10x_adc.o
    0x08001e28   0x08001e28   0x0000005c   Code   RO         3126    i.ADC_DeInit        stm32f10x_adc.o
    0x08001e84   0x08001e84   0x00000014   Code   RO         3132    i.ADC_GetCalibrationStatus  stm32f10x_adc.o
    0x08001e98   0x08001e98   0x00000014   Code   RO         3138    i.ADC_GetResetCalibrationStatus  stm32f10x_adc.o
    0x08001eac   0x08001eac   0x00000050   Code   RO         3142    i.ADC_Init          stm32f10x_adc.o
    0x08001efc   0x08001efc   0x000000b8   Code   RO         3146    i.ADC_RegularChannelConfig  stm32f10x_adc.o
    0x08001fb4   0x08001fb4   0x0000000a   Code   RO         3147    i.ADC_ResetCalibration  stm32f10x_adc.o
    0x08001fbe   0x08001fbe   0x00000016   Code   RO         3149    i.ADC_SoftwareStartConvCmd  stm32f10x_adc.o
    0x08001fd4   0x08001fd4   0x0000000a   Code   RO         3151    i.ADC_StartCalibration  stm32f10x_adc.o
    0x08001fde   0x08001fde   0x0000005a   Code   RO         1009    i.Address_set       tft.o
    0x08002038   0x08002038   0x00000040   Code   RO          932    i.Beep_Init         beep.o
    0x08002078   0x08002078   0x00000104   Code   RO          938    i.Beep_Voice        beep.o
    0x0800217c   0x0800217c   0x0000001c   Code   RO          939    i.Boot_prompt_tone  beep.o
    0x08002198   0x08002198   0x00000004   Code   RO          274    i.BusFault_Handler  stm32f10x_it.o
    0x0800219c   0x0800219c   0x0000013c   Code   RO          774    i.Car_Direction     tb6612.o
    0x080022d8   0x080022d8   0x000000b8   Code   RO          775    i.Car_Go            tb6612.o
    0x08002390   0x08002390   0x00000064   Code   RO          776    i.Car_Location_PID  tb6612.o
    0x080023f4   0x080023f4   0x000000a0   Code   RO          777    i.Car_Speed_PID     tb6612.o
    0x08002494   0x08002494   0x00000058   Code   RO          778    i.Car_Stop          tb6612.o
    0x080024ec   0x080024ec   0x00000090   Code   RO          779    i.Car_Struct_Init   tb6612.o
    0x0800257c   0x0800257c   0x00000038   Code   RO          684    i.DMA1_Channel2_IRQHandler  usart3.o
    0x080025b4   0x080025b4   0x00000038   Code   RO         1880    i.DMA1_Channel4_IRQHandler  usart.o
    0x080025ec   0x080025ec   0x00000058   Code   RO          616    i.DMA1_Channel7_IRQHandler  usart2.o
    0x08002644   0x08002644   0x0000001c   Code   RO         3341    i.DMA_ClearITPendingBit  stm32f10x_dma.o
    0x08002660   0x08002660   0x00000018   Code   RO         3342    i.DMA_Cmd           stm32f10x_dma.o
    0x08002678   0x08002678   0x0000014c   Code   RO         3343    i.DMA_DeInit        stm32f10x_dma.o
    0x080027c4   0x080027c4   0x0000002c   Code   RO         3346    i.DMA_GetITStatus   stm32f10x_dma.o
    0x080027f0   0x080027f0   0x00000012   Code   RO         3347    i.DMA_ITConfig      stm32f10x_dma.o
    0x08002802   0x08002802   0x0000003c   Code   RO         3348    i.DMA_Init          stm32f10x_dma.o
    0x0800283e   0x0800283e   0x00000002   PAD
    0x08002840   0x08002840   0x00000030   Code   RO         1881    i.DMA_USART1_Tx_Data  usart.o
    0x08002870   0x08002870   0x00000044   Code   RO          685    i.DMA_USART3_Tx_Data  usart3.o
    0x080028b4   0x080028b4   0x00000002   Code   RO          275    i.DebugMon_Handler  stm32f10x_it.o
    0x080028b6   0x080028b6   0x00000002   PAD
    0x080028b8   0x080028b8   0x00000058   Code   RO         1145    i.EXTI15_10_IRQHandler  mpu6050.o
    0x08002910   0x08002910   0x0000004c   Code   RO          748    i.EXTI9_5_IRQHandler  key.o
    0x0800295c   0x0800295c   0x0000000c   Code   RO         3065    i.EXTI_ClearITPendingBit  stm32f10x_exti.o
    0x08002968   0x08002968   0x00000094   Code   RO         3070    i.EXTI_Init         stm32f10x_exti.o
    0x080029fc   0x080029fc   0x00000040   Code   RO         1989    i.GPIO_EXTILineConfig  stm32f10x_gpio.o
    0x08002a3c   0x08002a3c   0x00000116   Code   RO         1992    i.GPIO_Init         stm32f10x_gpio.o
    0x08002b52   0x08002b52   0x00000002   PAD
    0x08002b54   0x08002b54   0x00000090   Code   RO         1994    i.GPIO_PinRemapConfig  stm32f10x_gpio.o
    0x08002be4   0x08002be4   0x00000012   Code   RO         1996    i.GPIO_ReadInputDataBit  stm32f10x_gpio.o
    0x08002bf6   0x08002bf6   0x00000004   Code   RO         1999    i.GPIO_ResetBits    stm32f10x_gpio.o
    0x08002bfa   0x08002bfa   0x00000004   Code   RO         2000    i.GPIO_SetBits      stm32f10x_gpio.o
    0x08002bfe   0x08002bfe   0x00000004   Code   RO          276    i.HardFault_Handler  stm32f10x_it.o
    0x08002c02   0x08002c02   0x00000002   PAD
    0x08002c04   0x08002c04   0x00000028   Code   RO          464    i.IIC_Start         oled.o
    0x08002c2c   0x08002c2c   0x00000020   Code   RO          465    i.IIC_Stop          oled.o
    0x08002c4c   0x08002c4c   0x00000018   Code   RO          466    i.IIC_Wait_Ack      oled.o
    0x08002c64   0x08002c64   0x000000bc   Code   RO          749    i.KEY_Init          key.o
    0x08002d20   0x08002d20   0x0000002c   Code   RO         1011    i.LCD_Clear         tft.o
    0x08002d4c   0x08002d4c   0x00000020   Code   RO         1013    i.LCD_DrawPoint     tft.o
    0x08002d6c   0x08002d6c   0x000000e4   Code   RO         1018    i.LCD_ShowChar      tft.o
    0x08002e50   0x08002e50   0x0000003c   Code   RO         1020    i.LCD_ShowString    tft.o
    0x08002e8c   0x08002e8c   0x00000024   Code   RO         1021    i.LCD_WR_DATA       tft.o
    0x08002eb0   0x08002eb0   0x0000001c   Code   RO         1022    i.LCD_WR_DATA8      tft.o
    0x08002ecc   0x08002ecc   0x0000001c   Code   RO         1023    i.LCD_WR_REG        tft.o
    0x08002ee8   0x08002ee8   0x0000004c   Code   RO         1025    i.LCD_Writ_Bus      tft.o
    0x08002f34   0x08002f34   0x00000038   Code   RO          379    i.LED_Init          led.o
    0x08002f6c   0x08002f6c   0x000000a0   Code   RO          780    i.Location_Speed_Control  tb6612.o
    0x0800300c   0x0800300c   0x00000070   Code   RO         1146    i.MPU6050_INT_Init  mpu6050.o
    0x0800307c   0x0800307c   0x00000040   Code   RO            1    i.MPU6050_task      main.o
    0x080030bc   0x080030bc   0x000000dc   Code   RO         1147    i.MPU_Get_Accelerometer  mpu6050.o
    0x08003198   0x08003198   0x00000050   Code   RO         1148    i.MPU_Get_Gyroscope  mpu6050.o
    0x080031e8   0x080031e8   0x00000068   Code   RO         1149    i.MPU_Get_Temperature  mpu6050.o
    0x08003250   0x08003250   0x0000004c   Code   RO         1242    i.MPU_IIC_Ack       mpuiic.o
    0x0800329c   0x0800329c   0x0000000a   Code   RO         1243    i.MPU_IIC_Delay     mpuiic.o
    0x080032a6   0x080032a6   0x00000002   PAD
    0x080032a8   0x080032a8   0x00000038   Code   RO         1244    i.MPU_IIC_Init      mpuiic.o
    0x080032e0   0x080032e0   0x0000004c   Code   RO         1245    i.MPU_IIC_NAck      mpuiic.o
    0x0800332c   0x0800332c   0x0000006c   Code   RO         1246    i.MPU_IIC_Read_Byte  mpuiic.o
    0x08003398   0x08003398   0x0000005c   Code   RO         1247    i.MPU_IIC_Send_Byte  mpuiic.o
    0x080033f4   0x080033f4   0x00000048   Code   RO         1248    i.MPU_IIC_Start     mpuiic.o
    0x0800343c   0x0800343c   0x00000048   Code   RO         1249    i.MPU_IIC_Stop      mpuiic.o
    0x08003484   0x08003484   0x00000064   Code   RO         1250    i.MPU_IIC_Wait_Ack  mpuiic.o
    0x080034e8   0x080034e8   0x00000094   Code   RO         1150    i.MPU_Init          mpu6050.o
    0x0800357c   0x0800357c   0x0000003a   Code   RO         1151    i.MPU_Read_Byte     mpu6050.o
    0x080035b6   0x080035b6   0x00000074   Code   RO         1152    i.MPU_Read_Len      mpu6050.o
    0x0800362a   0x0800362a   0x00000010   Code   RO         1153    i.MPU_Set_Accel_Fsr  mpu6050.o
    0x0800363a   0x0800363a   0x00000010   Code   RO         1154    i.MPU_Set_Gyro_Fsr  mpu6050.o
    0x0800364a   0x0800364a   0x0000003a   Code   RO         1155    i.MPU_Set_LPF       mpu6050.o
    0x08003684   0x08003684   0x0000003a   Code   RO         1156    i.MPU_Set_Rate      mpu6050.o
    0x080036be   0x080036be   0x00000044   Code   RO         1157    i.MPU_Write_Byte    mpu6050.o
    0x08003702   0x08003702   0x00000060   Code   RO         1158    i.MPU_Write_Len     mpu6050.o
    0x08003762   0x08003762   0x00000052   Code   RO          901    i.MYDMA_Init        adc.o
    0x080037b4   0x080037b4   0x00000004   Code   RO          277    i.MemManage_Handler  stm32f10x_it.o
    0x080037b8   0x080037b8   0x00000194   Code   RO          781    i.Motor_Output      tb6612.o
    0x0800394c   0x0800394c   0x00000002   Code   RO          278    i.NMI_Handler       stm32f10x_it.o
    0x0800394e   0x0800394e   0x00000002   PAD
    0x08003950   0x08003950   0x00000070   Code   RO         2480    i.NVIC_Init         misc.o
    0x080039c0   0x080039c0   0x00000014   Code   RO         2481    i.NVIC_PriorityGroupConfig  misc.o
    0x080039d4   0x080039d4   0x0000003e   Code   RO          467    i.OLED_Clear        oled.o
    0x08003a12   0x08003a12   0x00000002   PAD
    0x08003a14   0x08003a14   0x00000144   Code   RO          471    i.OLED_Init         oled.o
    0x08003b58   0x08003b58   0x00000018   Code   RO          478    i.OLED_WR_Byte      oled.o
    0x08003b70   0x08003b70   0x00000130   Code   RO          845    i.PID_Init          pid.o
    0x08003ca0   0x08003ca0   0x00000018   Code   RO         2100    i.RCC_ADCCLKConfig  stm32f10x_rcc.o
    0x08003cb8   0x08003cb8   0x00000020   Code   RO         2101    i.RCC_AHBPeriphClockCmd  stm32f10x_rcc.o
    0x08003cd8   0x08003cd8   0x00000020   Code   RO         2102    i.RCC_APB1PeriphClockCmd  stm32f10x_rcc.o
    0x08003cf8   0x08003cf8   0x00000020   Code   RO         2103    i.RCC_APB1PeriphResetCmd  stm32f10x_rcc.o
    0x08003d18   0x08003d18   0x00000020   Code   RO         2104    i.RCC_APB2PeriphClockCmd  stm32f10x_rcc.o
    0x08003d38   0x08003d38   0x00000020   Code   RO         2105    i.RCC_APB2PeriphResetCmd  stm32f10x_rcc.o
    0x08003d58   0x08003d58   0x000000d4   Code   RO         2112    i.RCC_GetClocksFreq  stm32f10x_rcc.o
    0x08003e2c   0x08003e2c   0x000000b8   Code   RO          391    i.Read_Encode_Num   timer.o
    0x08003ee4   0x08003ee4   0x00000008   Code   RO          345    i.SetSysClock       system_stm32f10x.o
    0x08003eec   0x08003eec   0x000000e0   Code   RO          346    i.SetSysClockTo72   system_stm32f10x.o
    0x08003fcc   0x08003fcc   0x00000028   Code   RO         2484    i.SysTick_CLKSourceConfig  misc.o
    0x08003ff4   0x08003ff4   0x00000010   Code   RO         1813    i.SysTick_Handler   delay.o
    0x08004004   0x08004004   0x00000060   Code   RO          348    i.SystemInit        system_stm32f10x.o
    0x08004064   0x08004064   0x00000054   Code   RO          782    i.TB6612_Init       tb6612.o
    0x080040b8   0x080040b8   0x00000080   Code   RO         2516    i.TI1_Config        stm32f10x_tim.o
    0x08004138   0x08004138   0x00000098   Code   RO         2517    i.TI2_Config        stm32f10x_tim.o
    0x080041d0   0x080041d0   0x00000090   Code   RO         2518    i.TI3_Config        stm32f10x_tim.o
    0x08004260   0x08004260   0x00000098   Code   RO         2519    i.TI4_Config        stm32f10x_tim.o
    0x080042f8   0x080042f8   0x00000104   Code   RO          392    i.TIM1_UP_IRQHandler  timer.o
    0x080043fc   0x080043fc   0x00000018   Code   RO         2520    i.TIM_ARRPreloadConfig  stm32f10x_tim.o
    0x08004414   0x08004414   0x00000006   Code   RO         2526    i.TIM_ClearFlag     stm32f10x_tim.o
    0x0800441a   0x0800441a   0x00000006   Code   RO         2527    i.TIM_ClearITPendingBit  stm32f10x_tim.o
    0x08004420   0x08004420   0x00000018   Code   RO         2532    i.TIM_Cmd           stm32f10x_tim.o
    0x08004438   0x08004438   0x0000001e   Code   RO         2534    i.TIM_CtrlPWMOutputs  stm32f10x_tim.o
    0x08004456   0x08004456   0x00000002   PAD
    0x08004458   0x08004458   0x000001e8   Code   RO         2537    i.TIM_DeInit        stm32f10x_tim.o
    0x08004640   0x08004640   0x00000042   Code   RO         2541    i.TIM_EncoderInterfaceConfig  stm32f10x_tim.o
    0x08004682   0x08004682   0x00000022   Code   RO         2553    i.TIM_GetITStatus   stm32f10x_tim.o
    0x080046a4   0x080046a4   0x000000ac   Code   RO         2555    i.TIM_ICInit        stm32f10x_tim.o
    0x08004750   0x08004750   0x00000012   Code   RO         2556    i.TIM_ICStructInit  stm32f10x_tim.o
    0x08004762   0x08004762   0x00000012   Code   RO         2557    i.TIM_ITConfig      stm32f10x_tim.o
    0x08004774   0x08004774   0x00000098   Code   RO         2561    i.TIM_OC1Init       stm32f10x_tim.o
    0x0800480c   0x0800480c   0x00000012   Code   RO         2564    i.TIM_OC1PreloadConfig  stm32f10x_tim.o
    0x0800481e   0x0800481e   0x00000002   PAD
    0x08004820   0x08004820   0x000000a4   Code   RO         2566    i.TIM_OC2Init       stm32f10x_tim.o
    0x080048c4   0x080048c4   0x0000001a   Code   RO         2569    i.TIM_OC2PreloadConfig  stm32f10x_tim.o
    0x080048de   0x080048de   0x00000002   PAD
    0x080048e0   0x080048e0   0x000000a0   Code   RO         2571    i.TIM_OC3Init       stm32f10x_tim.o
    0x08004980   0x08004980   0x00000012   Code   RO         2574    i.TIM_OC3PreloadConfig  stm32f10x_tim.o
    0x08004992   0x08004992   0x00000002   PAD
    0x08004994   0x08004994   0x0000007c   Code   RO         2576    i.TIM_OC4Init       stm32f10x_tim.o
    0x08004a10   0x08004a10   0x0000001a   Code   RO         2578    i.TIM_OC4PreloadConfig  stm32f10x_tim.o
    0x08004a2a   0x08004a2a   0x00000004   Code   RO         2593    i.TIM_SetCompare1   stm32f10x_tim.o
    0x08004a2e   0x08004a2e   0x00000004   Code   RO         2594    i.TIM_SetCompare2   stm32f10x_tim.o
    0x08004a32   0x08004a32   0x00000004   Code   RO         2595    i.TIM_SetCompare3   stm32f10x_tim.o
    0x08004a36   0x08004a36   0x00000006   Code   RO         2596    i.TIM_SetCompare4   stm32f10x_tim.o
    0x08004a3c   0x08004a3c   0x00000004   Code   RO         2597    i.TIM_SetCounter    stm32f10x_tim.o
    0x08004a40   0x08004a40   0x00000012   Code   RO         2598    i.TIM_SetIC1Prescaler  stm32f10x_tim.o
    0x08004a52   0x08004a52   0x0000001a   Code   RO         2599    i.TIM_SetIC2Prescaler  stm32f10x_tim.o
    0x08004a6c   0x08004a6c   0x00000012   Code   RO         2600    i.TIM_SetIC3Prescaler  stm32f10x_tim.o
    0x08004a7e   0x08004a7e   0x0000001a   Code   RO         2601    i.TIM_SetIC4Prescaler  stm32f10x_tim.o
    0x08004a98   0x08004a98   0x000000a4   Code   RO         2603    i.TIM_TimeBaseInit  stm32f10x_tim.o
    0x08004b3c   0x08004b3c   0x00000012   Code   RO         2604    i.TIM_TimeBaseStructInit  stm32f10x_tim.o
    0x08004b4e   0x08004b4e   0x00000002   PAD
    0x08004b50   0x08004b50   0x00000064   Code   RO          393    i.Timer1_Init       timer.o
    0x08004bb4   0x08004bb4   0x00000104   Code   RO          394    i.Timer2_PWM_Init   timer.o
    0x08004cb8   0x08004cb8   0x0000009c   Code   RO          395    i.Timer3_Encoder_Init  timer.o
    0x08004d54   0x08004d54   0x0000009c   Code   RO          396    i.Timer4_Encoder_Init  timer.o
    0x08004df0   0x08004df0   0x0000009c   Code   RO          397    i.Timer5_Encoder_Init  timer.o
    0x08004e8c   0x08004e8c   0x0000009c   Code   RO          398    i.Timer8_Encoder_Init  timer.o
    0x08004f28   0x08004f28   0x00000030   Code   RO          875    i.UART5_IRQHandler  usart5.o
    0x08004f58   0x08004f58   0x00000088   Code   RO         1882    i.USART1_IRQHandler  usart.o
    0x08004fe0   0x08004fe0   0x000000a4   Code   RO         1883    i.USART1_TX_DMA_Config  usart.o
    0x08005084   0x08005084   0x000000a0   Code   RO          618    i.USART2_IRQHandler  usart2.o
    0x08005124   0x08005124   0x000000c4   Code   RO          619    i.USART2_Init       usart2.o
    0x080051e8   0x080051e8   0x00000098   Code   RO          686    i.USART3_IRQHandler  usart3.o
    0x08005280   0x08005280   0x00000012   Code   RO         2300    i.USART_ClearFlag   stm32f10x_usart.o
    0x08005292   0x08005292   0x0000001e   Code   RO         2301    i.USART_ClearITPendingBit  stm32f10x_usart.o
    0x080052b0   0x080052b0   0x00000018   Code   RO         2304    i.USART_Cmd         stm32f10x_usart.o
    0x080052c8   0x080052c8   0x00000012   Code   RO         2305    i.USART_DMACmd      stm32f10x_usart.o
    0x080052da   0x080052da   0x00000002   PAD
    0x080052dc   0x080052dc   0x0000009c   Code   RO         2306    i.USART_DeInit      stm32f10x_usart.o
    0x08005378   0x08005378   0x00000054   Code   RO         2308    i.USART_GetITStatus  stm32f10x_usart.o
    0x080053cc   0x080053cc   0x0000004a   Code   RO         2310    i.USART_ITConfig    stm32f10x_usart.o
    0x08005416   0x08005416   0x00000002   PAD
    0x08005418   0x08005418   0x000000d8   Code   RO         2311    i.USART_Init        stm32f10x_usart.o
    0x080054f0   0x080054f0   0x0000000a   Code   RO         2318    i.USART_ReceiveData  stm32f10x_usart.o
    0x080054fa   0x080054fa   0x00000008   Code   RO         2321    i.USART_SendData    stm32f10x_usart.o
    0x08005502   0x08005502   0x00000004   Code   RO          279    i.UsageFault_Handler  stm32f10x_it.o
    0x08005506   0x08005506   0x00000002   PAD
    0x08005508   0x08005508   0x00000114   Code   RO          620    i.Usart2_DMA_Init   usart2.o
    0x0800561c   0x0800561c   0x00000114   Code   RO          687    i.Usart3_DMA_Init   usart3.o
    0x08005730   0x08005730   0x00000054   Code   RO          479    i.Write_IIC_Byte    oled.o
    0x08005784   0x08005784   0x0000002c   Code   RO          480    i.Write_IIC_Command  oled.o
    0x080057b0   0x080057b0   0x0000002c   Code   RO          481    i.Write_IIC_Data    oled.o
    0x080057dc   0x080057dc   0x00000028   Code   RO         4924    i.__ARM_fpclassify  m_ws.l(fpclassify.o)
    0x08005804   0x08005804   0x000000aa   Code   RO         4926    i.__kernel_poly     m_ws.l(poly.o)
    0x080058ae   0x080058ae   0x00000006   Code   RO         4911    i.__mathlib_dbl_infnan  m_ws.l(dunder.o)
    0x080058b4   0x080058b4   0x00000004   Code   RO         4912    i.__mathlib_dbl_infnan2  m_ws.l(dunder.o)
    0x080058b8   0x080058b8   0x0000000c   Code   RO         4913    i.__mathlib_dbl_invalid  m_ws.l(dunder.o)
    0x080058c4   0x080058c4   0x00000010   Code   RO         4916    i.__mathlib_dbl_underflow  m_ws.l(dunder.o)
    0x080058d4   0x080058d4   0x0000000e   Code   RO         4707    i._is_digit         c_w.l(__printf_wp.o)
    0x080058e2   0x080058e2   0x00000004   Code   RO         1884    i._sys_exit         usart.o
    0x080058e6   0x080058e6   0x00000002   PAD
    0x080058e8   0x080058e8   0x000000a8   Code   RO         1302    i.accel_self_test   inv_mpu.o
    0x08005990   0x08005990   0x00000270   Code   RO         4813    i.asin              m_ws.l(asin.o)
    0x08005c00   0x08005c00   0x00000220   Code   RO         4901    i.atan              m_ws.l(atan.o)
    0x08005e20   0x08005e20   0x00000180   Code   RO         4823    i.atan2             m_ws.l(atan2.o)
    0x08005fa0   0x08005fa0   0x00000064   Code   RO         1627    i.decode_gesture    inv_mpu_dmp_motion_driver.o
    0x08006004   0x08006004   0x0000005c   Code   RO         1814    i.delay_init        delay.o
    0x08006060   0x08006060   0x00000040   Code   RO         1815    i.delay_ms          delay.o
    0x080060a0   0x080060a0   0x00000048   Code   RO         1816    i.delay_us          delay.o
    0x080060e8   0x080060e8   0x00000018   Code   RO         1817    i.delay_xms         delay.o
    0x08006100   0x08006100   0x0000003c   Code   RO         1628    i.dmp_enable_6x_lp_quat  inv_mpu_dmp_motion_driver.o
    0x0800613c   0x0800613c   0x0000021c   Code   RO         1629    i.dmp_enable_feature  inv_mpu_dmp_motion_driver.o
    0x08006358   0x08006358   0x00000058   Code   RO         1630    i.dmp_enable_gyro_cal  inv_mpu_dmp_motion_driver.o
    0x080063b0   0x080063b0   0x0000003c   Code   RO         1631    i.dmp_enable_lp_quat  inv_mpu_dmp_motion_driver.o
    0x080063ec   0x080063ec   0x00000018   Code   RO         1636    i.dmp_load_motion_driver_firmware  inv_mpu_dmp_motion_driver.o
    0x08006404   0x08006404   0x000001cc   Code   RO         1637    i.dmp_read_fifo     inv_mpu_dmp_motion_driver.o
    0x080065d0   0x080065d0   0x00000130   Code   RO         1640    i.dmp_set_accel_bias  inv_mpu_dmp_motion_driver.o
    0x08006700   0x08006700   0x00000070   Code   RO         1641    i.dmp_set_fifo_rate  inv_mpu_dmp_motion_driver.o
    0x08006770   0x08006770   0x00000130   Code   RO         1642    i.dmp_set_gyro_bias  inv_mpu_dmp_motion_driver.o
    0x080068a0   0x080068a0   0x00000138   Code   RO         1644    i.dmp_set_orientation  inv_mpu_dmp_motion_driver.o
    0x080069d8   0x080069d8   0x00000038   Code   RO         1647    i.dmp_set_shake_reject_thresh  inv_mpu_dmp_motion_driver.o
    0x08006a10   0x08006a10   0x00000026   Code   RO         1648    i.dmp_set_shake_reject_time  inv_mpu_dmp_motion_driver.o
    0x08006a36   0x08006a36   0x00000026   Code   RO         1649    i.dmp_set_shake_reject_timeout  inv_mpu_dmp_motion_driver.o
    0x08006a5c   0x08006a5c   0x00000046   Code   RO         1650    i.dmp_set_tap_axes  inv_mpu_dmp_motion_driver.o
    0x08006aa2   0x08006aa2   0x00000026   Code   RO         1651    i.dmp_set_tap_count  inv_mpu_dmp_motion_driver.o
    0x08006ac8   0x08006ac8   0x000001a0   Code   RO         1652    i.dmp_set_tap_thresh  inv_mpu_dmp_motion_driver.o
    0x08006c68   0x08006c68   0x00000026   Code   RO         1653    i.dmp_set_tap_time  inv_mpu_dmp_motion_driver.o
    0x08006c8e   0x08006c8e   0x00000026   Code   RO         1654    i.dmp_set_tap_time_multi  inv_mpu_dmp_motion_driver.o
    0x08006cb4   0x08006cb4   0x0000001c   Code   RO         1885    i.fputc             usart.o
    0x08006cd0   0x08006cd0   0x000000b4   Code   RO         1303    i.get_accel_prod_shift  inv_mpu.o
    0x08006d84   0x08006d84   0x00000470   Code   RO         1304    i.get_st_biases     inv_mpu.o
    0x080071f4   0x080071f4   0x00000110   Code   RO         1305    i.gyro_self_test    inv_mpu.o
    0x08007304   0x08007304   0x00000028   Code   RO         1306    i.inv_orientation_matrix_to_scalar  inv_mpu.o
    0x0800732c   0x0800732c   0x0000004e   Code   RO         1307    i.inv_row_2_scale   inv_mpu.o
    0x0800737a   0x0800737a   0x00000002   PAD
    0x0800737c   0x0800737c   0x00000094   Code   RO            2    i.key_task          main.o
    0x08007410   0x08007410   0x00000020   Code   RO            3    i.led0_task         main.o
    0x08007430   0x08007430   0x0000005c   Code   RO          846    i.location_pid_realize  pid.o
    0x0800748c   0x0800748c   0x000000f0   Code   RO            4    i.main              main.o
    0x0800757c   0x0800757c   0x00000002   Code   RO         1308    i.mget_ms           inv_mpu.o
    0x0800757e   0x0800757e   0x00000002   PAD
    0x08007580   0x08007580   0x00000070   Code   RO         1309    i.mpu_configure_fifo  inv_mpu.o
    0x080075f0   0x080075f0   0x00000224   Code   RO         1310    i.mpu_dmp_get_data  inv_mpu.o
    0x08007814   0x08007814   0x0000009c   Code   RO         1311    i.mpu_dmp_init      inv_mpu.o
    0x080078b0   0x080078b0   0x0000004c   Code   RO         1312    i.mpu_get_accel_fsr  inv_mpu.o
    0x080078fc   0x080078fc   0x00000054   Code   RO         1314    i.mpu_get_accel_sens  inv_mpu.o
    0x08007950   0x08007950   0x00000010   Code   RO         1319    i.mpu_get_fifo_config  inv_mpu.o
    0x08007960   0x08007960   0x00000044   Code   RO         1320    i.mpu_get_gyro_fsr  inv_mpu.o
    0x080079a4   0x080079a4   0x00000050   Code   RO         1322    i.mpu_get_gyro_sens  inv_mpu.o
    0x080079f4   0x080079f4   0x00000050   Code   RO         1324    i.mpu_get_lpf       inv_mpu.o
    0x08007a44   0x08007a44   0x00000020   Code   RO         1326    i.mpu_get_sample_rate  inv_mpu.o
    0x08007a64   0x08007a64   0x000001f0   Code   RO         1328    i.mpu_init          inv_mpu.o
    0x08007c54   0x08007c54   0x000000b8   Code   RO         1329    i.mpu_load_firmware  inv_mpu.o
    0x08007d0c   0x08007d0c   0x000000e0   Code   RO         1330    i.mpu_lp_accel_mode  inv_mpu.o
    0x08007dec   0x08007dec   0x000000c0   Code   RO         1333    i.mpu_read_fifo_stream  inv_mpu.o
    0x08007eac   0x08007eac   0x00000080   Code   RO         1334    i.mpu_read_mem      inv_mpu.o
    0x08007f2c   0x08007f2c   0x000001c8   Code   RO         1337    i.mpu_reset_fifo    inv_mpu.o
    0x080080f4   0x080080f4   0x0000011c   Code   RO         1338    i.mpu_run_self_test  inv_mpu.o
    0x08008210   0x08008210   0x00000084   Code   RO         1340    i.mpu_set_accel_fsr  inv_mpu.o
    0x08008294   0x08008294   0x0000014c   Code   RO         1341    i.mpu_set_bypass    inv_mpu.o
    0x080083e0   0x080083e0   0x00000090   Code   RO         1343    i.mpu_set_dmp_state  inv_mpu.o
    0x08008470   0x08008470   0x00000088   Code   RO         1344    i.mpu_set_gyro_fsr  inv_mpu.o
    0x080084f8   0x080084f8   0x0000006c   Code   RO         1345    i.mpu_set_int_latched  inv_mpu.o
    0x08008564   0x08008564   0x00000084   Code   RO         1347    i.mpu_set_lpf       inv_mpu.o
    0x080085e8   0x080085e8   0x0000009c   Code   RO         1348    i.mpu_set_sample_rate  inv_mpu.o
    0x08008684   0x08008684   0x000000d0   Code   RO         1349    i.mpu_set_sensors   inv_mpu.o
    0x08008754   0x08008754   0x00000080   Code   RO         1350    i.mpu_write_mem     inv_mpu.o
    0x080087d4   0x080087d4   0x00000040   Code   RO            5    i.oled_task         main.o
    0x08008814   0x08008814   0x00000050   Code   RO          902    i.output_voltage    adc.o
    0x08008864   0x08008864   0x000003c0   Code   RO            6    i.pid_task          main.o
    0x08008c24   0x08008c24   0x0000007c   Code   RO            7    i.play_music_task   main.o
    0x08008ca0   0x08008ca0   0x000000c0   Code   RO         3974    i.prvAddCurrentTaskToDelayedList  tasks.o
    0x08008d60   0x08008d60   0x000000ec   Code   RO         3975    i.prvAddNewTaskToReadyList  tasks.o
    0x08008e4c   0x08008e4c   0x00000064   Code   RO         4358    i.prvCheckForValidListAndQueue  timers.o
    0x08008eb0   0x08008eb0   0x00000048   Code   RO         3976    i.prvCheckTasksWaitingTermination  tasks.o
    0x08008ef8   0x08008ef8   0x0000002a   Code   RO         3571    i.prvCopyDataFromQueue  queue.o
    0x08008f22   0x08008f22   0x0000007e   Code   RO         3572    i.prvCopyDataToQueue  queue.o
    0x08008fa0   0x08008fa0   0x00000012   Code   RO         3977    i.prvDeleteTCB      tasks.o
    0x08008fb2   0x08008fb2   0x00000014   Code   RO         3573    i.prvGetDisinheritPriorityAfterTimeout  queue.o
    0x08008fc6   0x08008fc6   0x00000002   PAD
    0x08008fc8   0x08008fc8   0x00000028   Code   RO         4359    i.prvGetNextExpireTime  timers.o
    0x08008ff0   0x08008ff0   0x0000007c   Code   RO         4520    i.prvHeapInit       heap_4.o
    0x0800906c   0x0800906c   0x00000028   Code   RO         3978    i.prvIdleTask       tasks.o
    0x08009094   0x08009094   0x0000002e   Code   RO         3575    i.prvInitialiseNewQueue  queue.o
    0x080090c2   0x080090c2   0x00000002   PAD
    0x080090c4   0x080090c4   0x000000f0   Code   RO         3979    i.prvInitialiseNewTask  tasks.o
    0x080091b4   0x080091b4   0x00000068   Code   RO         3980    i.prvInitialiseTaskLists  tasks.o
    0x0800921c   0x0800921c   0x00000068   Code   RO         4521    i.prvInsertBlockIntoFreeList  heap_4.o
    0x08009284   0x08009284   0x00000058   Code   RO         4361    i.prvInsertTimerInActiveList  timers.o
    0x080092dc   0x080092dc   0x0000001a   Code   RO         3576    i.prvIsQueueEmpty   queue.o
    0x080092f6   0x080092f6   0x0000001e   Code   RO         3577    i.prvIsQueueFull    queue.o
    0x08009314   0x08009314   0x000000b4   Code   RO         3578    i.prvNotifyQueueSetContainer  queue.o
    0x080093c8   0x080093c8   0x00000044   Code   RO         4362    i.prvProcessExpiredTimer  timers.o
    0x0800940c   0x0800940c   0x00000160   Code   RO         4363    i.prvProcessReceivedCommands  timers.o
    0x0800956c   0x0800956c   0x00000074   Code   RO         4364    i.prvProcessTimerOrBlockTask  timers.o
    0x080095e0   0x080095e0   0x00000028   Code   RO         4365    i.prvReloadTimer    timers.o
    0x08009608   0x08009608   0x00000030   Code   RO         3982    i.prvResetNextTaskUnblockTime  tasks.o
    0x08009638   0x08009638   0x0000002c   Code   RO         4366    i.prvSampleTimeNow  timers.o
    0x08009664   0x08009664   0x00000044   Code   RO         4367    i.prvSwitchTimerLists  timers.o
    0x080096a8   0x080096a8   0x00000070   Code   RO         4576    i.prvTaskExitError  port.o
    0x08009718   0x08009718   0x0000001e   Code   RO         3421    i.prvTestWaitCondition  event_groups.o
    0x08009736   0x08009736   0x0000001a   Code   RO         4368    i.prvTimerTask      timers.o
    0x08009750   0x08009750   0x00000090   Code   RO         3579    i.prvUnlockQueue    queue.o
    0x080097e0   0x080097e0   0x00000180   Code   RO         4522    i.pvPortMalloc      heap_4.o
    0x08009960   0x08009960   0x00000020   Code   RO         3986    i.pvTaskIncrementMutexHeldCount  tasks.o
    0x08009980   0x08009980   0x00000024   Code   RO         4577    i.pxPortInitialiseStack  port.o
    0x080099a4   0x080099a4   0x00000094   Code   RO         1351    i.run_self_test     inv_mpu.o
    0x08009a38   0x08009a38   0x00000090   Code   RO         1352    i.set_int_enable    inv_mpu.o
    0x08009ac8   0x08009ac8   0x00000004   Code   RO          847    i.set_pid_target    pid.o
    0x08009acc   0x08009acc   0x000000a0   Code   RO          848    i.speed_pid_realize  pid.o
    0x08009b6c   0x08009b6c   0x0000004c   Code   RO         4930    i.sqrt              m_ws.l(sqrt.o)
    0x08009bb8   0x08009bb8   0x00000260   Code   RO            8    i.start_task        main.o
    0x08009e18   0x08009e18   0x00000040   Code   RO         1886    i.u1_printf         usart.o
    0x08009e58   0x08009e58   0x000000a0   Code   RO         1887    i.uart_init         usart.o
    0x08009ef8   0x08009ef8   0x000000d4   Code   RO          691    i.usart3_init       usart3.o
    0x08009fcc   0x08009fcc   0x000000bc   Code   RO          876    i.usart5_init       usart5.o
    0x0800a088   0x0800a088   0x00000028   Code   RO         3531    i.uxListRemove      list.o
    0x0800a0b0   0x0800a0b0   0x0000001c   Code   RO         3994    i.uxTaskResetEventItemValue  tasks.o
    0x0800a0cc   0x0800a0cc   0x00000010   Code   RO         3425    i.vEventGroupSetBitsCallback  event_groups.o
    0x0800a0dc   0x0800a0dc   0x0000001a   Code   RO         3532    i.vListInitialise   list.o
    0x0800a0f6   0x0800a0f6   0x00000006   Code   RO         3533    i.vListInitialiseItem  list.o
    0x0800a0fc   0x0800a0fc   0x00000034   Code   RO         3534    i.vListInsert       list.o
    0x0800a130   0x0800a130   0x00000018   Code   RO         3535    i.vListInsertEnd    list.o
    0x0800a148   0x0800a148   0x00000088   Code   RO         4579    i.vPortEnterCritical  port.o
    0x0800a1d0   0x0800a1d0   0x00000070   Code   RO         4580    i.vPortExitCritical  port.o
    0x0800a240   0x0800a240   0x000000c8   Code   RO         4523    i.vPortFree         heap_4.o
    0x0800a308   0x0800a308   0x00000028   Code   RO         4581    i.vPortSetupTimerInterrupt  port.o
    0x0800a330   0x0800a330   0x000000a0   Code   RO         4582    i.vPortValidateInterruptPriority  port.o
    0x0800a3d0   0x0800a3d0   0x0000007c   Code   RO         3585    i.vQueueAddToRegistry  queue.o
    0x0800a44c   0x0800a44c   0x0000004a   Code   RO         3589    i.vQueueWaitForMessageRestricted  queue.o
    0x0800a496   0x0800a496   0x00000002   PAD
    0x0800a498   0x0800a498   0x00000074   Code   RO         3995    i.vTaskDelay        tasks.o
    0x0800a50c   0x0800a50c   0x00000114   Code   RO         3996    i.vTaskDelete       tasks.o
    0x0800a620   0x0800a620   0x00000018   Code   RO         4000    i.vTaskInternalSetTimeOutState  tasks.o
    0x0800a638   0x0800a638   0x0000000c   Code   RO         4002    i.vTaskMissedYield  tasks.o
    0x0800a644   0x0800a644   0x00000054   Code   RO         4003    i.vTaskPlaceOnEventList  tasks.o
    0x0800a698   0x0800a698   0x0000007c   Code   RO         4004    i.vTaskPlaceOnEventListRestricted  tasks.o
    0x0800a714   0x0800a714   0x000000a0   Code   RO         4005    i.vTaskPlaceOnUnorderedEventList  tasks.o
    0x0800a7b4   0x0800a7b4   0x00000128   Code   RO         4006    i.vTaskPriorityDisinheritAfterTimeout  tasks.o
    0x0800a8dc   0x0800a8dc   0x00000120   Code   RO         4008    i.vTaskRemoveFromUnorderedEventList  tasks.o
    0x0800a9fc   0x0800a9fc   0x000000b4   Code   RO         4012    i.vTaskStartScheduler  tasks.o
    0x0800aab0   0x0800aab0   0x00000010   Code   RO         4014    i.vTaskSuspendAll   tasks.o
    0x0800aac0   0x0800aac0   0x000000a8   Code   RO         4015    i.vTaskSwitchContext  tasks.o
    0x0800ab68   0x0800ab68   0x0000001a   Code   RO         3429    i.xEventGroupCreate  event_groups.o
    0x0800ab82   0x0800ab82   0x00000002   PAD
    0x0800ab84   0x0800ab84   0x000000e8   Code   RO         3431    i.xEventGroupSetBits  event_groups.o
    0x0800ac6c   0x0800ac6c   0x00000024   Code   RO         3432    i.xEventGroupSetBitsFromISR  event_groups.o
    0x0800ac90   0x0800ac90   0x0000015c   Code   RO         3434    i.xEventGroupWaitBits  event_groups.o
    0x0800adec   0x0800adec   0x00000140   Code   RO         4583    i.xPortStartScheduler  port.o
    0x0800af2c   0x0800af2c   0x00000034   Code   RO         4584    i.xPortSysTickHandler  port.o
    0x0800af60   0x0800af60   0x00000080   Code   RO         3594    i.xQueueGenericCreate  queue.o
    0x0800afe0   0x0800afe0   0x000000ec   Code   RO         3595    i.xQueueGenericReset  queue.o
    0x0800b0cc   0x0800b0cc   0x000001d4   Code   RO         3596    i.xQueueGenericSend  queue.o
    0x0800b2a0   0x0800b2a0   0x00000134   Code   RO         3597    i.xQueueGenericSendFromISR  queue.o
    0x0800b3d4   0x0800b3d4   0x00000114   Code   RO         3598    i.xQueueGiveFromISR  queue.o
    0x0800b4e8   0x0800b4e8   0x00000170   Code   RO         3604    i.xQueueReceive     queue.o
    0x0800b658   0x0800b658   0x000001b4   Code   RO         3609    i.xQueueSemaphoreTake  queue.o
    0x0800b80c   0x0800b80c   0x000000a0   Code   RO         4017    i.xTaskCheckForTimeOut  tasks.o
    0x0800b8ac   0x0800b8ac   0x00000060   Code   RO         4018    i.xTaskCreate       tasks.o
    0x0800b90c   0x0800b90c   0x00000020   Code   RO         4025    i.xTaskGetSchedulerState  tasks.o
    0x0800b92c   0x0800b92c   0x0000000c   Code   RO         4026    i.xTaskGetTickCount  tasks.o
    0x0800b938   0x0800b938   0x000001d4   Code   RO         4028    i.xTaskIncrementTick  tasks.o
    0x0800bb0c   0x0800bb0c   0x00000100   Code   RO         4029    i.xTaskPriorityDisinherit  tasks.o
    0x0800bc0c   0x0800bc0c   0x000000ec   Code   RO         4030    i.xTaskPriorityInherit  tasks.o
    0x0800bcf8   0x0800bcf8   0x0000013c   Code   RO         4031    i.xTaskRemoveFromEventList  tasks.o
    0x0800be34   0x0800be34   0x00000190   Code   RO         4032    i.xTaskResumeAll    tasks.o
    0x0800bfc4   0x0800bfc4   0x00000074   Code   RO         4376    i.xTimerCreateTimerTask  timers.o
    0x0800c038   0x0800c038   0x00000034   Code   RO         4383    i.xTimerPendFunctionCallFromISR  timers.o
    0x0800c06c   0x0800c06c   0x0000002c   Code   RO         5006    locale$$code        c_w.l(lc_numeric_c.o)
    0x0800c098   0x0800c098   0x0000002c   Code   RO         5085    locale$$code        c_w.l(lc_ctype_c.o)
    0x0800c0c4   0x0800c0c4   0x00000062   Code   RO         4746    x$fpl$d2f           fz_ws.l(d2f.o)
    0x0800c126   0x0800c126   0x00000002   PAD
    0x0800c128   0x0800c128   0x00000150   Code   RO         4748    x$fpl$dadd          fz_ws.l(daddsub_clz.o)
    0x0800c278   0x0800c278   0x00000010   Code   RO         5008    x$fpl$dcheck1       fz_ws.l(dcheck1.o)
    0x0800c288   0x0800c288   0x00000018   Code   RO         5010    x$fpl$dcmpinf       fz_ws.l(dcmpi.o)
    0x0800c2a0   0x0800c2a0   0x000002b0   Code   RO         4755    x$fpl$ddiv          fz_ws.l(ddiv.o)
    0x0800c550   0x0800c550   0x0000005e   Code   RO         4758    x$fpl$dfix          fz_ws.l(dfix.o)
    0x0800c5ae   0x0800c5ae   0x00000002   PAD
    0x0800c5b0   0x0800c5b0   0x0000005a   Code   RO         4762    x$fpl$dfixu         fz_ws.l(dfixu.o)
    0x0800c60a   0x0800c60a   0x0000002e   Code   RO         4767    x$fpl$dflt          fz_ws.l(dflt_clz.o)
    0x0800c638   0x0800c638   0x00000026   Code   RO         4766    x$fpl$dfltu         fz_ws.l(dflt_clz.o)
    0x0800c65e   0x0800c65e   0x00000002   PAD
    0x0800c660   0x0800c660   0x00000078   Code   RO         4885    x$fpl$dleqf         fz_ws.l(dleqf.o)
    0x0800c6d8   0x0800c6d8   0x00000154   Code   RO         4772    x$fpl$dmul          fz_ws.l(dmul.o)
    0x0800c82c   0x0800c82c   0x0000009c   Code   RO         4887    x$fpl$dnaninf       fz_ws.l(dnaninf.o)
    0x0800c8c8   0x0800c8c8   0x0000000c   Code   RO         4889    x$fpl$dretinf       fz_ws.l(dretinf.o)
    0x0800c8d4   0x0800c8d4   0x0000006c   Code   RO         4774    x$fpl$drleqf        fz_ws.l(drleqf.o)
    0x0800c940   0x0800c940   0x00000016   Code   RO         4749    x$fpl$drsb          fz_ws.l(daddsub_clz.o)
    0x0800c956   0x0800c956   0x00000002   PAD
    0x0800c958   0x0800c958   0x000001cc   Code   RO         5012    x$fpl$dsqrt         fz_ws.l(dsqrt_noumaal.o)
    0x0800cb24   0x0800cb24   0x000001d4   Code   RO         4750    x$fpl$dsub          fz_ws.l(daddsub_clz.o)
    0x0800ccf8   0x0800ccf8   0x00000056   Code   RO         4776    x$fpl$f2d           fz_ws.l(f2d.o)
    0x0800cd4e   0x0800cd4e   0x00000002   PAD
    0x0800cd50   0x0800cd50   0x000000c4   Code   RO         4778    x$fpl$fadd          fz_ws.l(faddsub_clz.o)
    0x0800ce14   0x0800ce14   0x00000018   Code   RO         4891    x$fpl$fcmpinf       fz_ws.l(fcmpi.o)
    0x0800ce2c   0x0800ce2c   0x00000184   Code   RO         4785    x$fpl$fdiv          fz_ws.l(fdiv.o)
    0x0800cfb0   0x0800cfb0   0x00000068   Code   RO         4788    x$fpl$feqf          fz_ws.l(feqf.o)
    0x0800d018   0x0800d018   0x00000036   Code   RO         4790    x$fpl$ffix          fz_ws.l(ffix.o)
    0x0800d04e   0x0800d04e   0x00000002   PAD
    0x0800d050   0x0800d050   0x0000003e   Code   RO         4794    x$fpl$ffixu         fz_ws.l(ffixu.o)
    0x0800d08e   0x0800d08e   0x00000002   PAD
    0x0800d090   0x0800d090   0x00000030   Code   RO         4799    x$fpl$fflt          fz_ws.l(fflt_clz.o)
    0x0800d0c0   0x0800d0c0   0x00000026   Code   RO         4798    x$fpl$ffltu         fz_ws.l(fflt_clz.o)
    0x0800d0e6   0x0800d0e6   0x00000002   PAD
    0x0800d0e8   0x0800d0e8   0x00000068   Code   RO         4804    x$fpl$fleqf         fz_ws.l(fleqf.o)
    0x0800d150   0x0800d150   0x00000102   Code   RO         4806    x$fpl$fmul          fz_ws.l(fmul.o)
    0x0800d252   0x0800d252   0x0000008c   Code   RO         4893    x$fpl$fnaninf       fz_ws.l(fnaninf.o)
    0x0800d2de   0x0800d2de   0x0000000a   Code   RO         4895    x$fpl$fretinf       fz_ws.l(fretinf.o)
    0x0800d2e8   0x0800d2e8   0x00000062   Code   RO         4808    x$fpl$frleqf        fz_ws.l(frleqf.o)
    0x0800d34a   0x0800d34a   0x00000014   Code   RO         4779    x$fpl$frsb          fz_ws.l(faddsub_clz.o)
    0x0800d35e   0x0800d35e   0x00000002   PAD
    0x0800d360   0x0800d360   0x000000ea   Code   RO         4780    x$fpl$fsub          fz_ws.l(faddsub_clz.o)
    0x0800d44a   0x0800d44a   0x00000004   Code   RO         4810    x$fpl$printf1       fz_ws.l(printf1.o)
    0x0800d44e   0x0800d44e   0x00000064   Code   RO         5080    x$fpl$retnan        fz_ws.l(retnan.o)
    0x0800d4b2   0x0800d4b2   0x0000005c   Code   RO         4897    x$fpl$scalbn        fz_ws.l(scalbn.o)
    0x0800d50e   0x0800d50e   0x00000030   Code   RO         5095    x$fpl$trapveneer    fz_ws.l(trapv.o)
    0x0800d53e   0x0800d53e   0x00000000   Code   RO         4899    x$fpl$usenofp       fz_ws.l(usenofp.o)
    0x0800d53e   0x0800d53e   0x00000002   PAD
    0x0800d540   0x0800d540   0x00000144   Data   RO            9    .constdata          main.o
    0x0800d684   0x0800d684   0x000005f0   Data   RO         1029    .constdata          tft.o
    0x0800dc74   0x0800dc74   0x00000050   Data   RO         1354    .constdata          inv_mpu.o
    0x0800dcc4   0x0800dcc4   0x00000bf6   Data   RO         1656    .constdata          inv_mpu_dmp_motion_driver.o
    0x0800e8ba   0x0800e8ba   0x00000028   Data   RO         4695    .constdata          c_w.l(_printf_hex_int_ll_ptr.o)
    0x0800e8e2   0x0800e8e2   0x00000011   Data   RO         4715    .constdata          c_w.l(__printf_flags_ss_wp.o)
    0x0800e8f3   0x0800e8f3   0x00000005   PAD
    0x0800e8f8   0x0800e8f8   0x00000050   Data   RO         4814    .constdata          m_ws.l(asin.o)
    0x0800e948   0x0800e948   0x00000008   Data   RO         4856    .constdata          c_w.l(_printf_wctomb.o)
    0x0800e950   0x0800e950   0x00000098   Data   RO         4902    .constdata          m_ws.l(atan.o)
    0x0800e9e8   0x0800e9e8   0x00000008   Data   RO         4928    .constdata          m_ws.l(qnan.o)
    0x0800e9f0   0x0800e9f0   0x00000094   Data   RO         4975    .constdata          c_w.l(bigflt0.o)
    0x0800ea84   0x0800ea84   0x0000004d   Data   RO         1355    .conststring        inv_mpu.o
    0x0800ead1   0x0800ead1   0x00000003   PAD
    0x0800ead4   0x0800ead4   0x00000020   Data   RO         5166    Region$$Table       anon$$obj.o
    0x0800eaf4   0x0800eaf4   0x0000001c   Data   RO         5005    locale$$data        c_w.l(lc_numeric_c.o)
    0x0800eb10   0x0800eb10   0x00000110   Data   RO         5084    locale$$data        c_w.l(lc_ctype_c.o)


    Execution Region RW_IRAM1 (Exec base: 0x20000000, Load base: 0x0800ec20, Size: 0x00007fa8, Max: 0x0000c000, ABSOLUTE, COMPRESSED[0x00000230])

    Exec Addr    Load Addr    Size         Type   Attr      Idx    E Section Name        Object

    0x20000000   COMPRESSED   0x0000007c   Data   RW           10    .data               main.o
    0x2000007c   COMPRESSED   0x00000014   Data   RW          349    .data               system_stm32f10x.o
    0x20000090   COMPRESSED   0x00000002   Data   RW          399    .data               timer.o
    0x20000092   COMPRESSED   0x00000001   Data   RW          784    .data               tb6612.o
    0x20000093   COMPRESSED   0x00000001   PAD
    0x20000094   COMPRESSED   0x00000448   Data   RW         1030    .data               tft.o
    0x200004dc   COMPRESSED   0x00000035   Data   RW         1356    .data               inv_mpu.o
    0x20000511   COMPRESSED   0x00000001   PAD
    0x20000512   COMPRESSED   0x00000004   Data   RW         1818    .data               delay.o
    0x20000516   COMPRESSED   0x00000002   PAD
    0x20000518   COMPRESSED   0x0000000a   Data   RW         1889    .data               usart.o
    0x20000522   COMPRESSED   0x00000014   Data   RW         2132    .data               stm32f10x_rcc.o
    0x20000536   COMPRESSED   0x00000002   PAD
    0x20000538   COMPRESSED   0x00000040   Data   RW         4035    .data               tasks.o
    0x20000578   COMPRESSED   0x00000014   Data   RW         4385    .data               timers.o
    0x2000058c   COMPRESSED   0x00000020   Data   RW         4529    .data               heap_4.o
    0x200005ac   COMPRESSED   0x0000000c   Data   RW         4585    .data               port.o
    0x200005b8        -       0x00000326   Zero   RW          622    .bss                usart2.o
    0x200008de        -       0x0000057e   Zero   RW          692    .bss                usart3.o
    0x20000e5c        -       0x00000178   Zero   RW          783    .bss                tb6612.o
    0x20000fd4   COMPRESSED   0x00000004   PAD
    0x20000fd8        -       0x00000020   Zero   RW          941    .bss                beep.o
    0x20000ff8        -       0x00000010   Zero   RW         1655    .bss                inv_mpu_dmp_motion_driver.o
    0x20001008        -       0x000001f4   Zero   RW         1888    .bss                usart.o
    0x200011fc        -       0x00000040   Zero   RW         3611    .bss                queue.o
    0x2000123c        -       0x000002e4   Zero   RW         4034    .bss                tasks.o
    0x20001520        -       0x00000028   Zero   RW         4384    .bss                timers.o
    0x20001548        -       0x00006400   Zero   RW         4528    .bss                heap_4.o
    0x20007948        -       0x00000060   Zero   RW         5017    .bss                c_w.l(libspace.o)
    0x200079a8        -       0x00000200   Zero   RW         1980    HEAP                startup_stm32f10x_hd.o
    0x20007ba8        -       0x00000400   Zero   RW         1979    STACK               startup_stm32f10x_hd.o


==============================================================================

Image component sizes


      Code (inc. data)   RO Data    RW Data    ZI Data      Debug   Object Name

       354         32          0          0          0       2154   adc.o
       352         50          0          0         32       2872   beep.o
       268         26          0          4          0       2693   delay.o
       688        102          0          0          0      18852   event_groups.o
       812        186          0         32      25600       3803   heap_4.o
      6860        290        157         53          0      30256   inv_mpu.o
      3096        122       3062          0         16      20226   inv_mpu_dmp_motion_driver.o
       264         20          0          0          0       1100   key.o
        56          6          0          0          0        463   led.o
       148          0          0          0          0       2962   list.o
      2240        626        324        124          0     298940   main.o
       172         22          0          0          0       1949   misc.o
      1238         88          0          0          0       9237   mpu6050.o
       662        100          0          0          0       4602   mpuiic.o
       678         44          0          0          0       6048   oled.o
       560         24          0          0          0       2615   pid.o
      1118        378          0         12          0       9845   port.o
      3032        356          0          0         64      17832   queue.o
        64         26        304          0       1536        776   startup_stm32f10x_hd.o
       482         24          0          0          0       7674   stm32f10x_adc.o
       506         26          0          0          0       4951   stm32f10x_dma.o
       160         12          0          0          0       1417   stm32f10x_exti.o
       512         10          0          0          0       4924   stm32f10x_gpio.o
        20          0          0          0          0       2317   stm32f10x_it.o
       396         56          0         20          0       6455   stm32f10x_rcc.o
      2442        264          0          0          0      20790   stm32f10x_tim.o
       638         28          0          0          0       7637   stm32f10x_usart.o
         0          0          0          0          0         32   sys.o
       328         28          0         20          0       1957   system_stm32f10x.o
      4730        998          0         64        740      35872   tasks.o
      1640        184          0          1        376       7387   tb6612.o
       622         42       1520       1096          0       6012   tft.o
      1428        116          0          2          0       5503   timer.o
      1110        194          0         20         40      11156   timers.o
       660         64          0         10        500       6576   usart.o
       720         78          0          0        806       4615   usart2.o
       764         80          0          0       1406       4581   usart3.o
       236         24          0          0          0       1157   usart5.o

    ----------------------------------------------------------------------
     40102       4726       5402       1464      31120     578238   Object Totals
         0          0         32          0          0          0   (incl. Generated)
        46          0          3          6          4          0   (incl. Padding)

    ----------------------------------------------------------------------

      Code (inc. data)   RO Data    RW Data    ZI Data      Debug   Library Member Name

        24          4          0          0          0         84   __2printf.o
        44          6          0          0          0         84   __2sprintf.o
        90          0          0          0          0          0   __dczerorl2.o
         8          0          0          0          0         68   __main.o
       392          4         17          0          0         92   __printf_flags_ss_wp.o
        14          0          0          0          0         68   __printf_wp.o
         0          0          0          0          0          0   __rtentry.o
        12          0          0          0          0          0   __rtentry2.o
         6          0          0          0          0          0   __rtentry4.o
        52          8          0          0          0          0   __scatter.o
        28          0          0          0          0          0   __scatter_zi.o
         6          0          0          0          0          0   _printf_a.o
         6          0          0          0          0          0   _printf_c.o
        44          0          0          0          0        108   _printf_char.o
        48          6          0          0          0         96   _printf_char_common.o
        36          4          0          0          0         80   _printf_char_file.o
        40          0          0          0          0         68   _printf_charcount.o
         6          0          0          0          0          0   _printf_d.o
       120         16          0          0          0         92   _printf_dec.o
         6          0          0          0          0          0   _printf_e.o
         6          0          0          0          0          0   _printf_f.o
      1054          0          0          0          0        216   _printf_fp_dec.o
       128         16          0          0          0         84   _printf_fp_infnan.o
         6          0          0          0          0          0   _printf_g.o
       148          4         40          0          0        160   _printf_hex_int_ll_ptr.o
         6          0          0          0          0          0   _printf_i.o
       178          0          0          0          0         88   _printf_intcommon.o
        10          0          0          0          0          0   _printf_l.o
         6          0          0          0          0          0   _printf_lc.o
        10          0          0          0          0          0   _printf_ll.o
         6          0          0          0          0          0   _printf_lld.o
         6          0          0          0          0          0   _printf_lli.o
         6          0          0          0          0          0   _printf_llo.o
         6          0          0          0          0          0   _printf_llu.o
         6          0          0          0          0          0   _printf_llx.o
       124         16          0          0          0         92   _printf_longlong_dec.o
         6          0          0          0          0          0   _printf_ls.o
         6          0          0          0          0          0   _printf_n.o
         6          0          0          0          0          0   _printf_o.o
       112         10          0          0          0        124   _printf_oct_int_ll.o
         6          0          0          0          0          0   _printf_p.o
        78          0          0          0          0        108   _printf_pad.o
         0          0          0          0          0          0   _printf_percent.o
         4          0          0          0          0          0   _printf_percent_end.o
         6          0          0          0          0          0   _printf_s.o
        82          0          0          0          0         80   _printf_str.o
        36          0          0          0          0         84   _printf_truncate.o
         6          0          0          0          0          0   _printf_u.o
        44          0          0          0          0        108   _printf_wchar.o
       188          6          8          0          0         92   _printf_wctomb.o
         6          0          0          0          0          0   _printf_x.o
        22          0          0          0          0        100   _rserrno.o
        16          0          0          0          0         68   _snputc.o
        10          0          0          0          0         68   _sputc.o
        64          0          0          0          0         92   _wcrtomb.o
        16          0          0          0          0         68   aeabi_memset.o
       228          4        148          0          0         96   bigflt0.o
      1936        128          0          0          0        672   btod.o
        52          4          0          0          0         80   c89vsnprintf.o
        18          0          0          0          0         80   exit.o
         8          0          0          0          0         68   ferror.o
         6          0          0          0          0        152   heapauxi.o
        44         10        272          0          0         76   lc_ctype_c.o
        44         10         28          0          0         76   lc_numeric_c.o
         2          0          0          0          0          0   libinit.o
        30          0          0          0          0          0   libinit2.o
         2          0          0          0          0          0   libshutdown.o
         2          0          0          0          0          0   libshutdown2.o
         8          4          0          0         96         68   libspace.o
        72          0          0          0          0         76   llsdiv.o
       138          0          0          0          0         80   lludiv10.o
       238          0          0          0          0        100   lludivv7m.o
        88          0          0          0          0         76   memcmp.o
        16          4          0          0          0         76   rt_ctype_table.o
         8          4          0          0          0         68   rt_errno_addr_intlibspace.o
         8          4          0          0          0         68   rt_locale_intlibspace.o
        68          0          0          0          0         68   rt_memclr.o
        78          0          0          0          0         80   rt_memclr_w.o
       138          0          0          0          0         68   rt_memcpy_v6.o
       100          0          0          0          0         80   rt_memcpy_w.o
         2          0          0          0          0          0   rtexit.o
        10          0          0          0          0          0   rtexit2.o
       128          0          0          0          0         68   strcmpv7m.o
        62          0          0          0          0         76   strlen.o
        36          0          0          0          0         80   strstr.o
        74          0          0          0          0         80   sys_stackheap_outer.o
         2          0          0          0          0         68   use_no_semi.o
         2          0          0          0          0         68   use_no_semi_2.o
        98          4          0          0          0         92   d2f.o
       826         16          0          0          0        348   daddsub_clz.o
        16          4          0          0          0         68   dcheck1.o
        24          0          0          0          0         68   dcmpi.o
       688        140          0          0          0        208   ddiv.o
        94          4          0          0          0         92   dfix.o
        90          4          0          0          0         92   dfixu.o
        84          0          0          0          0        136   dflt_clz.o
       120          4          0          0          0         92   dleqf.o
       340         12          0          0          0        104   dmul.o
       156          4          0          0          0         92   dnaninf.o
        12          0          0          0          0         68   dretinf.o
       108          0          0          0          0         80   drleqf.o
       460         56          0          0          0        120   dsqrt_noumaal.o
        86          4          0          0          0         84   f2d.o
       450          8          0          0          0        236   faddsub_clz.o
        24          0          0          0          0         68   fcmpi.o
       388         76          0          0          0         96   fdiv.o
       104          4          0          0          0         84   feqf.o
        54          4          0          0          0         84   ffix.o
        62          4          0          0          0         84   ffixu.o
        86          0          0          0          0        136   fflt_clz.o
       104          4          0          0          0         84   fleqf.o
       258          4          0          0          0         84   fmul.o
       140          4          0          0          0         84   fnaninf.o
        10          0          0          0          0         68   fretinf.o
        98          0          0          0          0         68   frleqf.o
         4          0          0          0          0         68   printf1.o
       100          0          0          0          0         68   retnan.o
        92          0          0          0          0         68   scalbn.o
        48          0          0          0          0         68   trapv.o
         0          0          0          0          0          0   usenofp.o
       624         52         80          0          0        168   asin.o
       544         70        152          0          0        124   atan.o
       384         38          0          0          0        144   atan2.o
        38          6          0          0          0        272   dunder.o
        40          0          0          0          0         68   fpclassify.o
       170          0          0          0          0         96   poly.o
         0          0          8          0          0          0   qnan.o
        76          0          0          0          0         84   sqrt.o

    ----------------------------------------------------------------------
     14186        798        758          0         96       9268   Library Totals
        36          0          5          0          0          0   (incl. Padding)

    ----------------------------------------------------------------------

      Code (inc. data)   RO Data    RW Data    ZI Data      Debug   Library Name

      7050        272        513          0         96       5120   c_w.l
      5224        360          0          0          0       3192   fz_ws.l
      1876        166        240          0          0        956   m_ws.l

    ----------------------------------------------------------------------
     14186        798        758          0         96       9268   Library Totals

    ----------------------------------------------------------------------

==============================================================================


      Code (inc. data)   RO Data    RW Data    ZI Data      Debug   

     54288       5524       6160       1464      31216     565350   Grand Totals
     54288       5524       6160        560      31216     565350   ELF Image Totals (compressed)
     54288       5524       6160        560          0          0   ROM Totals

==============================================================================

    Total RO  Size (Code + RO Data)                60448 (  59.03kB)
    Total RW  Size (RW Data + ZI Data)             32680 (  31.91kB)
    Total ROM Size (Code + RO Data + RW Data)      61008 (  59.58kB)

==============================================================================

