<html>
<body>
<pre>
<h1>µVision Build Log</h1>
<h2>Tool Versions:</h2>
IDE-Version: ¦ÌVision V5.30.0.0
Copyright (C) 2020 ARM Ltd and ARM Germany GmbH. All rights reserved.
License Information: qwe TOTHTOT, 11, LIC=HN0AE-5Y8MP-RATDM-XG5KQ-FZ8P8-V6WF7
 
Tool Versions:
Toolchain:       MDK-ARM Plus  Version: 5.30.0.0
Toolchain Path:  E:\Keil Programma\ARM\ARMCC\Bin
C Compiler:      Armcc.exe V5.06 update 6 (build 750)
Assembler:       Armasm.exe V5.06 update 6 (build 750)
Linker/Locator:  ArmLink.exe V5.06 update 6 (build 750)
Library Manager: ArmAr.exe V5.06 update 6 (build 750)
Hex Converter:   FromElf.exe V5.06 update 6 (build 750)
CPU DLL:         SARMCM3.DLL V5.30.0.0
Dialog DLL:      DCM.DLL V1.17.3.0
Target DLL:      STLink\ST-LINKIII-KEIL_SWO.dll V3.0.7.0
Dialog DLL:      TCM.DLL V1.42.0.0
 
<h2>Project:</h2>
E:\Github\4WD_CAR\RCT6_4ÂÖÐ¡³µ\USER\LED.uvprojx
Project File Date:  07/23/2022

<h2>Output:</h2>
*** Using Compiler 'V5.06 update 6 (build 750)', folder: 'E:\Keil Programma\ARM\ARMCC\Bin'
Build target 'Target 1'
compiling stm32f10x_it.c...
compiling system_stm32f10x.c...
compiling led.c...
compiling usart3.c...
compiling usart2.c...
compiling oled.c...
compiling timer.c...
compiling main.c...
..\HARDWARE\BEEP\music.h(80): warning:  #1-D: last line of file ends without a newline
  					  								  					  
main.c: 1 warning, 0 errors
compiling usart5.c...
compiling pid.c...
compiling adc.c...
compiling tb6612.c...
compiling beep.c...
compiling key.c...
compiling tft.c...
compiling delay.c...
assembling startup_stm32f10x_hd.s...
compiling bsp_usart_dma.c...
compiling core_cm3.c...
compiling stm32f10x_usart.c...
compiling sys.c...
compiling stm32f10x_gpio.c...
compiling usart.c...
..\SYSTEM\usart\usart.c(293): warning:  #1-D: last line of file ends without a newline
  }
..\SYSTEM\usart\usart.c: 1 warning, 0 errors
compiling misc.c...
compiling stm32f10x_rcc.c...
compiling stm32f10x_exti.c...
compiling stm32f10x_tim.c...
compiling stm32f10x_adc.c...
compiling stm32f10x_dma.c...
compiling list.c...
compiling croutine.c...
compiling event_groups.c...
compiling queue.c...
compiling heap_4.c...
compiling stream_buffer.c...
compiling timers.c...
compiling tasks.c...
compiling port.c...
linking...
Program Size: Code=34560 RO-data=2696 RW-data=1416 ZI-data=24064  
FromELF: creating hex file...
"..\OBJ\LED.axf" - 0 Error(s), 2 Warning(s).

<h2>Software Packages used:</h2>

Package Vendor: Keil
                http://www.keil.com/pack/Keil.STM32F1xx_DFP.2.1.0.pack
                Keil.STM32F1xx_DFP.2.1.0
                STMicroelectronics STM32F1 Series Device Support, Drivers and Examples

<h2>Collection of Component include folders:</h2>
  .\RTE\_Target_1
  E:\Keil Programma\PACK\Keil\STM32F1xx_DFP\2.1.0\Device\Include

<h2>Collection of Component Files used:</h2>
Build Time Elapsed:  00:00:10
</pre>
</body>
</html>
